========================================================
                       DREAMPlace
            Yibo Lin (http://yibolin.com)
   David Z. Pan (http://users.ece.utexas.edu/~dpan)
========================================================
[INFO   ] DREAMPlace - parameters = {'aux_input': 'benchmarks/ispd2005/adaptec1/adaptec1.aux', 'lef_input': '', 'def_input': '', 'verilog_input': '', 'gpu': 1, 'num_bins_x': 512, 'num_bins_y': 512, 'global_place_stages': [{'num_bins_x': 512, 'num_bins_y': 512, 'iteration': 1000, 'learning_rate': 0.01, 'wirelength': 'weighted_average', 'optimizer': 'nesterov', 'Llambda_density_weight_iteration': 1, 'Lsub_iteration': 1}], 'target_density': 1.0, 'density_weight': 8e-05, 'random_seed': 1000, 'result_dir': 'alignfiller_n1n2_results', 'scale_factor': 1.0, 'shift_factor': [0.0, 0.0], 'ignore_net_degree': 100, 'gp_noise_ratio': 0.025, 'enable_fillers': 1, 'global_place_flag': 1, 'legalize_flag': 1, 'abacus_legalize_flag': 1, 'detailed_place_flag': 1, 'stop_overflow': 0.07, 'dtype': 'float32', 'detailed_place_engine': '', 'detailed_place_command': '', 'plot_flag': 1, 'connectivity_grid_init_flag': 1, 'conn_init_sweeps': 32, 'conn_init_damping': 0.7, 'conn_capacity_spread_flag': 1, 'conn_spread_leaf_size': 16, 'conn_spread_density_slack': 1.5, 'conn_obstacle_project_flag': 1, 'conn_shrink_scale': 0, 'gamma_warmup_iters': 0, 'gamma_monotone_flag': 0, 'density_weight_warmup_iters': 0, 'random_uniform_init_flag': 0, 'filler_init_density_aware_flag': 1, 'initial_density_weight_absolute': 0.000102946, 'plot_iteration_interval': 40, 'RePlAce_ref_hpwl': 350000, 'RePlAce_LOWER_PCOF': 0.95, 'RePlAce_UPPER_PCOF': 1.05, 'gamma': 4.0, 'RePlAce_skip_energy_flag': 0, 'random_center_init_flag': 0, 'gift_init_flag': 0, 'gift_init_scale': 0.7, 'sort_nets_by_degree': 0, 'num_threads': 8, 'dump_global_place_solution_flag': 0, 'dump_legalize_solution_flag': 0, 'routability_opt_flag': 0, 'route_num_bins_x': 512, 'route_num_bins_y': 512, 'node_area_adjust_overflow': 0.15, 'max_num_area_adjust': 3, 'adjust_nctugr_area_flag': 0, 'adjust_rudy_area_flag': 1, 'adjust_pin_area_flag': 1, 'area_adjust_stop_ratio': 0.01, 'route_area_adjust_stop_ratio': 0.01, 'pin_area_adjust_stop_ratio': 0.05, 'unit_horizontal_capacity': 1.5625, 'unit_vertical_capacity': 1.45, 'unit_pin_capacity': 0.058, 'max_route_opt_adjust_rate': 2.0, 'route_opt_adjust_exponent': 2.0, 'pin_stretch_ratio': 1.414213562, 'max_pin_opt_adjust_rate': 1.5, 'deterministic_flag': 1, 'timing_opt_flag': 0, 'early_lib_input': '', 'late_lib_input': '', 'lib_input': '', 'sdc_input': '', 'wire_resistance_per_micron': 0, 'wire_capacitance_per_micron': 0, 'net_weighting_scheme': 'lilith', 'momentum_decay_factor': 0.5, 'enable_net_weighting': 1, 'max_net_weight': 'inf', 'use_bb': 'auto', 'macro_place_flag': 'auto', 'two_stage_density_scaler': 1000, 'macro_halo_x': 0, 'macro_halo_y': 0}
[INFO   ] DREAMPlace - set shift_factor = (459, 459), as original row bbox = (459, 459, 11151, 11139)
[INFO   ] DREAMPlace - set scale_factor = 1, as site_width = 1
[INFO   ] DREAMPlace - shift coordinate system by (459, 459), scale coordinate system by 1
[INFO   ] DREAMPlace - 
================================= Benchmark Statistics =================================
#nodes = 211447, #terminals = 543, # terminal_NIs = 0, #movable = 210904, #nets = 221142
die area = (0, 0, 10692, 10680) 1.14191e+08
row height = 12, site width = 1
#pins = 919701, #movable_pins = 905028
total_movable_node_area = 3.72863e+07, total_fixed_node_area = 4.91641e+07, total_space_area = 6.50265e+07
total_movable_cell_area = 3.72863e+07, total_movable_macro_area = 0
utilization = 0.573402, cell utilization = 0.573402, target_density = 1
use placeable_area = 6.50265e+07 to compute fillers
total_filler_node_area = 2.77402e+07, #fillers = 160067, filler sizes = 14.442x12
num_bins = 512x512, bin sizes = 1.74023x1.73828
========================================================================================
[INFO   ] DREAMPlace - reading benchmark takes 7.91161 seconds
[INFO   ] DREAMPlace - reading database takes 7.91 seconds
[INFO   ] DREAMPlace - connectivity grid init: obstacle projection enabled
[INFO   ] DREAMPlace - connectivity grid init: 32 sweeps done
[INFO   ] DREAMPlace - connectivity grid init: capacity spread, fill 0.571, cap_frac 0.856, 449893 free anchors, 210904 std cells, 0 movable macros kept at field
[INFO   ] DREAMPlace - connectivity grid init: 449893 feasible anchors
[INFO   ] DREAMPlace - density-aware filler seeding over 64x64 grid
[INFO   ] DREAMPlace - non-linear placement initialization takes 18.55 seconds
[INFO   ] DREAMPlace - Global placement: 512x512 bins by default
[INFO   ] DREAMPlace - 512x512 bins #bins 512x512, bin sizes 1.74023x1.73828, max_num_bins = 6, padding = 0
[INFO   ] dreamplace.ops.electric_potential.electric_potential - regard 0 cells as movable macros in global placement
[WARNING] DREAMPlace - quadratic density penalty is disabled, density weight update is forced to be based on HPWL
[INFO   ] DREAMPlace - Optimizer 'nesterov' does not rebuild the model. Every training epoch calls the function 'step()'.
[INFO   ] DREAMPlace - use nesterov optimizer
[INFO   ] DREAMPlace - add 2.5% noise
[INFO   ] dreamplace.ops.electric_potential.electric_potential - fixed density map: average 187.546, max 435.602, bin area 435.602
[INFO   ] DREAMPlace - nesterov initialization takes 0.310307 seconds
[INFO   ] DREAMPlace - state-aligned initial density weight = 1.029460E-04
[INFO   ] DREAMPlace - density_weight = 1.029460E-04
[INFO   ] DREAMPlace - plotting to alignfiller_n1n2_results/adaptec1/plot/iter0000.png takes 2.389 seconds
[INFO   ] DREAMPlace - optimizer step 282.045 ms
[INFO   ] DREAMPlace - iteration    0, (   0,  0,  0), Obj 1.423128E+08, DensityWeight 0.000000E+00, wHPWL 3.452729E+08, Overflow 5.302665E-01, MaxDensity 3.235E+01, gamma 1.669688E+03, time 11.842ms
[INFO   ] DREAMPlace - full step 2707.560 ms
[INFO   ] DREAMPlace - optimizer step 323.020 ms
[INFO   ] DREAMPlace - iteration    1, (   1,  0,  0), Obj 7.838972E+07, DensityWeight 1.029460E-04, wHPWL 2.793533E+08, Overflow 4.129093E-01, MaxDensity 5.526E+00, gamma 1.509326E+02, time 63.106ms
[INFO   ] DREAMPlace - full step 393.523 ms
[INFO   ] DREAMPlace - optimizer step 175.402 ms
[INFO   ] DREAMPlace - iteration    2, (   2,  0,  0), Obj 2.322086E+08, DensityWeight 1.080717E-04, wHPWL 2.651410E+08, Overflow 3.998481E-01, MaxDensity 4.881E+00, gamma 8.279217E+01, time 21.023ms
[INFO   ] DREAMPlace - full step 200.912 ms
[INFO   ] DREAMPlace - optimizer step 152.432 ms
[INFO   ] DREAMPlace - iteration    3, (   3,  0,  0), Obj 2.142657E+08, DensityWeight 1.134412E-04, wHPWL 2.308622E+08, Overflow 4.258277E-01, MaxDensity 7.117E+00, gamma 7.743981E+01, time 4.188ms
[INFO   ] DREAMPlace - full step 163.954 ms
[INFO   ] DREAMPlace - optimizer step 40.663 ms
[INFO   ] DREAMPlace - iteration    4, (   4,  0,  0), Obj 1.984016E+08, DensityWeight 1.190657E-04, wHPWL 2.140916E+08, Overflow 4.393553E-01, MaxDensity 8.696E+00, gamma 8.844975E+01, time 85.763ms
[INFO   ] DREAMPlace - full step 131.141 ms
[INFO   ] DREAMPlace - optimizer step 19.784 ms
[INFO   ] DREAMPlace - iteration    5, (   5,  0,  0), Obj 1.851011E+08, DensityWeight 1.249564E-04, wHPWL 2.033909E+08, Overflow 4.478389E-01, MaxDensity 1.372E+01, gamma 9.478902E+01, time 4.446ms
[INFO   ] DREAMPlace - full step 31.547 ms
[INFO   ] DREAMPlace - optimizer step 34.331 ms
[INFO   ] DREAMPlace - iteration    6, (   6,  0,  0), Obj 1.747343E+08, DensityWeight 1.311256E-04, wHPWL 1.945928E+08, Overflow 4.566160E-01, MaxDensity 1.817E+01, gamma 9.899436E+01, time 0.678ms
[INFO   ] DREAMPlace - full step 40.082 ms
[INFO   ] DREAMPlace - optimizer step 21.045 ms
[INFO   ] DREAMPlace - iteration    7, (   7,  0,  0), Obj 1.655662E+08, DensityWeight 1.375855E-04, wHPWL 1.859455E+08, Overflow 4.646190E-01, MaxDensity 1.889E+01, gamma 1.035417E+02, time 5.135ms
[INFO   ] DREAMPlace - full step 33.511 ms
[INFO   ] DREAMPlace - optimizer step 25.288 ms
[INFO   ] DREAMPlace - iteration    8, (   8,  0,  0), Obj 1.582869E+08, DensityWeight 1.443492E-04, wHPWL 1.796602E+08, Overflow 4.694940E-01, MaxDensity 1.651E+01, gamma 1.078698E+02, time 37.884ms
[INFO   ] DREAMPlace - full step 66.522 ms
[INFO   ] DREAMPlace - optimizer step 18.344 ms
[INFO   ] DREAMPlace - iteration    9, (   9,  0,  0), Obj 1.517487E+08, DensityWeight 1.514303E-04, wHPWL 1.737168E+08, Overflow 4.708252E-01, MaxDensity 1.949E+01, gamma 1.105944E+02, time 5.124ms
[INFO   ] DREAMPlace - full step 30.849 ms
[INFO   ] DREAMPlace - optimizer step 32.847 ms
[INFO   ] DREAMPlace - iteration   10, (  10,  0,  0), Obj 1.463512E+08, DensityWeight 1.588429E-04, wHPWL 1.689973E+08, Overflow 4.708655E-01, MaxDensity 1.676E+01, gamma 1.113503E+02, time 10.214ms
[INFO   ] DREAMPlace - full step 50.503 ms
[INFO   ] DREAMPlace - optimizer step 41.721 ms
[INFO   ] DREAMPlace - iteration   11, (  11,  0,  0), Obj 1.417893E+08, DensityWeight 1.666017E-04, wHPWL 1.645876E+08, Overflow 4.682598E-01, MaxDensity 1.794E+01, gamma 1.113732E+02, time 5.100ms
[INFO   ] DREAMPlace - full step 54.168 ms
[INFO   ] DREAMPlace - optimizer step 23.215 ms
[INFO   ] DREAMPlace - iteration   12, (  12,  0,  0), Obj 1.379041E+08, DensityWeight 1.747220E-04, wHPWL 1.609565E+08, Overflow 4.664481E-01, MaxDensity 1.485E+01, gamma 1.098981E+02, time 5.240ms
[INFO   ] DREAMPlace - full step 31.946 ms
[INFO   ] DREAMPlace - optimizer step 40.777 ms
[INFO   ] DREAMPlace - iteration   13, (  13,  0,  0), Obj 1.342389E+08, DensityWeight 1.832197E-04, wHPWL 1.570830E+08, Overflow 4.631768E-01, MaxDensity 1.983E+01, gamma 1.088840E+02, time 5.147ms
[INFO   ] DREAMPlace - full step 52.541 ms
[INFO   ] DREAMPlace - optimizer step 21.966 ms
[INFO   ] DREAMPlace - iteration   14, (  14,  0,  0), Obj 1.308552E+08, DensityWeight 1.921115E-04, wHPWL 1.536177E+08, Overflow 4.619548E-01, MaxDensity 1.631E+01, gamma 1.070766E+02, time 92.570ms
[INFO   ] DREAMPlace - full step 120.206 ms
[INFO   ] DREAMPlace - optimizer step 18.646 ms
[INFO   ] DREAMPlace - iteration   15, (  15,  0,  0), Obj 1.275980E+08, DensityWeight 2.014147E-04, wHPWL 1.499836E+08, Overflow 4.618576E-01, MaxDensity 1.913E+01, gamma 1.064092E+02, time 5.160ms
[INFO   ] DREAMPlace - full step 31.156 ms
[INFO   ] DREAMPlace - optimizer step 2.482 ms
[INFO   ] DREAMPlace - iteration   16, (  16,  0,  0), Obj 1.245803E+08, DensityWeight 2.111474E-04, wHPWL 1.468032E+08, Overflow 4.607815E-01, MaxDensity 1.625E+01, gamma 1.063563E+02, time 5.210ms
[INFO   ] DREAMPlace - full step 10.508 ms
[INFO   ] DREAMPlace - optimizer step 22.983 ms
[INFO   ] DREAMPlace - iteration   17, (  17,  0,  0), Obj 1.215036E+08, DensityWeight 2.213281E-04, wHPWL 1.435288E+08, Overflow 4.588941E-01, MaxDensity 1.536E+01, gamma 1.057723E+02, time 0.659ms
[INFO   ] DREAMPlace - full step 46.527 ms
[INFO   ] DREAMPlace - optimizer step 18.640 ms
[INFO   ] DREAMPlace - iteration   18, (  18,  0,  0), Obj 1.187494E+08, DensityWeight 2.319766E-04, wHPWL 1.405570E+08, Overflow 4.595378E-01, MaxDensity 1.339E+01, gamma 1.047557E+02, time 5.113ms
[INFO   ] DREAMPlace - full step 31.116 ms
[INFO   ] DREAMPlace - optimizer step 49.507 ms
[INFO   ] DREAMPlace - iteration   19, (  19,  0,  0), Obj 1.163133E+08, DensityWeight 2.431130E-04, wHPWL 1.378100E+08, Overflow 4.591559E-01, MaxDensity 1.174E+01, gamma 1.051013E+02, time 3.360ms
[INFO   ] DREAMPlace - full step 58.078 ms
[INFO   ] DREAMPlace - optimizer step 18.769 ms
[INFO   ] DREAMPlace - iteration   20, (  20,  0,  0), Obj 1.139023E+08, DensityWeight 2.547586E-04, wHPWL 1.353635E+08, Overflow 4.583237E-01, MaxDensity 1.158E+01, gamma 1.048961E+02, time 5.103ms
[INFO   ] DREAMPlace - full step 31.214 ms
[INFO   ] DREAMPlace - optimizer step 52.812 ms
[INFO   ] DREAMPlace - iteration   21, (  21,  0,  0), Obj 1.115625E+08, DensityWeight 2.669354E-04, wHPWL 1.328284E+08, Overflow 4.565254E-01, MaxDensity 1.080E+01, gamma 1.044504E+02, time 3.518ms
[INFO   ] DREAMPlace - full step 61.399 ms
[INFO   ] DREAMPlace - optimizer step 22.471 ms
[INFO   ] DREAMPlace - iteration   22, (  22,  0,  0), Obj 1.095108E+08, DensityWeight 2.796662E-04, wHPWL 1.306394E+08, Overflow 4.530419E-01, MaxDensity 1.161E+01, gamma 1.034937E+02, time 5.109ms
[INFO   ] DREAMPlace - full step 34.954 ms
[INFO   ] DREAMPlace - optimizer step 120.140 ms
[INFO   ] DREAMPlace - iteration   23, (  23,  0,  0), Obj 1.077185E+08, DensityWeight 2.929748E-04, wHPWL 1.286346E+08, Overflow 4.486398E-01, MaxDensity 1.089E+01, gamma 1.016653E+02, time 47.305ms
[INFO   ] DREAMPlace - full step 174.747 ms
[INFO   ] DREAMPlace - optimizer step 139.770 ms
[INFO   ] DREAMPlace - iteration   24, (  24,  0,  0), Obj 1.061771E+08, DensityWeight 3.068861E-04, wHPWL 1.268095E+08, Overflow 4.442337E-01, MaxDensity 1.071E+01, gamma 9.940087E+01, time 25.660ms
[INFO   ] DREAMPlace - full step 172.792 ms
[INFO   ] DREAMPlace - optimizer step 20.101 ms
[INFO   ] DREAMPlace - iteration   25, (  25,  0,  0), Obj 1.047749E+08, DensityWeight 3.214258E-04, wHPWL 1.250087E+08, Overflow 4.402937E-01, MaxDensity 1.033E+01, gamma 9.718492E+01, time 5.143ms
[INFO   ] DREAMPlace - full step 32.608 ms
[INFO   ] DREAMPlace - optimizer step 22.526 ms
[INFO   ] DREAMPlace - iteration   26, (  26,  0,  0), Obj 1.034571E+08, DensityWeight 3.366208E-04, wHPWL 1.233229E+08, Overflow 4.382522E-01, MaxDensity 9.445E+00, gamma 9.524525E+01, time 35.809ms
[INFO   ] DREAMPlace - full step 65.713 ms
[INFO   ] DREAMPlace - optimizer step 24.639 ms
[INFO   ] DREAMPlace - iteration   27, (  27,  0,  0), Obj 1.021285E+08, DensityWeight 3.524987E-04, wHPWL 1.216086E+08, Overflow 4.367056E-01, MaxDensity 8.819E+00, gamma 9.425552E+01, time 5.102ms
[INFO   ] DREAMPlace - full step 37.094 ms
[INFO   ] DREAMPlace - optimizer step 46.251 ms
[INFO   ] DREAMPlace - iteration   28, (  28,  0,  0), Obj 1.007546E+08, DensityWeight 3.690887E-04, wHPWL 1.199943E+08, Overflow 4.360797E-01, MaxDensity 9.613E+00, gamma 9.351254E+01, time 100.520ms
[INFO   ] DREAMPlace - full step 174.739 ms
[INFO   ] DREAMPlace - optimizer step 62.032 ms
[INFO   ] DREAMPlace - iteration   29, (  29,  0,  0), Obj 9.938767E+07, DensityWeight 3.864208E-04, wHPWL 1.183805E+08, Overflow 4.354772E-01, MaxDensity 1.051E+01, gamma 9.321352E+01, time 5.139ms
[INFO   ] DREAMPlace - full step 74.489 ms
[INFO   ] DREAMPlace - optimizer step 21.533 ms
[INFO   ] DREAMPlace - iteration   30, (  30,  0,  0), Obj 9.811114E+07, DensityWeight 4.045265E-04, wHPWL 1.169687E+08, Overflow 4.352158E-01, MaxDensity 8.727E+00, gamma 9.292658E+01, time 5.126ms
[INFO   ] DREAMPlace - full step 34.016 ms
[INFO   ] DREAMPlace - optimizer step 43.803 ms
[INFO   ] DREAMPlace - iteration   31, (  31,  0,  0), Obj 9.692379E+07, DensityWeight 4.234380E-04, wHPWL 1.156351E+08, Overflow 4.327202E-01, MaxDensity 8.834E+00, gamma 9.280238E+01, time 5.234ms
[INFO   ] DREAMPlace - full step 56.370 ms
[INFO   ] DREAMPlace - optimizer step 29.647 ms
[INFO   ] DREAMPlace - iteration   32, (  32,  0,  0), Obj 9.582654E+07, DensityWeight 4.431893E-04, wHPWL 1.144658E+08, Overflow 4.287350E-01, MaxDensity 9.644E+00, gamma 9.162489E+01, time 5.754ms
[INFO   ] DREAMPlace - full step 63.816 ms
[INFO   ] DREAMPlace - optimizer step 22.101 ms
[INFO   ] DREAMPlace - iteration   33, (  33,  0,  0), Obj 9.493679E+07, DensityWeight 4.638156E-04, wHPWL 1.133541E+08, Overflow 4.217975E-01, MaxDensity 1.021E+01, gamma 8.977541E+01, time 5.455ms
[INFO   ] DREAMPlace - full step 34.965 ms
[INFO   ] DREAMPlace - optimizer step 55.428 ms
[INFO   ] DREAMPlace - iteration   34, (  34,  0,  0), Obj 9.427238E+07, DensityWeight 4.853533E-04, wHPWL 1.124307E+08, Overflow 4.162231E-01, MaxDensity 8.111E+00, gamma 8.664445E+01, time 5.139ms
[INFO   ] DREAMPlace - full step 67.971 ms
[INFO   ] DREAMPlace - optimizer step 22.379 ms
[INFO   ] DREAMPlace - iteration   35, (  35,  0,  0), Obj 9.383574E+07, DensityWeight 5.078403E-04, wHPWL 1.115439E+08, Overflow 4.110104E-01, MaxDensity 7.471E+00, gamma 8.420799E+01, time 5.189ms
[INFO   ] DREAMPlace - full step 34.944 ms
[INFO   ] DREAMPlace - optimizer step 42.873 ms
[INFO   ] DREAMPlace - iteration   36, (  36,  0,  0), Obj 9.335652E+07, DensityWeight 5.313160E-04, wHPWL 1.106977E+08, Overflow 4.070680E-01, MaxDensity 7.712E+00, gamma 8.199163E+01, time 5.188ms
[INFO   ] DREAMPlace - full step 55.426 ms
[INFO   ] DREAMPlace - optimizer step 40.138 ms
[INFO   ] DREAMPlace - iteration   37, (  37,  0,  0), Obj 9.278222E+07, DensityWeight 5.558213E-04, wHPWL 1.097377E+08, Overflow 4.042707E-01, MaxDensity 7.031E+00, gamma 8.035419E+01, time 23.697ms
[INFO   ] DREAMPlace - full step 71.167 ms
[INFO   ] DREAMPlace - optimizer step 24.948 ms
[INFO   ] DREAMPlace - iteration   38, (  38,  0,  0), Obj 9.213202E+07, DensityWeight 5.813988E-04, wHPWL 1.087743E+08, Overflow 4.029397E-01, MaxDensity 7.203E+00, gamma 7.921227E+01, time 5.132ms
[INFO   ] DREAMPlace - full step 35.237 ms
[INFO   ] DREAMPlace - optimizer step 52.625 ms
[INFO   ] DREAMPlace - iteration   39, (  39,  0,  0), Obj 9.145484E+07, DensityWeight 6.080924E-04, wHPWL 1.078554E+08, Overflow 4.012294E-01, MaxDensity 6.992E+00, gamma 7.867459E+01, time 5.167ms
[INFO   ] DREAMPlace - full step 63.006 ms
[INFO   ] DREAMPlace - plotting to alignfiller_n1n2_results/adaptec1/plot/iter0040.png takes 2.251 seconds
[INFO   ] DREAMPlace - optimizer step 22.547 ms
[INFO   ] DREAMPlace - iteration   40, (  40,  0,  0), Obj 9.071492E+07, DensityWeight 6.359480E-04, wHPWL 1.069635E+08, Overflow 3.984402E-01, MaxDensity 7.037E+00, gamma 7.798907E+01, time 42.785ms
[INFO   ] DREAMPlace - full step 2326.462 ms
[INFO   ] DREAMPlace - optimizer step 27.614 ms
[INFO   ] DREAMPlace - iteration   41, (  41,  0,  0), Obj 9.002579E+07, DensityWeight 6.650132E-04, wHPWL 1.061044E+08, Overflow 3.956112E-01, MaxDensity 7.067E+00, gamma 7.688395E+01, time 3.282ms
[INFO   ] DREAMPlace - full step 58.040 ms
[INFO   ] DREAMPlace - optimizer step 22.475 ms
[INFO   ] DREAMPlace - iteration   42, (  42,  0,  0), Obj 8.947457E+07, DensityWeight 6.953371E-04, wHPWL 1.053533E+08, Overflow 3.906339E-01, MaxDensity 6.737E+00, gamma 7.577900E+01, time 5.125ms
[INFO   ] DREAMPlace - full step 34.976 ms
[INFO   ] DREAMPlace - optimizer step 52.150 ms
[INFO   ] DREAMPlace - iteration   43, (  43,  0,  0), Obj 8.899718E+07, DensityWeight 7.269710E-04, wHPWL 1.046768E+08, Overflow 3.848422E-01, MaxDensity 6.643E+00, gamma 7.387345E+01, time 5.121ms
[INFO   ] DREAMPlace - full step 64.634 ms
[INFO   ] DREAMPlace - optimizer step 20.188 ms
[INFO   ] DREAMPlace - iteration   44, (  44,  0,  0), Obj 8.863452E+07, DensityWeight 7.599681E-04, wHPWL 1.040084E+08, Overflow 3.800505E-01, MaxDensity 6.359E+00, gamma 7.171631E+01, time 5.147ms
[INFO   ] DREAMPlace - full step 32.714 ms
[INFO   ] DREAMPlace - optimizer step 42.532 ms
[INFO   ] DREAMPlace - iteration   45, (  45,  0,  0), Obj 8.836378E+07, DensityWeight 7.943835E-04, wHPWL 1.033711E+08, Overflow 3.762519E-01, MaxDensity 6.545E+00, gamma 6.997929E+01, time 5.125ms
[INFO   ] DREAMPlace - full step 55.004 ms
[INFO   ] DREAMPlace - optimizer step 20.591 ms
[INFO   ] DREAMPlace - iteration   46, (  46,  0,  0), Obj 8.804166E+07, DensityWeight 8.302744E-04, wHPWL 1.027445E+08, Overflow 3.722753E-01, MaxDensity 6.801E+00, gamma 6.863227E+01, time 5.094ms
[INFO   ] DREAMPlace - full step 33.065 ms
[INFO   ] DREAMPlace - optimizer step 42.724 ms
[INFO   ] DREAMPlace - iteration   47, (  47,  0,  0), Obj 8.765887E+07, DensityWeight 8.677002E-04, wHPWL 1.020796E+08, Overflow 3.687069E-01, MaxDensity 6.629E+00, gamma 6.724987E+01, time 5.121ms
[INFO   ] DREAMPlace - full step 55.234 ms
[INFO   ] DREAMPlace - optimizer step 74.352 ms
[INFO   ] DREAMPlace - iteration   48, (  48,  0,  0), Obj 8.729158E+07, DensityWeight 9.067223E-04, wHPWL 1.014389E+08, Overflow 3.662258E-01, MaxDensity 6.043E+00, gamma 6.603311E+01, time 5.171ms
[INFO   ] DREAMPlace - full step 84.903 ms
[INFO   ] DREAMPlace - optimizer step 22.356 ms
[INFO   ] DREAMPlace - iteration   49, (  49,  0,  0), Obj 8.696749E+07, DensityWeight 9.474044E-04, wHPWL 1.008623E+08, Overflow 3.619516E-01, MaxDensity 5.635E+00, gamma 6.520008E+01, time 5.231ms
[INFO   ] DREAMPlace - full step 30.760 ms
[INFO   ] DREAMPlace - optimizer step 44.743 ms
[INFO   ] DREAMPlace - iteration   50, (  50,  0,  0), Obj 8.661253E+07, DensityWeight 9.898129E-04, wHPWL 1.003323E+08, Overflow 3.569146E-01, MaxDensity 6.194E+00, gamma 6.378959E+01, time 7.527ms
[INFO   ] DREAMPlace - full step 59.633 ms
[INFO   ] DREAMPlace - optimizer step 24.837 ms
[INFO   ] DREAMPlace - iteration   51, (  51,  0,  0), Obj 8.635278E+07, DensityWeight 1.034016E-03, wHPWL 9.980255E+07, Overflow 3.533550E-01, MaxDensity 5.773E+00, gamma 6.216650E+01, time 5.129ms
[INFO   ] DREAMPlace - full step 37.181 ms
[INFO   ] DREAMPlace - optimizer step 52.537 ms
[INFO   ] DREAMPlace - iteration   52, (  52,  0,  0), Obj 8.618296E+07, DensityWeight 1.080086E-03, wHPWL 9.935169E+07, Overflow 3.491970E-01, MaxDensity 6.733E+00, gamma 6.104448E+01, time 5.081ms
[INFO   ] DREAMPlace - full step 64.802 ms
[INFO   ] DREAMPlace - optimizer step 22.424 ms
[INFO   ] DREAMPlace - iteration   53, (  53,  0,  0), Obj 8.595618E+07, DensityWeight 1.128095E-03, wHPWL 9.889515E+07, Overflow 3.457075E-01, MaxDensity 5.638E+00, gamma 5.975943E+01, time 5.117ms
[INFO   ] DREAMPlace - full step 60.448 ms
[INFO   ] DREAMPlace - optimizer step 29.557 ms
[INFO   ] DREAMPlace - iteration   54, (  54,  0,  0), Obj 8.571449E+07, DensityWeight 1.178120E-03, wHPWL 9.840246E+07, Overflow 3.413812E-01, MaxDensity 5.706E+00, gamma 5.870186E+01, time 5.135ms
[INFO   ] DREAMPlace - full step 41.971 ms
[INFO   ] DREAMPlace - optimizer step 46.333 ms
[INFO   ] DREAMPlace - iteration   55, (  55,  0,  0), Obj 8.547402E+07, DensityWeight 1.230241E-03, wHPWL 9.791972E+07, Overflow 3.372200E-01, MaxDensity 5.778E+00, gamma 5.741665E+01, time 5.149ms
[INFO   ] DREAMPlace - full step 58.760 ms
[INFO   ] DREAMPlace - optimizer step 22.481 ms
[INFO   ] DREAMPlace - iteration   56, (  56,  0,  0), Obj 8.528339E+07, DensityWeight 1.284539E-03, wHPWL 9.747582E+07, Overflow 3.325022E-01, MaxDensity 5.851E+00, gamma 5.620705E+01, time 5.153ms
[INFO   ] DREAMPlace - full step 34.897 ms
[INFO   ] DREAMPlace - optimizer step 25.831 ms
[INFO   ] DREAMPlace - iteration   57, (  57,  0,  0), Obj 8.512744E+07, DensityWeight 1.341100E-03, wHPWL 9.707281E+07, Overflow 3.289250E-01, MaxDensity 5.763E+00, gamma 5.486643E+01, time 4.861ms
[INFO   ] DREAMPlace - full step 62.686 ms
[INFO   ] DREAMPlace - optimizer step 67.501 ms
[INFO   ] DREAMPlace - iteration   58, (  58,  0,  0), Obj 8.499029E+07, DensityWeight 1.400011E-03, wHPWL 9.667914E+07, Overflow 3.237399E-01, MaxDensity 5.149E+00, gamma 5.387128E+01, time 5.137ms
[INFO   ] DREAMPlace - full step 79.900 ms
[INFO   ] DREAMPlace - optimizer step 29.480 ms
[INFO   ] DREAMPlace - iteration   59, (  59,  0,  0), Obj 8.481878E+07, DensityWeight 1.461363E-03, wHPWL 9.628790E+07, Overflow 3.190695E-01, MaxDensity 5.247E+00, gamma 5.246082E+01, time 5.151ms
[INFO   ] DREAMPlace - full step 41.810 ms
[INFO   ] DREAMPlace - optimizer step 26.957 ms
[INFO   ] DREAMPlace - iteration   60, (  60,  0,  0), Obj 8.470522E+07, DensityWeight 1.525252E-03, wHPWL 9.589310E+07, Overflow 3.140860E-01, MaxDensity 5.458E+00, gamma 5.122197E+01, time 15.857ms
[INFO   ] DREAMPlace - full step 50.196 ms
[INFO   ] DREAMPlace - optimizer step 31.236 ms
[INFO   ] DREAMPlace - iteration   61, (  61,  0,  0), Obj 8.461829E+07, DensityWeight 1.591774E-03, wHPWL 9.554759E+07, Overflow 3.101325E-01, MaxDensity 5.493E+00, gamma 4.993233E+01, time 5.175ms
[INFO   ] DREAMPlace - full step 43.371 ms
[INFO   ] DREAMPlace - optimizer step 22.497 ms
[INFO   ] DREAMPlace - iteration   62, (  62,  0,  0), Obj 8.453050E+07, DensityWeight 1.661032E-03, wHPWL 9.520057E+07, Overflow 3.069075E-01, MaxDensity 5.440E+00, gamma 4.893239E+01, time 5.131ms
[INFO   ] DREAMPlace - full step 34.856 ms
[INFO   ] DREAMPlace - optimizer step 26.992 ms
[INFO   ] DREAMPlace - iteration   63, (  63,  0,  0), Obj 8.441546E+07, DensityWeight 1.733130E-03, wHPWL 9.485782E+07, Overflow 3.043495E-01, MaxDensity 5.763E+00, gamma 4.813153E+01, time 34.552ms
[INFO   ] DREAMPlace - full step 68.763 ms
[INFO   ] DREAMPlace - optimizer step 50.538 ms
[INFO   ] DREAMPlace - iteration   64, (  64,  0,  0), Obj 8.428064E+07, DensityWeight 1.808176E-03, wHPWL 9.454187E+07, Overflow 3.018666E-01, MaxDensity 5.215E+00, gamma 4.750563E+01, time 5.126ms
[INFO   ] DREAMPlace - full step 62.873 ms
[INFO   ] DREAMPlace - optimizer step 31.152 ms
[INFO   ] DREAMPlace - iteration   65, (  65,  0,  0), Obj 8.413342E+07, DensityWeight 1.886284E-03, wHPWL 9.423297E+07, Overflow 2.984734E-01, MaxDensity 5.392E+00, gamma 4.690591E+01, time 28.761ms
[INFO   ] DREAMPlace - full step 84.756 ms
[INFO   ] DREAMPlace - optimizer step 31.237 ms
[INFO   ] DREAMPlace - iteration   66, (  66,  0,  0), Obj 8.400780E+07, DensityWeight 1.967568E-03, wHPWL 9.396745E+07, Overflow 2.943965E-01, MaxDensity 4.745E+00, gamma 4.609854E+01, time 5.145ms
[INFO   ] DREAMPlace - full step 43.629 ms
[INFO   ] DREAMPlace - optimizer step 46.662 ms
[INFO   ] DREAMPlace - iteration   67, (  67,  0,  0), Obj 8.393794E+07, DensityWeight 2.052151E-03, wHPWL 9.372614E+07, Overflow 2.902321E-01, MaxDensity 4.823E+00, gamma 4.514685E+01, time 5.222ms
[INFO   ] DREAMPlace - full step 59.108 ms
[INFO   ] DREAMPlace - optimizer step 24.950 ms
[INFO   ] DREAMPlace - iteration   68, (  68,  0,  0), Obj 8.391767E+07, DensityWeight 2.140155E-03, wHPWL 9.352430E+07, Overflow 2.853912E-01, MaxDensity 4.713E+00, gamma 4.419501E+01, time 5.136ms
[INFO   ] DREAMPlace - full step 37.302 ms
[INFO   ] DREAMPlace - optimizer step 24.915 ms
[INFO   ] DREAMPlace - iteration   69, (  69,  0,  0), Obj 8.390884E+07, DensityWeight 2.231710E-03, wHPWL 9.331886E+07, Overflow 2.813388E-01, MaxDensity 4.685E+00, gamma 4.311373E+01, time 3.417ms
[INFO   ] DREAMPlace - full step 33.500 ms
[INFO   ] DREAMPlace - optimizer step 22.427 ms
[INFO   ] DREAMPlace - iteration   70, (  70,  0,  0), Obj 8.391249E+07, DensityWeight 2.326948E-03, wHPWL 9.311258E+07, Overflow 2.778457E-01, MaxDensity 4.986E+00, gamma 4.222895E+01, time 5.153ms
[INFO   ] DREAMPlace - full step 34.829 ms
[INFO   ] DREAMPlace - optimizer step 22.470 ms
[INFO   ] DREAMPlace - iteration   71, (  71,  0,  0), Obj 8.388777E+07, DensityWeight 2.426009E-03, wHPWL 9.289422E+07, Overflow 2.742861E-01, MaxDensity 5.158E+00, gamma 4.148087E+01, time 5.169ms
[INFO   ] DREAMPlace - full step 34.908 ms
[INFO   ] DREAMPlace - optimizer step 22.473 ms
[INFO   ] DREAMPlace - iteration   72, (  72,  0,  0), Obj 8.383685E+07, DensityWeight 2.529034E-03, wHPWL 9.267917E+07, Overflow 2.712613E-01, MaxDensity 4.821E+00, gamma 4.073217E+01, time 5.153ms
[INFO   ] DREAMPlace - full step 34.833 ms
[INFO   ] DREAMPlace - optimizer step 22.469 ms
[INFO   ] DREAMPlace - iteration   73, (  73,  0,  0), Obj 8.378443E+07, DensityWeight 2.636170E-03, wHPWL 9.245504E+07, Overflow 2.674167E-01, MaxDensity 4.796E+00, gamma 4.010660E+01, time 0.821ms
[INFO   ] DREAMPlace - full step 38.201 ms
[INFO   ] DREAMPlace - optimizer step 22.530 ms
[INFO   ] DREAMPlace - iteration   74, (  74,  0,  0), Obj 8.373962E+07, DensityWeight 2.747570E-03, wHPWL 9.227086E+07, Overflow 2.644528E-01, MaxDensity 4.729E+00, gamma 3.932532E+01, time 5.069ms
[INFO   ] DREAMPlace - full step 34.881 ms
[INFO   ] DREAMPlace - optimizer step 16.773 ms
[INFO   ] DREAMPlace - iteration   75, (  75,  0,  0), Obj 8.371718E+07, DensityWeight 2.863391E-03, wHPWL 9.208830E+07, Overflow 2.597685E-01, MaxDensity 4.423E+00, gamma 3.873342E+01, time 5.147ms
[INFO   ] DREAMPlace - full step 29.183 ms
[INFO   ] DREAMPlace - optimizer step 22.581 ms
[INFO   ] DREAMPlace - iteration   76, (  76,  0,  0), Obj 8.367474E+07, DensityWeight 2.983797E-03, wHPWL 9.191451E+07, Overflow 2.557568E-01, MaxDensity 4.596E+00, gamma 3.781606E+01, time 5.193ms
[INFO   ] DREAMPlace - full step 35.058 ms
[INFO   ] DREAMPlace - optimizer step 17.433 ms
[INFO   ] DREAMPlace - iteration   77, (  77,  0,  0), Obj 8.367218E+07, DensityWeight 3.108954E-03, wHPWL 9.172910E+07, Overflow 2.522124E-01, MaxDensity 4.743E+00, gamma 3.704772E+01, time 5.139ms
[INFO   ] DREAMPlace - full step 29.865 ms
[INFO   ] DREAMPlace - optimizer step 22.439 ms
[INFO   ] DREAMPlace - iteration   78, (  78,  0,  0), Obj 8.366354E+07, DensityWeight 3.239037E-03, wHPWL 9.155766E+07, Overflow 2.498422E-01, MaxDensity 5.035E+00, gamma 3.638186E+01, time 5.119ms
[INFO   ] DREAMPlace - full step 34.890 ms
[INFO   ] DREAMPlace - optimizer step 22.333 ms
[INFO   ] DREAMPlace - iteration   79, (  79,  0,  0), Obj 8.363559E+07, DensityWeight 3.374226E-03, wHPWL 9.138227E+07, Overflow 2.469525E-01, MaxDensity 4.184E+00, gamma 3.594328E+01, time 5.116ms
[INFO   ] DREAMPlace - full step 32.553 ms
[INFO   ] DREAMPlace - plotting to alignfiller_n1n2_results/adaptec1/plot/iter0080.png takes 1.479 seconds
[INFO   ] DREAMPlace - optimizer step 21.645 ms
[INFO   ] DREAMPlace - iteration   80, (  80,  0,  0), Obj 8.357790E+07, DensityWeight 3.514706E-03, wHPWL 9.121313E+07, Overflow 2.434109E-01, MaxDensity 4.404E+00, gamma 3.541574E+01, time 5.141ms
[INFO   ] DREAMPlace - full step 1516.543 ms
[INFO   ] DREAMPlace - optimizer step 19.497 ms
[INFO   ] DREAMPlace - iteration   81, (  81,  0,  0), Obj 8.353539E+07, DensityWeight 3.660668E-03, wHPWL 9.104995E+07, Overflow 2.389546E-01, MaxDensity 4.536E+00, gamma 3.477971E+01, time 5.075ms
[INFO   ] DREAMPlace - full step 31.865 ms
[INFO   ] DREAMPlace - optimizer step 22.261 ms
[INFO   ] DREAMPlace - iteration   82, (  82,  0,  0), Obj 8.353401E+07, DensityWeight 3.812310E-03, wHPWL 9.091794E+07, Overflow 2.347223E-01, MaxDensity 4.507E+00, gamma 3.399564E+01, time 5.193ms
[INFO   ] DREAMPlace - full step 33.323 ms
[INFO   ] DREAMPlace - optimizer step 21.139 ms
[INFO   ] DREAMPlace - iteration   83, (  83,  0,  0), Obj 8.356440E+07, DensityWeight 3.969837E-03, wHPWL 9.079413E+07, Overflow 2.309316E-01, MaxDensity 3.852E+00, gamma 3.326735E+01, time 5.162ms
[INFO   ] DREAMPlace - full step 33.403 ms
[INFO   ] DREAMPlace - optimizer step 20.851 ms
[INFO   ] DREAMPlace - iteration   84, (  84,  0,  0), Obj 8.358820E+07, DensityWeight 4.133460E-03, wHPWL 9.067038E+07, Overflow 2.275914E-01, MaxDensity 4.431E+00, gamma 3.262829E+01, time 5.137ms
[INFO   ] DREAMPlace - full step 33.208 ms
[INFO   ] DREAMPlace - optimizer step 14.325 ms
[INFO   ] DREAMPlace - iteration   85, (  85,  0,  0), Obj 8.359140E+07, DensityWeight 4.303396E-03, wHPWL 9.053302E+07, Overflow 2.246380E-01, MaxDensity 4.399E+00, gamma 3.207538E+01, time 5.300ms
[INFO   ] DREAMPlace - full step 26.859 ms
[INFO   ] DREAMPlace - optimizer step 22.470 ms
[INFO   ] DREAMPlace - iteration   86, (  86,  0,  0), Obj 8.357594E+07, DensityWeight 4.479871E-03, wHPWL 9.039261E+07, Overflow 2.213610E-01, MaxDensity 4.122E+00, gamma 3.159428E+01, time 3.791ms
[INFO   ] DREAMPlace - full step 33.410 ms
[INFO   ] DREAMPlace - optimizer step 27.700 ms
[INFO   ] DREAMPlace - iteration   87, (  87,  0,  0), Obj 8.355594E+07, DensityWeight 4.663116E-03, wHPWL 9.025783E+07, Overflow 2.185129E-01, MaxDensity 4.186E+00, gamma 3.106892E+01, time 5.122ms
[INFO   ] DREAMPlace - full step 40.295 ms
[INFO   ] DREAMPlace - optimizer step 21.159 ms
[INFO   ] DREAMPlace - iteration   88, (  88,  0,  0), Obj 8.354874E+07, DensityWeight 4.853372E-03, wHPWL 9.014013E+07, Overflow 2.148137E-01, MaxDensity 4.379E+00, gamma 3.061944E+01, time 4.279ms
[INFO   ] DREAMPlace - full step 32.715 ms
[INFO   ] DREAMPlace - optimizer step 19.338 ms
[INFO   ] DREAMPlace - iteration   89, (  89,  0,  0), Obj 8.353692E+07, DensityWeight 5.050885E-03, wHPWL 9.002491E+07, Overflow 2.115562E-01, MaxDensity 4.538E+00, gamma 3.004531E+01, time 5.321ms
[INFO   ] DREAMPlace - full step 31.965 ms
[INFO   ] DREAMPlace - optimizer step 21.937 ms
[INFO   ] DREAMPlace - iteration   90, (  90,  0,  0), Obj 8.353854E+07, DensityWeight 5.255910E-03, wHPWL 8.990969E+07, Overflow 2.082880E-01, MaxDensity 3.888E+00, gamma 2.954866E+01, time 5.630ms
[INFO   ] DREAMPlace - full step 31.837 ms
[INFO   ] DREAMPlace - optimizer step 47.402 ms
[INFO   ] DREAMPlace - iteration   91, (  91,  0,  0), Obj 8.351634E+07, DensityWeight 5.468710E-03, wHPWL 8.977065E+07, Overflow 2.046813E-01, MaxDensity 3.860E+00, gamma 2.905863E+01, time 5.155ms
[INFO   ] DREAMPlace - full step 59.748 ms
[INFO   ] DREAMPlace - optimizer step 42.221 ms
[INFO   ] DREAMPlace - iteration   92, (  92,  0,  0), Obj 8.328292E+07, DensityWeight 5.689558E-03, wHPWL 8.934785E+07, Overflow 2.027946E-01, MaxDensity 3.893E+00, gamma 2.852728E+01, time 5.155ms
[INFO   ] DREAMPlace - full step 53.309 ms
[INFO   ] DREAMPlace - optimizer step 42.837 ms
[INFO   ] DREAMPlace - iteration   93, (  93,  0,  0), Obj 8.314834E+07, DensityWeight 5.918731E-03, wHPWL 8.900874E+07, Overflow 2.005594E-01, MaxDensity 3.844E+00, gamma 2.825320E+01, time 5.189ms
[INFO   ] DREAMPlace - full step 55.329 ms
[INFO   ] DREAMPlace - optimizer step 38.156 ms
[INFO   ] DREAMPlace - iteration   94, (  94,  0,  0), Obj 8.305874E+07, DensityWeight 6.156521E-03, wHPWL 8.877882E+07, Overflow 1.978419E-01, MaxDensity 3.717E+00, gamma 2.793190E+01, time 7.493ms
[INFO   ] DREAMPlace - full step 52.840 ms
[INFO   ] DREAMPlace - optimizer step 40.797 ms
[INFO   ] DREAMPlace - iteration   95, (  95,  0,  0), Obj 8.304163E+07, DensityWeight 6.403224E-03, wHPWL 8.865538E+07, Overflow 1.941301E-01, MaxDensity 3.743E+00, gamma 2.754619E+01, time 5.219ms
[INFO   ] DREAMPlace - full step 53.273 ms
[INFO   ] DREAMPlace - optimizer step 21.121 ms
[INFO   ] DREAMPlace - iteration   96, (  96,  0,  0), Obj 8.305780E+07, DensityWeight 6.659146E-03, wHPWL 8.857963E+07, Overflow 1.906339E-01, MaxDensity 3.340E+00, gamma 2.702795E+01, time 4.655ms
[INFO   ] DREAMPlace - full step 33.073 ms
[INFO   ] DREAMPlace - optimizer step 25.678 ms
[INFO   ] DREAMPlace - iteration   97, (  97,  0,  0), Obj 8.310560E+07, DensityWeight 6.924605E-03, wHPWL 8.853070E+07, Overflow 1.872418E-01, MaxDensity 3.215E+00, gamma 2.654873E+01, time 8.672ms
[INFO   ] DREAMPlace - full step 41.571 ms
[INFO   ] DREAMPlace - optimizer step 19.645 ms
[INFO   ] DREAMPlace - iteration   98, (  98,  0,  0), Obj 8.314456E+07, DensityWeight 7.199925E-03, wHPWL 8.847556E+07, Overflow 1.844301E-01, MaxDensity 3.219E+00, gamma 2.609191E+01, time 5.143ms
[INFO   ] DREAMPlace - full step 32.063 ms
[INFO   ] DREAMPlace - optimizer step 21.371 ms
[INFO   ] DREAMPlace - iteration   99, (  99,  0,  0), Obj 8.317786E+07, DensityWeight 7.485444E-03, wHPWL 8.841374E+07, Overflow 1.819563E-01, MaxDensity 3.069E+00, gamma 2.571921E+01, time 6.165ms
[INFO   ] DREAMPlace - full step 34.183 ms
[INFO   ] DREAMPlace - optimizer step 21.190 ms
[INFO   ] DREAMPlace - iteration  100, ( 100,  0,  0), Obj 8.320510E+07, DensityWeight 7.781507E-03, wHPWL 8.836256E+07, Overflow 1.795198E-01, MaxDensity 3.323E+00, gamma 2.539570E+01, time 5.161ms
[INFO   ] DREAMPlace - full step 33.568 ms
[INFO   ] DREAMPlace - optimizer step 21.155 ms
[INFO   ] DREAMPlace - iteration  101, ( 101,  0,  0), Obj 8.323144E+07, DensityWeight 8.088471E-03, wHPWL 8.832391E+07, Overflow 1.770507E-01, MaxDensity 3.440E+00, gamma 2.508106E+01, time 7.165ms
[INFO   ] DREAMPlace - full step 35.546 ms
[INFO   ] DREAMPlace - optimizer step 23.407 ms
[INFO   ] DREAMPlace - iteration  102, ( 102,  0,  0), Obj 8.326018E+07, DensityWeight 8.406703E-03, wHPWL 8.829354E+07, Overflow 1.739851E-01, MaxDensity 3.081E+00, gamma 2.476618E+01, time 5.125ms
[INFO   ] DREAMPlace - full step 35.819 ms
[INFO   ] DREAMPlace - optimizer step 19.511 ms
[INFO   ] DREAMPlace - iteration  103, ( 103,  0,  0), Obj 8.328792E+07, DensityWeight 8.736582E-03, wHPWL 8.826186E+07, Overflow 1.709995E-01, MaxDensity 3.042E+00, gamma 2.438072E+01, time 5.136ms
[INFO   ] DREAMPlace - full step 31.903 ms
[INFO   ] DREAMPlace - optimizer step 19.410 ms
[INFO   ] DREAMPlace - iteration  104, ( 104,  0,  0), Obj 8.332392E+07, DensityWeight 9.078498E-03, wHPWL 8.822638E+07, Overflow 1.678708E-01, MaxDensity 3.081E+00, gamma 2.401110E+01, time 5.111ms
[INFO   ] DREAMPlace - full step 31.719 ms
[INFO   ] DREAMPlace - optimizer step 22.482 ms
[INFO   ] DREAMPlace - iteration  105, ( 105,  0,  0), Obj 8.335776E+07, DensityWeight 9.432850E-03, wHPWL 8.818914E+07, Overflow 1.652178E-01, MaxDensity 3.050E+00, gamma 2.362975E+01, time 5.140ms
[INFO   ] DREAMPlace - full step 34.844 ms
[INFO   ] DREAMPlace - optimizer step 21.086 ms
[INFO   ] DREAMPlace - iteration  106, ( 106,  0,  0), Obj 8.339518E+07, DensityWeight 9.800055E-03, wHPWL 8.815449E+07, Overflow 1.628090E-01, MaxDensity 3.218E+00, gamma 2.331115E+01, time 5.077ms
[INFO   ] DREAMPlace - full step 33.390 ms
[INFO   ] DREAMPlace - optimizer step 21.188 ms
[INFO   ] DREAMPlace - iteration  107, ( 107,  0,  0), Obj 8.342402E+07, DensityWeight 1.018054E-02, wHPWL 8.812093E+07, Overflow 1.602636E-01, MaxDensity 3.000E+00, gamma 2.302559E+01, time 5.145ms
[INFO   ] DREAMPlace - full step 31.391 ms
[INFO   ] DREAMPlace - optimizer step 19.822 ms
[INFO   ] DREAMPlace - iteration  108, ( 108,  0,  0), Obj 8.344766E+07, DensityWeight 1.057473E-02, wHPWL 8.808765E+07, Overflow 1.576463E-01, MaxDensity 2.974E+00, gamma 2.272764E+01, time 5.945ms
[INFO   ] DREAMPlace - full step 33.008 ms
[INFO   ] DREAMPlace - optimizer step 19.440 ms
[INFO   ] DREAMPlace - iteration  109, ( 109,  0,  0), Obj 8.347309E+07, DensityWeight 1.098309E-02, wHPWL 8.805510E+07, Overflow 1.548070E-01, MaxDensity 3.011E+00, gamma 2.242529E+01, time 5.264ms
[INFO   ] DREAMPlace - full step 31.973 ms
[INFO   ] DREAMPlace - optimizer step 9.886 ms
[INFO   ] DREAMPlace - iteration  110, ( 110,  0,  0), Obj 8.350094E+07, DensityWeight 1.140608E-02, wHPWL 8.802482E+07, Overflow 1.522023E-01, MaxDensity 2.871E+00, gamma 2.210185E+01, time 5.006ms
[INFO   ] DREAMPlace - full step 17.626 ms
[INFO   ] DREAMPlace - optimizer step 2.303 ms
[INFO   ] DREAMPlace - iteration  111, ( 111,  0,  0), Obj 8.353481E+07, DensityWeight 1.184417E-02, wHPWL 8.799750E+07, Overflow 1.495811E-01, MaxDensity 2.644E+00, gamma 2.180923E+01, time 0.680ms
[INFO   ] DREAMPlace - full step 3.472 ms
[INFO   ] DREAMPlace - optimizer step 3.768 ms
[INFO   ] DREAMPlace - iteration  112, ( 112,  0,  0), Obj 8.356448E+07, DensityWeight 1.229787E-02, wHPWL 8.797047E+07, Overflow 1.472146E-01, MaxDensity 2.715E+00, gamma 2.151867E+01, time 0.669ms
[INFO   ] DREAMPlace - full step 4.952 ms
[INFO   ] DREAMPlace - optimizer step 2.350 ms
[INFO   ] DREAMPlace - iteration  113, ( 113,  0,  0), Obj 8.359300E+07, DensityWeight 1.276766E-02, wHPWL 8.794263E+07, Overflow 1.447574E-01, MaxDensity 2.758E+00, gamma 2.125967E+01, time 0.674ms
[INFO   ] DREAMPlace - full step 3.524 ms
[INFO   ] DREAMPlace - optimizer step 2.259 ms
[INFO   ] DREAMPlace - iteration  114, ( 114,  0,  0), Obj 8.361550E+07, DensityWeight 1.325408E-02, wHPWL 8.791394E+07, Overflow 1.424702E-01, MaxDensity 2.584E+00, gamma 2.099405E+01, time 1.431ms
[INFO   ] DREAMPlace - full step 4.169 ms
[INFO   ] DREAMPlace - optimizer step 2.256 ms
[INFO   ] DREAMPlace - iteration  115, ( 115,  0,  0), Obj 8.363965E+07, DensityWeight 1.375765E-02, wHPWL 8.788612E+07, Overflow 1.400521E-01, MaxDensity 2.650E+00, gamma 2.074978E+01, time 0.672ms
[INFO   ] DREAMPlace - full step 3.402 ms
[INFO   ] DREAMPlace - optimizer step 3.996 ms
[INFO   ] DREAMPlace - iteration  116, ( 116,  0,  0), Obj 8.366085E+07, DensityWeight 1.427892E-02, wHPWL 8.785898E+07, Overflow 1.376706E-01, MaxDensity 2.431E+00, gamma 2.049462E+01, time 0.807ms
[INFO   ] DREAMPlace - full step 5.712 ms
[INFO   ] DREAMPlace - optimizer step 4.253 ms
[INFO   ] DREAMPlace - iteration  117, ( 117,  0,  0), Obj 8.368438E+07, DensityWeight 1.481846E-02, wHPWL 8.783247E+07, Overflow 1.354781E-01, MaxDensity 2.536E+00, gamma 2.024639E+01, time 0.910ms
[INFO   ] DREAMPlace - full step 6.069 ms
[INFO   ] DREAMPlace - optimizer step 4.062 ms
[INFO   ] DREAMPlace - iteration  118, ( 118,  0,  0), Obj 8.370761E+07, DensityWeight 1.537685E-02, wHPWL 8.780813E+07, Overflow 1.331379E-01, MaxDensity 2.487E+00, gamma 2.002052E+01, time 0.854ms
[INFO   ] DREAMPlace - full step 5.774 ms
[INFO   ] DREAMPlace - optimizer step 16.125 ms
[INFO   ] DREAMPlace - iteration  119, ( 119,  0,  0), Obj 8.372748E+07, DensityWeight 1.595469E-02, wHPWL 8.778235E+07, Overflow 1.309505E-01, MaxDensity 2.490E+00, gamma 1.978221E+01, time 0.822ms
[INFO   ] DREAMPlace - full step 22.127 ms
[INFO   ] DREAMPlace - plotting to alignfiller_n1n2_results/adaptec1/plot/iter0120.png takes 1.458 seconds
[INFO   ] DREAMPlace - optimizer step 25.460 ms
[INFO   ] DREAMPlace - iteration  120, ( 120,  0,  0), Obj 8.374959E+07, DensityWeight 1.655259E-02, wHPWL 8.775802E+07, Overflow 1.288602E-01, MaxDensity 2.408E+00, gamma 1.956204E+01, time 5.089ms
[INFO   ] DREAMPlace - full step 1499.622 ms
[INFO   ] DREAMPlace - optimizer step 22.870 ms
[INFO   ] DREAMPlace - iteration  121, ( 121,  0,  0), Obj 8.376938E+07, DensityWeight 1.717117E-02, wHPWL 8.773230E+07, Overflow 1.267424E-01, MaxDensity 2.508E+00, gamma 1.935392E+01, time 3.243ms
[INFO   ] DREAMPlace - full step 33.494 ms
[INFO   ] DREAMPlace - optimizer step 22.535 ms
[INFO   ] DREAMPlace - iteration  122, ( 122,  0,  0), Obj 8.378825E+07, DensityWeight 1.781110E-02, wHPWL 8.770871E+07, Overflow 1.245378E-01, MaxDensity 2.556E+00, gamma 1.914532E+01, time 3.003ms
[INFO   ] DREAMPlace - full step 30.897 ms
[INFO   ] DREAMPlace - optimizer step 25.026 ms
[INFO   ] DREAMPlace - iteration  123, ( 123,  0,  0), Obj 8.380826E+07, DensityWeight 1.847302E-02, wHPWL 8.768570E+07, Overflow 1.223077E-01, MaxDensity 2.537E+00, gamma 1.893057E+01, time 5.132ms
[INFO   ] DREAMPlace - full step 37.421 ms
[INFO   ] DREAMPlace - optimizer step 22.678 ms
[INFO   ] DREAMPlace - iteration  124, ( 124,  0,  0), Obj 8.383078E+07, DensityWeight 1.915762E-02, wHPWL 8.766541E+07, Overflow 1.200574E-01, MaxDensity 2.408E+00, gamma 1.871578E+01, time 5.115ms
[INFO   ] DREAMPlace - full step 35.163 ms
[INFO   ] DREAMPlace - optimizer step 21.690 ms
[INFO   ] DREAMPlace - iteration  125, ( 125,  0,  0), Obj 8.385469E+07, DensityWeight 1.986562E-02, wHPWL 8.764599E+07, Overflow 1.180895E-01, MaxDensity 2.412E+00, gamma 1.850151E+01, time 6.126ms
[INFO   ] DREAMPlace - full step 35.153 ms
[INFO   ] DREAMPlace - optimizer step 22.559 ms
[INFO   ] DREAMPlace - iteration  126, ( 126,  0,  0), Obj 8.387874E+07, DensityWeight 2.059771E-02, wHPWL 8.762760E+07, Overflow 1.162257E-01, MaxDensity 2.365E+00, gamma 1.831614E+01, time 5.150ms
[INFO   ] DREAMPlace - full step 35.014 ms
[INFO   ] DREAMPlace - optimizer step 22.526 ms
[INFO   ] DREAMPlace - iteration  127, ( 127,  0,  0), Obj 8.389789E+07, DensityWeight 2.135465E-02, wHPWL 8.760842E+07, Overflow 1.143107E-01, MaxDensity 2.351E+00, gamma 1.814230E+01, time 5.152ms
[INFO   ] DREAMPlace - full step 34.997 ms
[INFO   ] DREAMPlace - optimizer step 22.405 ms
[INFO   ] DREAMPlace - iteration  128, ( 128,  0,  0), Obj 8.391546E+07, DensityWeight 2.213719E-02, wHPWL 8.759056E+07, Overflow 1.122608E-01, MaxDensity 2.454E+00, gamma 1.796539E+01, time 4.907ms
[INFO   ] DREAMPlace - full step 34.832 ms
[INFO   ] DREAMPlace - optimizer step 22.433 ms
[INFO   ] DREAMPlace - iteration  129, ( 129,  0,  0), Obj 8.393330E+07, DensityWeight 2.294611E-02, wHPWL 8.757157E+07, Overflow 1.102869E-01, MaxDensity 2.328E+00, gamma 1.777794E+01, time 5.068ms
[INFO   ] DREAMPlace - full step 34.708 ms
[INFO   ] DREAMPlace - optimizer step 22.480 ms
[INFO   ] DREAMPlace - iteration  130, ( 130,  0,  0), Obj 8.395330E+07, DensityWeight 2.378221E-02, wHPWL 8.755370E+07, Overflow 1.084454E-01, MaxDensity 2.279E+00, gamma 1.759928E+01, time 5.121ms
[INFO   ] DREAMPlace - full step 34.921 ms
[INFO   ] DREAMPlace - optimizer step 22.363 ms
[INFO   ] DREAMPlace - iteration  131, ( 131,  0,  0), Obj 8.397268E+07, DensityWeight 2.464632E-02, wHPWL 8.753510E+07, Overflow 1.065881E-01, MaxDensity 2.221E+00, gamma 1.743423E+01, time 5.151ms
[INFO   ] DREAMPlace - full step 34.745 ms
[INFO   ] DREAMPlace - optimizer step 22.519 ms
[INFO   ] DREAMPlace - iteration  132, ( 132,  0,  0), Obj 8.399014E+07, DensityWeight 2.553926E-02, wHPWL 8.751813E+07, Overflow 1.047333E-01, MaxDensity 2.215E+00, gamma 1.726932E+01, time 5.099ms
[INFO   ] DREAMPlace - full step 34.858 ms
[INFO   ] DREAMPlace - optimizer step 22.434 ms
[INFO   ] DREAMPlace - iteration  133, ( 133,  0,  0), Obj 8.400762E+07, DensityWeight 2.646191E-02, wHPWL 8.750109E+07, Overflow 1.029951E-01, MaxDensity 2.339E+00, gamma 1.710620E+01, time 5.156ms
[INFO   ] DREAMPlace - full step 34.830 ms
[INFO   ] DREAMPlace - optimizer step 22.407 ms
[INFO   ] DREAMPlace - iteration  134, ( 134,  0,  0), Obj 8.402511E+07, DensityWeight 2.741515E-02, wHPWL 8.748527E+07, Overflow 1.011478E-01, MaxDensity 2.162E+00, gamma 1.695473E+01, time 5.090ms
[INFO   ] DREAMPlace - full step 34.847 ms
[INFO   ] DREAMPlace - optimizer step 31.514 ms
[INFO   ] DREAMPlace - iteration  135, ( 135,  0,  0), Obj 8.404060E+07, DensityWeight 2.839989E-02, wHPWL 8.746829E+07, Overflow 9.945229E-02, MaxDensity 2.115E+00, gamma 1.679523E+01, time 5.105ms
[INFO   ] DREAMPlace - full step 43.795 ms
[INFO   ] DREAMPlace - optimizer step 22.444 ms
[INFO   ] DREAMPlace - iteration  136, ( 136,  0,  0), Obj 8.405802E+07, DensityWeight 2.941706E-02, wHPWL 8.745306E+07, Overflow 9.792063E-02, MaxDensity 2.088E+00, gamma 1.665015E+01, time 5.162ms
[INFO   ] DREAMPlace - full step 34.886 ms
[INFO   ] DREAMPlace - optimizer step 22.368 ms
[INFO   ] DREAMPlace - iteration  137, ( 137,  0,  0), Obj 8.407311E+07, DensityWeight 3.046761E-02, wHPWL 8.743696E+07, Overflow 9.641862E-02, MaxDensity 2.107E+00, gamma 1.652017E+01, time 5.280ms
[INFO   ] DREAMPlace - full step 34.917 ms
[INFO   ] DREAMPlace - optimizer step 26.691 ms
[INFO   ] DREAMPlace - iteration  138, ( 138,  0,  0), Obj 8.408618E+07, DensityWeight 3.155253E-02, wHPWL 8.742195E+07, Overflow 9.492692E-02, MaxDensity 2.071E+00, gamma 1.639368E+01, time 5.104ms
[INFO   ] DREAMPlace - full step 39.024 ms
[INFO   ] DREAMPlace - optimizer step 22.452 ms
[INFO   ] DREAMPlace - iteration  139, ( 139,  0,  0), Obj 8.409904E+07, DensityWeight 3.267281E-02, wHPWL 8.740734E+07, Overflow 9.353478E-02, MaxDensity 2.215E+00, gamma 1.626903E+01, time 5.133ms
[INFO   ] DREAMPlace - full step 34.842 ms
[INFO   ] DREAMPlace - optimizer step 22.447 ms
[INFO   ] DREAMPlace - iteration  140, ( 140,  0,  0), Obj 8.411209E+07, DensityWeight 3.382948E-02, wHPWL 8.739405E+07, Overflow 9.203641E-02, MaxDensity 2.088E+00, gamma 1.615355E+01, time 5.139ms
[INFO   ] DREAMPlace - full step 34.825 ms
[INFO   ] DREAMPlace - optimizer step 22.469 ms
[INFO   ] DREAMPlace - iteration  141, ( 141,  0,  0), Obj 8.412347E+07, DensityWeight 3.502360E-02, wHPWL 8.738013E+07, Overflow 9.047684E-02, MaxDensity 2.069E+00, gamma 1.603018E+01, time 5.103ms
[INFO   ] DREAMPlace - full step 34.814 ms
[INFO   ] DREAMPlace - optimizer step 22.471 ms
[INFO   ] DREAMPlace - iteration  142, ( 142,  0,  0), Obj 8.413752E+07, DensityWeight 3.625624E-02, wHPWL 8.736818E+07, Overflow 8.904191E-02, MaxDensity 2.073E+00, gamma 1.590276E+01, time 5.110ms
[INFO   ] DREAMPlace - full step 34.804 ms
[INFO   ] DREAMPlace - optimizer step 22.488 ms
[INFO   ] DREAMPlace - iteration  143, ( 143,  0,  0), Obj 8.415346E+07, DensityWeight 3.752851E-02, wHPWL 8.735734E+07, Overflow 8.751784E-02, MaxDensity 2.064E+00, gamma 1.578643E+01, time 5.162ms
[INFO   ] DREAMPlace - full step 34.909 ms
[INFO   ] DREAMPlace - optimizer step 22.483 ms
[INFO   ] DREAMPlace - iteration  144, ( 144,  0,  0), Obj 8.416821E+07, DensityWeight 3.884154E-02, wHPWL 8.734776E+07, Overflow 8.603359E-02, MaxDensity 2.039E+00, gamma 1.566380E+01, time 5.146ms
[INFO   ] DREAMPlace - full step 34.859 ms
[INFO   ] DREAMPlace - optimizer step 22.411 ms
[INFO   ] DREAMPlace - iteration  145, ( 145,  0,  0), Obj 8.418326E+07, DensityWeight 4.019649E-02, wHPWL 8.733733E+07, Overflow 8.446590E-02, MaxDensity 2.027E+00, gamma 1.554529E+01, time 5.099ms
[INFO   ] DREAMPlace - full step 34.801 ms
[INFO   ] DREAMPlace - optimizer step 22.439 ms
[INFO   ] DREAMPlace - iteration  146, ( 146,  0,  0), Obj 8.419791E+07, DensityWeight 4.159455E-02, wHPWL 8.732716E+07, Overflow 8.305364E-02, MaxDensity 1.997E+00, gamma 1.542108E+01, time 5.129ms
[INFO   ] DREAMPlace - full step 34.837 ms
[INFO   ] DREAMPlace - optimizer step 22.430 ms
[INFO   ] DREAMPlace - iteration  147, ( 147,  0,  0), Obj 8.421378E+07, DensityWeight 4.303693E-02, wHPWL 8.731710E+07, Overflow 8.174238E-02, MaxDensity 1.987E+00, gamma 1.531005E+01, time 5.126ms
[INFO   ] DREAMPlace - full step 34.831 ms
[INFO   ] DREAMPlace - optimizer step 22.421 ms
[INFO   ] DREAMPlace - iteration  148, ( 148,  0,  0), Obj 8.422814E+07, DensityWeight 4.452488E-02, wHPWL 8.730831E+07, Overflow 8.039138E-02, MaxDensity 2.065E+00, gamma 1.520767E+01, time 5.132ms
[INFO   ] DREAMPlace - full step 34.815 ms
[INFO   ] DREAMPlace - optimizer step 22.335 ms
[INFO   ] DREAMPlace - iteration  149, ( 149,  0,  0), Obj 8.424055E+07, DensityWeight 4.605966E-02, wHPWL 8.729898E+07, Overflow 7.907959E-02, MaxDensity 2.187E+00, gamma 1.510291E+01, time 5.267ms
[INFO   ] DREAMPlace - full step 34.901 ms
[INFO   ] DREAMPlace - optimizer step 22.480 ms
[INFO   ] DREAMPlace - iteration  150, ( 150,  0,  0), Obj 8.425389E+07, DensityWeight 4.764258E-02, wHPWL 8.729093E+07, Overflow 7.783619E-02, MaxDensity 1.902E+00, gamma 1.500187E+01, time 5.139ms
[INFO   ] DREAMPlace - full step 34.820 ms
[INFO   ] DREAMPlace - optimizer step 22.513 ms
[INFO   ] DREAMPlace - iteration  151, ( 151,  0,  0), Obj 8.426632E+07, DensityWeight 4.927498E-02, wHPWL 8.728238E+07, Overflow 7.662528E-02, MaxDensity 1.887E+00, gamma 1.490673E+01, time 5.141ms
[INFO   ] DREAMPlace - full step 34.930 ms
[INFO   ] DREAMPlace - optimizer step 22.482 ms
[INFO   ] DREAMPlace - iteration  152, ( 152,  0,  0), Obj 8.427813E+07, DensityWeight 5.095821E-02, wHPWL 8.727400E+07, Overflow 7.534143E-02, MaxDensity 1.856E+00, gamma 1.481465E+01, time 5.123ms
[INFO   ] DREAMPlace - full step 34.852 ms
[INFO   ] DREAMPlace - optimizer step 22.452 ms
[INFO   ] DREAMPlace - iteration  153, ( 153,  0,  0), Obj 8.428985E+07, DensityWeight 5.269366E-02, wHPWL 8.726573E+07, Overflow 7.423989E-02, MaxDensity 1.816E+00, gamma 1.471765E+01, time 5.141ms
[INFO   ] DREAMPlace - full step 34.839 ms
[INFO   ] DREAMPlace - optimizer step 22.547 ms
[INFO   ] DREAMPlace - iteration  154, ( 154,  0,  0), Obj 8.430326E+07, DensityWeight 5.448277E-02, wHPWL 8.725838E+07, Overflow 7.309483E-02, MaxDensity 1.836E+00, gamma 1.463493E+01, time 5.126ms
[INFO   ] DREAMPlace - full step 34.854 ms
[INFO   ] DREAMPlace - optimizer step 22.459 ms
[INFO   ] DREAMPlace - iteration  155, ( 155,  0,  0), Obj 8.431494E+07, DensityWeight 5.632700E-02, wHPWL 8.725190E+07, Overflow 7.202355E-02, MaxDensity 2.060E+00, gamma 1.454943E+01, time 5.075ms
[INFO   ] DREAMPlace - full step 34.875 ms
[INFO   ] DREAMPlace - optimizer step 22.190 ms
[INFO   ] DREAMPlace - iteration  156, ( 156,  0,  0), Obj 8.432681E+07, DensityWeight 5.822782E-02, wHPWL 8.724582E+07, Overflow 7.095926E-02, MaxDensity 2.020E+00, gamma 1.446989E+01, time 5.373ms
[INFO   ] DREAMPlace - full step 34.849 ms
[INFO   ] DREAMPlace - optimizer step 24.949 ms
[INFO   ] DREAMPlace - iteration  157, ( 157,  0,  0), Obj 8.433708E+07, DensityWeight 6.018677E-02, wHPWL 8.723900E+07, Overflow 7.008171E-02, MaxDensity 1.887E+00, gamma 1.439130E+01, time 5.093ms
[INFO   ] DREAMPlace - full step 37.258 ms
[INFO   ] DREAMPlace - optimizer step 22.453 ms
[INFO   ] DREAMPlace - iteration  158, ( 158,  0,  0), Obj 8.434784E+07, DensityWeight 6.220541E-02, wHPWL 8.723305E+07, Overflow 6.902801E-02, MaxDensity 2.047E+00, gamma 1.432683E+01, time 5.115ms
[INFO   ] DREAMPlace - full step 34.817 ms
[INFO   ] DREAMPlace - optimizer step 29.057 ms
[INFO   ] DREAMPlace - iteration  159, ( 159,  0,  0), Obj 8.435585E+07, DensityWeight 6.428532E-02, wHPWL 8.722672E+07, Overflow 6.804710E-02, MaxDensity 1.969E+00, gamma 1.424979E+01, time 5.111ms
[INFO   ] DREAMPlace - full step 41.418 ms
[INFO   ] DREAMPlace - plotting to alignfiller_n1n2_results/adaptec1/plot/iter0160.png takes 1.285 seconds
[INFO   ] DREAMPlace - optimizer step 22.390 ms
[INFO   ] DREAMPlace - iteration  160, ( 160,  0,  0), Obj 8.436643E+07, DensityWeight 6.642813E-02, wHPWL 8.722099E+07, Overflow 6.700688E-02, MaxDensity 1.882E+00, gamma 1.417845E+01, time 5.018ms
[INFO   ] DREAMPlace - full step 1323.384 ms
[INFO   ] DREAMPlace - optimizer step 22.484 ms
[INFO   ] DREAMPlace - iteration  161, ( 161,  0,  0), Obj 8.437574E+07, DensityWeight 6.863550E-02, wHPWL 8.721490E+07, Overflow 6.601111E-02, MaxDensity 1.784E+00, gamma 1.410318E+01, time 5.068ms
[INFO   ] DREAMPlace - full step 34.764 ms
[INFO   ] DREAMPlace - optimizer step 22.566 ms
[INFO   ] DREAMPlace - iteration  162, ( 162,  0,  0), Obj 8.438632E+07, DensityWeight 7.090914E-02, wHPWL 8.720929E+07, Overflow 6.498332E-02, MaxDensity 1.752E+00, gamma 1.403151E+01, time 5.125ms
[INFO   ] DREAMPlace - full step 34.892 ms
[INFO   ] DREAMPlace - optimizer step 22.463 ms
[INFO   ] DREAMPlace - iteration  163, ( 163,  0,  0), Obj 8.439688E+07, DensityWeight 7.325076E-02, wHPWL 8.720422E+07, Overflow 6.396540E-02, MaxDensity 1.726E+00, gamma 1.395791E+01, time 5.054ms
[INFO   ] DREAMPlace - full step 34.801 ms
[INFO   ] DREAMPlace - optimizer step 22.474 ms
[INFO   ] DREAMPlace - iteration  164, ( 164,  0,  0), Obj 8.440870E+07, DensityWeight 7.566214E-02, wHPWL 8.720022E+07, Overflow 6.293813E-02, MaxDensity 1.708E+00, gamma 1.388540E+01, time 5.129ms
[INFO   ] DREAMPlace - full step 34.882 ms
[INFO   ] DREAMPlace - optimizer step 22.480 ms
[INFO   ] DREAMPlace - iteration  165, ( 165,  0,  0), Obj 8.442098E+07, DensityWeight 7.814509E-02, wHPWL 8.719709E+07, Overflow 6.190841E-02, MaxDensity 1.728E+00, gamma 1.381260E+01, time 5.151ms
[INFO   ] DREAMPlace - full step 34.872 ms
[INFO   ] DREAMPlace - optimizer step 22.494 ms
[INFO   ] DREAMPlace - iteration  166, ( 166,  0,  0), Obj 8.443474E+07, DensityWeight 8.070146E-02, wHPWL 8.719536E+07, Overflow 6.086276E-02, MaxDensity 1.774E+00, gamma 1.374001E+01, time 5.119ms
[INFO   ] DREAMPlace - full step 34.858 ms
[INFO   ] DREAMPlace - optimizer step 22.549 ms
[INFO   ] DREAMPlace - iteration  167, ( 167,  0,  0), Obj 8.444840E+07, DensityWeight 8.333310E-02, wHPWL 8.719323E+07, Overflow 5.998811E-02, MaxDensity 1.694E+00, gamma 1.366670E+01, time 5.105ms
[INFO   ] DREAMPlace - full step 34.886 ms
[INFO   ] DREAMPlace - optimizer step 22.482 ms
[INFO   ] DREAMPlace - iteration  168, ( 168,  0,  0), Obj 8.446234E+07, DensityWeight 8.604197E-02, wHPWL 8.719136E+07, Overflow 5.911914E-02, MaxDensity 1.679E+00, gamma 1.360567E+01, time 5.111ms
[INFO   ] DREAMPlace - full step 34.848 ms
[INFO   ] DREAMPlace - optimizer step 21.927 ms
[INFO   ] DREAMPlace - iteration  169, ( 169,  0,  0), Obj 8.447286E+07, DensityWeight 8.883001E-02, wHPWL 8.718818E+07, Overflow 5.839484E-02, MaxDensity 1.685E+00, gamma 1.354531E+01, time 5.602ms
[INFO   ] DREAMPlace - full step 34.809 ms
[INFO   ] DREAMPlace - optimizer step 22.534 ms
[INFO   ] DREAMPlace - iteration  170, ( 170,  0,  0), Obj 8.448390E+07, DensityWeight 9.169922E-02, wHPWL 8.718605E+07, Overflow 5.760222E-02, MaxDensity 1.727E+00, gamma 1.349520E+01, time 5.143ms
[INFO   ] DREAMPlace - full step 34.870 ms
[INFO   ] DREAMPlace - optimizer step 64.784 ms
[INFO   ] DREAMPlace - iteration  171, ( 171,  0,  0), Obj 8.449234E+07, DensityWeight 9.465164E-02, wHPWL 8.718313E+07, Overflow 5.688898E-02, MaxDensity 1.706E+00, gamma 1.344058E+01, time 5.107ms
[INFO   ] DREAMPlace - full step 77.170 ms
[INFO   ] DREAMPlace - optimizer step 22.326 ms
[INFO   ] DREAMPlace - iteration  172, ( 172,  0,  0), Obj 8.450181E+07, DensityWeight 9.768935E-02, wHPWL 8.718077E+07, Overflow 5.611154E-02, MaxDensity 1.692E+00, gamma 1.339161E+01, time 5.170ms
[INFO   ] DREAMPlace - full step 34.817 ms
[INFO   ] DREAMPlace - optimizer step 22.572 ms
[INFO   ] DREAMPlace - iteration  173, ( 173,  0,  0), Obj 8.450924E+07, DensityWeight 1.008145E-01, wHPWL 8.717718E+07, Overflow 5.537761E-02, MaxDensity 1.676E+00, gamma 1.333845E+01, time 5.099ms
[INFO   ] DREAMPlace - full step 34.823 ms
[INFO   ] DREAMPlace - optimizer step 22.439 ms
[INFO   ] DREAMPlace - iteration  174, ( 174,  0,  0), Obj 8.451805E+07, DensityWeight 1.040291E-01, wHPWL 8.717413E+07, Overflow 5.461002E-02, MaxDensity 1.647E+00, gamma 1.328845E+01, time 5.136ms
[INFO   ] DREAMPlace - full step 34.826 ms
[INFO   ] DREAMPlace - optimizer step 22.461 ms
[INFO   ] DREAMPlace - iteration  175, ( 175,  0,  0), Obj 8.452538E+07, DensityWeight 1.073356E-01, wHPWL 8.717013E+07, Overflow 5.387540E-02, MaxDensity 1.621E+00, gamma 1.323636E+01, time 5.163ms
[INFO   ] DREAMPlace - full step 35.066 ms
[INFO   ] DREAMPlace - optimizer step 22.460 ms
[INFO   ] DREAMPlace - iteration  176, ( 176,  0,  0), Obj 8.453343E+07, DensityWeight 1.107361E-01, wHPWL 8.716681E+07, Overflow 5.310870E-02, MaxDensity 1.621E+00, gamma 1.318670E+01, time 5.130ms
[INFO   ] DREAMPlace - full step 34.930 ms
[INFO   ] DREAMPlace - optimizer step 22.420 ms
[INFO   ] DREAMPlace - iteration  177, ( 177,  0,  0), Obj 8.453998E+07, DensityWeight 1.142329E-01, wHPWL 8.716234E+07, Overflow 5.246571E-02, MaxDensity 1.621E+00, gamma 1.313507E+01, time 5.113ms
[INFO   ] DREAMPlace - full step 34.819 ms
[INFO   ] DREAMPlace - optimizer step 22.497 ms
[INFO   ] DREAMPlace - iteration  178, ( 178,  0,  0), Obj 8.454814E+07, DensityWeight 1.178283E-01, wHPWL 8.715933E+07, Overflow 5.188121E-02, MaxDensity 1.624E+00, gamma 1.309192E+01, time 5.106ms
[INFO   ] DREAMPlace - full step 34.845 ms
[INFO   ] DREAMPlace - optimizer step 22.489 ms
[INFO   ] DREAMPlace - iteration  179, ( 179,  0,  0), Obj 8.455391E+07, DensityWeight 1.215247E-01, wHPWL 8.715534E+07, Overflow 5.145650E-02, MaxDensity 1.630E+00, gamma 1.305283E+01, time 5.111ms
[INFO   ] DREAMPlace - full step 34.843 ms
[INFO   ] DREAMPlace - optimizer step 22.493 ms
[INFO   ] DREAMPlace - iteration  180, ( 180,  0,  0), Obj 8.456066E+07, DensityWeight 1.253245E-01, wHPWL 8.715347E+07, Overflow 5.091578E-02, MaxDensity 1.662E+00, gamma 1.302449E+01, time 5.126ms
[INFO   ] DREAMPlace - full step 34.888 ms
[INFO   ] DREAMPlace - optimizer step 22.528 ms
[INFO   ] DREAMPlace - iteration  181, ( 181,  0,  0), Obj 8.456600E+07, DensityWeight 1.292303E-01, wHPWL 8.715222E+07, Overflow 5.036655E-02, MaxDensity 1.632E+00, gamma 1.298851E+01, time 5.107ms
[INFO   ] DREAMPlace - full step 34.919 ms
[INFO   ] DREAMPlace - optimizer step 22.423 ms
[INFO   ] DREAMPlace - iteration  182, ( 182,  0,  0), Obj 8.457466E+07, DensityWeight 1.332444E-01, wHPWL 8.715326E+07, Overflow 4.968249E-02, MaxDensity 1.620E+00, gamma 1.295206E+01, time 7.337ms
[INFO   ] DREAMPlace - full step 37.001 ms
[INFO   ] DREAMPlace - optimizer nesterov takes 19.779 seconds
[INFO   ] DREAMPlace - plotting to alignfiller_n1n2_results/adaptec1/plot/iter0183.png takes 1.284 seconds
[INFO   ] DREAMPlace - Start legalization
[WARNING] DEF input file not specified, cannot output DEF file; set to DEFSIMPLE
[INFO   ] lef_input = 
[INFO   ] def_input = 
[INFO   ] verilog_input = 
[INFO   ] bookshelf_aux_input = benchmarks/ispd2005/adaptec1/adaptec1.aux
[INFO   ] bookshelf_pl_input = 
[INFO   ] def_size_input = 
[INFO   ] def_output = -out.def
[INFO   ] rpt_output = 
[INFO   ] target_util = 0
[INFO   ] max_displace = 0
[INFO   ] bin size = (10, 10) #rows
[INFO   ] sbin size = (5, 5) #rows
[INFO   ] bin_space_threshold = 0.2
[INFO   ] abu = 2,10 5,5 10,2 20,1 
[INFO   ] def_ignore_cells = 
[INFO   ] macro_obs_aware_layers = 
[INFO   ] enable_place = true
[INFO   ] enable_legalize = true
[INFO   ] evaluate_overlap = false
[INFO   ] move_multi_row_cell = true
[INFO   ] align_power_line = true
[INFO   ] cluster_cell = false
[INFO   ] sort_nets_by_degree = false
[INFO   ] file_format = BOOKSHELF
[INFO   ] max_iters = 6
[WARNING] no DEF file specified
[WARNING] no Verilog file specified
[INFO   ] reading benchmarks/ispd2005/adaptec1/adaptec1.aux
[WARNING] no additional Bookshelf .pl file specified
[WARNING] 20285 nets with 24352 pins from same nodes
[WARNING] 4210 nets should be ignored due to not enough pins
[INFO   ] sort nodes in the order of movable and fixed
[INFO   ] Group cells for fence regions
[INFO   ] Construct 0 groups
[INFO   ] Fence region groups done
[DEBUG  ] num_terminals 543, numFixed 543, numPlaceBlockages 0, num_terminal_NIs 0
[INFO   ] -- Converting Node Orientation --
[INFO   ] ---------------------------------
[INFO   ] -------- Area Statistics --------
[INFO   ] fixed area overlap = 4.91641e+07
[INFO   ] fixed area total = 6.4094e+07
[INFO   ] space area = 6.50265e+07
[INFO   ] ---------------------------------
[DEBUG  ] deterministic mode: integer 32 bits, fraction 32 bits, scale factor 4294967296
[DEBUG  ] deterministic mode: integer 32 bits, fraction 32 bits, scale factor 4294967296
[INFO   ] writing placement to alignfiller_n1n2_results/adaptec1/plot/iter0000.png
[INFO   ] writing placement to alignfiller_n1n2_results/adaptec1/plot/iter0040.png
[INFO   ] writing placement to alignfiller_n1n2_results/adaptec1/plot/iter0080.png
[INFO   ] writing placement to alignfiller_n1n2_results/adaptec1/plot/iter0120.png
[INFO   ] writing placement to alignfiller_n1n2_results/adaptec1/plot/iter0160.png
[INFO   ] writing placement to alignfiller_n1n2_results/adaptec1/plot/iter0183.png
[INFO   ] Macro legalization: regard 0 cells as dummy fixed (movable macros)
[INFO   ] Macro legalization takes 0.740271 ms
[DEBUG  ] Standard cell legalization blank_num_bins_y = 890
[DEBUG  ] Standard cell legalization iteration 0 with 1x1 bins
[DEBUG  ] Standard cell legalization #bin_blanks
[DEBUG  ] #bin_objs = 10792
[INFO   ] Standard cell legalization legalizeBin takes 188.432 ms
[DEBUG  ] Standard cell legalization num_unplaced_cells = 0
[DEBUG  ] Standard cell legalization blank_num_bins_y = 890
[DEBUG  ] Standard cell legalization iteration 0 with 1x1 bins
[DEBUG  ] Standard cell legalization #bin_blanks
[DEBUG  ] #bin_objs = 10792
[INFO   ] Standard cell legalization legalizeBin takes 193.092 ms
[DEBUG  ] Standard cell legalization num_unplaced_cells = 0
[INFO   ] Greedy legalization takes 362.792 ms
[INFO   ] Legality check takes 17.391 ms
[DEBUG  ] average displace = 10.0669
[INFO   ] Abacus legalization takes 27.3069 ms
[INFO   ] DREAMPlace - legalization takes 0.435 seconds
[INFO   ] DREAMPlace - iteration  183, wHPWL 9.039979E+07, time 0.476ms
[INFO   ] DREAMPlace - plotting to alignfiller_n1n2_results/adaptec1/plot/iter0184.png takes 1.279 seconds
[INFO   ] DREAMPlace - Start ABCDPlace for refinement
[INFO   ] Legality check takes 16.3591 ms
[INFO   ] writing placement to alignfiller_n1n2_results/adaptec1/plot/iter0184.png
[INFO   ] DREAMPlace - ABCDPlace input legal flag = 1
[INFO   ] Legality check takes 16.7808 ms
[DEBUG  ] 4-reorder
[DEBUG  ] 24 permutations
[DEBUG  ] initializing CPU DB takes 19.1827 ms
[DEBUG  ] computing independent rows takes 49.5176 ms
[DEBUG  ] computing reorder instances takes 0.769788 ms
[DEBUG  ] initializing CUDA state takes 4.2131 ms
[INFO   ] initial hpwl = 90484184.000
[DEBUG  ] enumeration takes 860.348 ms for 264 runs, average 3.25889 ms
[DEBUG  ] apply_reorder takes 633.799 ms for 264 runs, average 2.40076 ms
[INFO   ] Iteration time(ms) 	 1494.2
[INFO   ] iteration 0: hpwl 90484184.000 => 90258968.000 (imp. 0.248901%)
[DEBUG  ] enumeration takes 413.754 ms for 264 runs, average 1.56725 ms
[DEBUG  ] apply_reorder takes 189.665 ms for 264 runs, average 0.718428 ms
[INFO   ] Iteration time(ms) 	 603.449
[INFO   ] iteration 1: hpwl 90484184.000 => 90217296.000 (imp. 0.294955%)
[DEBUG  ] destroying CUDA state takes 0.949291 ms
[DEBUG  ] destroying CPU state takes 0.02608 ms
[INFO   ] Kernel time: 2105.24 ms
[INFO   ] K-reorder time: 2179.97 ms
[INFO   ] DREAMPlace - K-Reorder legal flag = 1
[INFO   ] Legality check takes 17.2376 ms
[INFO   ] diamond search grid size 64, sequence length 2048
[INFO   ] initializing GPU memory takes 7.98735 ms
[INFO   ] initial hpwl 9.02173e+07
[DEBUG  ] allocate 1719807 bytes in shuffler for length 210904*(4+4)
[DEBUG  ] from 55579 nodes, collect 434 sets, avg 109 nodes, min/max 6/128 nodes
[INFO   ] iteration 0, target hpwl 9.0176e+07, delta -41272(-0.0457473%), 434 independent sets, moved 3.47362% cells, runtime 29.1819 ms
[DEBUG  ] from 55746 nodes, collect 435 sets, avg 108 nodes, min/max 23/128 nodes
[DEBUG  ] from 55697 nodes, collect 435 sets, avg 107 nodes, min/max 28/128 nodes
[DEBUG  ] from 55693 nodes, collect 435 sets, avg 107 nodes, min/max 8/128 nodes
[DEBUG  ] from 55628 nodes, collect 434 sets, avg 107 nodes, min/max 13/128 nodes
[DEBUG  ] from 55713 nodes, collect 435 sets, avg 106 nodes, min/max 16/128 nodes
[INFO   ] iteration 5, target hpwl 8.99544e+07, delta -262888(-0.291394%), 435 independent sets, moved 16.5763% cells, runtime 17.0871 ms
[DEBUG  ] from 55595 nodes, collect 434 sets, avg 108 nodes, min/max 16/128 nodes
[DEBUG  ] from 55632 nodes, collect 434 sets, avg 108 nodes, min/max 19/128 nodes
[DEBUG  ] from 55573 nodes, collect 434 sets, avg 107 nodes, min/max 20/128 nodes
[DEBUG  ] from 55482 nodes, collect 433 sets, avg 108 nodes, min/max 29/128 nodes
[DEBUG  ] from 55604 nodes, collect 434 sets, avg 106 nodes, min/max 11/128 nodes
[INFO   ] iteration 10, target hpwl 8.98671e+07, delta -350232(-0.388209%), 434 independent sets, moved 27.7107% cells, runtime 18.3721 ms
[DEBUG  ] from 55604 nodes, collect 434 sets, avg 106 nodes, min/max 19/128 nodes
[DEBUG  ] from 55697 nodes, collect 435 sets, avg 105 nodes, min/max 16/128 nodes
[DEBUG  ] from 55599 nodes, collect 434 sets, avg 107 nodes, min/max 30/128 nodes
[DEBUG  ] from 55680 nodes, collect 435 sets, avg 107 nodes, min/max 8/128 nodes
[DEBUG  ] from 55503 nodes, collect 433 sets, avg 105 nodes, min/max 0/128 nodes
[INFO   ] iteration 15, target hpwl 8.98065e+07, delta -410816(-0.455363%), 433 independent sets, moved 37.8442% cells, runtime 14.273 ms
[DEBUG  ] from 55480 nodes, collect 433 sets, avg 108 nodes, min/max 16/128 nodes
[DEBUG  ] from 55533 nodes, collect 433 sets, avg 107 nodes, min/max 0/128 nodes
[DEBUG  ] from 55463 nodes, collect 433 sets, avg 105 nodes, min/max 25/128 nodes
[DEBUG  ] from 55636 nodes, collect 434 sets, avg 107 nodes, min/max 6/128 nodes
[DEBUG  ] from 55582 nodes, collect 434 sets, avg 107 nodes, min/max 21/128 nodes
[INFO   ] iteration 20, target hpwl 8.97794e+07, delta -437944(-0.485432%), 434 independent sets, moved 47.3713% cells, runtime 12.1803 ms
[DEBUG  ] from 55653 nodes, collect 434 sets, avg 108 nodes, min/max 19/128 nodes
[DEBUG  ] from 55653 nodes, collect 434 sets, avg 107 nodes, min/max 22/128 nodes
[DEBUG  ] from 55612 nodes, collect 434 sets, avg 108 nodes, min/max 32/128 nodes
[DEBUG  ] from 55641 nodes, collect 434 sets, avg 106 nodes, min/max 31/128 nodes
[DEBUG  ] from 55543 nodes, collect 433 sets, avg 106 nodes, min/max 9/128 nodes
[INFO   ] iteration 25, target hpwl 8.97441e+07, delta -473224(-0.524538%), 433 independent sets, moved 56.7865% cells, runtime 12.2674 ms
[DEBUG  ] from 55572 nodes, collect 434 sets, avg 107 nodes, min/max 8/128 nodes
[DEBUG  ] from 55567 nodes, collect 434 sets, avg 107 nodes, min/max 17/128 nodes
[DEBUG  ] from 55757 nodes, collect 435 sets, avg 109 nodes, min/max 23/128 nodes
[DEBUG  ] from 55572 nodes, collect 434 sets, avg 108 nodes, min/max 37/128 nodes
[DEBUG  ] from 55466 nodes, collect 433 sets, avg 105 nodes, min/max 22/128 nodes
[INFO   ] iteration 30, target hpwl 8.97108e+07, delta -506480(-0.5614%), 433 independent sets, moved 65.8271% cells, runtime 15.6773 ms
[DEBUG  ] from 55459 nodes, collect 433 sets, avg 105 nodes, min/max 8/128 nodes
[DEBUG  ] from 55679 nodes, collect 434 sets, avg 104 nodes, min/max 15/128 nodes
[DEBUG  ] from 55638 nodes, collect 434 sets, avg 105 nodes, min/max 21/128 nodes
[DEBUG  ] from 55608 nodes, collect 434 sets, avg 108 nodes, min/max 15/128 nodes
[DEBUG  ] from 55643 nodes, collect 434 sets, avg 108 nodes, min/max 21/128 nodes
[INFO   ] iteration 35, target hpwl 8.9698e+07, delta -519344(-0.575659%), 434 independent sets, moved 74.4263% cells, runtime 12.5937 ms
[DEBUG  ] from 55728 nodes, collect 435 sets, avg 105 nodes, min/max 12/128 nodes
[DEBUG  ] from 55474 nodes, collect 433 sets, avg 106 nodes, min/max 21/128 nodes
[DEBUG  ] from 55648 nodes, collect 434 sets, avg 108 nodes, min/max 23/128 nodes
[DEBUG  ] from 55599 nodes, collect 434 sets, avg 106 nodes, min/max 15/128 nodes
[DEBUG  ] from 55622 nodes, collect 434 sets, avg 107 nodes, min/max 28/128 nodes
[INFO   ] iteration 40, target hpwl 8.96818e+07, delta -535520(-0.593589%), 434 independent sets, moved 82.9197% cells, runtime 11.4622 ms
[DEBUG  ] from 55624 nodes, collect 434 sets, avg 108 nodes, min/max 5/128 nodes
[DEBUG  ] from 55651 nodes, collect 434 sets, avg 108 nodes, min/max 17/128 nodes
[DEBUG  ] from 55584 nodes, collect 434 sets, avg 106 nodes, min/max 15/128 nodes
[DEBUG  ] from 55761 nodes, collect 435 sets, avg 104 nodes, min/max 19/128 nodes
[DEBUG  ] from 55616 nodes, collect 434 sets, avg 109 nodes, min/max 17/128 nodes
[INFO   ] iteration 45, target hpwl 8.96606e+07, delta -556680(-0.617044%), 434 independent sets, moved 91.4862% cells, runtime 21.5683 ms
[DEBUG  ] from 55515 nodes, collect 433 sets, avg 106 nodes, min/max 15/128 nodes
[DEBUG  ] from 55502 nodes, collect 433 sets, avg 104 nodes, min/max 11/128 nodes
[DEBUG  ] from 55639 nodes, collect 434 sets, avg 107 nodes, min/max 17/128 nodes
[DEBUG  ] from 55684 nodes, collect 435 sets, avg 106 nodes, min/max 27/128 nodes
[INFO   ] iteration 49, target hpwl 8.96477e+07, delta -569576(-0.631338%), 435 independent sets, moved 97.9479% cells, runtime 18.3579 ms
[DEBUG  ] random_shuffle takes 6.90929 ms, 50 runs, average 0.138186 ms
[DEBUG  ] maximal_independent_set takes 53.1855 ms, 50 runs, average 1.06371 ms
[DEBUG  ] collect_independent_sets takes 33.9368 ms, 50 runs, average 0.678736 ms
[DEBUG  ] cost_matrix_construction takes 18.1922 ms, 50 runs, average 0.363844 ms
[DEBUG  ] independent_sets_solving takes 728.838 ms, 50 runs, average 14.5768 ms
[DEBUG  ] apply_solution takes 2.06478 ms, 50 runs, average 0.0412955 ms
[INFO   ] destroying GPU memory takes 24.561 ms
[INFO   ] Kernel time 857.106 ms
[INFO   ] Independent set matching time 907.281 ms
[INFO   ] DREAMPlace - Independent set matching legal flag = 1
[INFO   ] Legality check takes 16.849 ms
[DEBUG  ] bins 256x256, bin sizes 41.7656x41.7188, die size 0, 0, 10692, 10680
[DEBUG  ] batch_size = 256, max_num_nodes_per_bin = 23, max_num_candidates = 115, max_num_candidates_all = 29440
[DEBUG  ] estimate_memory_usage = 370742960, use fast pair HPWL computation strategy requires additional memory
[INFO   ] initial hpwl = 89647720.000
[DEBUG  ] compute_search_bins takes 0.158947 ms
[INFO   ] Iteration time(ms) 	 93.8472
[INFO   ] iteration 0: hpwl 89647720.000 => 89609032.000 (imp. 0.0431556%)
[DEBUG  ] compute_search_bins takes 0.010807 ms
[INFO   ] Iteration time(ms) 	 136.971
[INFO   ] iteration 1: hpwl 89647720.000 => 89434264.000 (imp. 0.238105%)
[INFO   ] Kernel time: 231.699 ms
[INFO   ] Global swap time: 286.558 ms
[INFO   ] DREAMPlace - Global swap legal flag = 1
[INFO   ] Legality check takes 17.2775 ms
[DEBUG  ] 4-reorder
[DEBUG  ] 24 permutations
[DEBUG  ] initializing CPU DB takes 17.7136 ms
[DEBUG  ] computing independent rows takes 49.2159 ms
[DEBUG  ] computing reorder instances takes 0.862529 ms
[DEBUG  ] initializing CUDA state takes 13.7133 ms
[INFO   ] initial hpwl = 89434264.000
[DEBUG  ] enumeration takes 222.464 ms for 260 runs, average 0.85563 ms
[DEBUG  ] apply_reorder takes 4.53081 ms for 260 runs, average 0.0174262 ms
[INFO   ] Iteration time(ms) 	 227.019
[INFO   ] iteration 0: hpwl 89434264.000 => 89378320.000 (imp. 0.0625532%)
[DEBUG  ] enumeration takes 222.08 ms for 260 runs, average 0.854154 ms
[DEBUG  ] apply_reorder takes 4.55911 ms for 260 runs, average 0.017535 ms
[INFO   ] Iteration time(ms) 	 226.668
[INFO   ] iteration 1: hpwl 89434264.000 => 89368656.000 (imp. 0.0733589%)
[DEBUG  ] destroying CUDA state takes 0.755117 ms
[DEBUG  ] destroying CPU state takes 0.003486 ms
[INFO   ] Kernel time: 454.363 ms
[INFO   ] K-reorder time: 536.721 ms
[INFO   ] DREAMPlace - K-Reorder legal flag = 1
[INFO   ] DREAMPlace - detailed placement takes 4.007 seconds
[INFO   ] DREAMPlace - iteration  184, wHPWL 8.928426E+07, time 0.683ms
[INFO   ] DREAMPlace - plotting to alignfiller_n1n2_results/adaptec1/plot/iter0185.png takes 1.290 seconds
[INFO   ] DREAMPlace - non-linear placement takes 46.64 seconds
[INFO   ] DREAMPlace - writing to alignfiller_n1n2_results/adaptec1/adaptec1.gp.pl
[INFO   ] DREAMPlace - write SolutionFileFormat.BOOKSHELF takes 0.086 seconds
[INFO   ] DREAMPlace - placement takes 54.642 seconds
[INFO   ] Legality check takes 17.4364 ms
[INFO   ] writing placement to alignfiller_n1n2_results/adaptec1/plot/iter0185.png
[INFO   ] writing placement to alignfiller_n1n2_results/adaptec1/adaptec1.gp.pl
