========================================================
                       DREAMPlace
            Yibo Lin (http://yibolin.com)
   David Z. Pan (http://users.ece.utexas.edu/~dpan)
========================================================
[INFO   ] DREAMPlace - parameters = {'aux_input': 'benchmarks/ispd2005/adaptec1/adaptec1.aux', 'lef_input': '', 'def_input': '', 'verilog_input': '', 'gpu': 1, 'num_bins_x': 512, 'num_bins_y': 512, 'global_place_stages': [{'num_bins_x': 512, 'num_bins_y': 512, 'iteration': 1000, 'learning_rate': 0.01, 'wirelength': 'weighted_average', 'optimizer': 'nesterov', 'Llambda_density_weight_iteration': 1, 'Lsub_iteration': 1}], 'target_density': 1.0, 'density_weight': 8e-05, 'random_seed': 1000, 'result_dir': 'alignfiller_n1_results', 'scale_factor': 1.0, 'shift_factor': [0.0, 0.0], 'ignore_net_degree': 100, 'gp_noise_ratio': 0.025, 'enable_fillers': 1, 'global_place_flag': 1, 'legalize_flag': 1, 'abacus_legalize_flag': 1, 'detailed_place_flag': 1, 'stop_overflow': 0.07, 'dtype': 'float32', 'detailed_place_engine': '', 'detailed_place_command': '', 'plot_flag': 1, 'connectivity_grid_init_flag': 1, 'conn_init_sweeps': 32, 'conn_init_damping': 0.7, 'conn_capacity_spread_flag': 1, 'conn_spread_leaf_size': 16, 'conn_spread_density_slack': 1.5, 'conn_obstacle_project_flag': 1, 'conn_shrink_scale': 0, 'gamma_warmup_iters': 0, 'gamma_monotone_flag': 0, 'density_weight_warmup_iters': 0, 'random_uniform_init_flag': 0, 'filler_init_density_aware_flag': 0, 'initial_density_weight_absolute': 0.000102946, 'plot_iteration_interval': 40, 'RePlAce_ref_hpwl': 350000, 'RePlAce_LOWER_PCOF': 0.95, 'RePlAce_UPPER_PCOF': 1.05, 'gamma': 4.0, 'RePlAce_skip_energy_flag': 0, 'random_center_init_flag': 0, 'gift_init_flag': 0, 'gift_init_scale': 0.7, 'sort_nets_by_degree': 0, 'num_threads': 8, 'dump_global_place_solution_flag': 0, 'dump_legalize_solution_flag': 0, 'routability_opt_flag': 0, 'route_num_bins_x': 512, 'route_num_bins_y': 512, 'node_area_adjust_overflow': 0.15, 'max_num_area_adjust': 3, 'adjust_nctugr_area_flag': 0, 'adjust_rudy_area_flag': 1, 'adjust_pin_area_flag': 1, 'area_adjust_stop_ratio': 0.01, 'route_area_adjust_stop_ratio': 0.01, 'pin_area_adjust_stop_ratio': 0.05, 'unit_horizontal_capacity': 1.5625, 'unit_vertical_capacity': 1.45, 'unit_pin_capacity': 0.058, 'max_route_opt_adjust_rate': 2.0, 'route_opt_adjust_exponent': 2.0, 'pin_stretch_ratio': 1.414213562, 'max_pin_opt_adjust_rate': 1.5, 'deterministic_flag': 1, 'timing_opt_flag': 0, 'early_lib_input': '', 'late_lib_input': '', 'lib_input': '', 'sdc_input': '', 'wire_resistance_per_micron': 0, 'wire_capacitance_per_micron': 0, 'net_weighting_scheme': 'lilith', 'momentum_decay_factor': 0.5, 'enable_net_weighting': 1, 'max_net_weight': 'inf', 'use_bb': 'auto', 'macro_place_flag': 'auto', 'two_stage_density_scaler': 1000, 'macro_halo_x': 0, 'macro_halo_y': 0}
[INFO   ] DREAMPlace - set shift_factor = (459, 459), as original row bbox = (459, 459, 11151, 11139)
[INFO   ] DREAMPlace - set scale_factor = 1, as site_width = 1
[INFO   ] DREAMPlace - shift coordinate system by (459, 459), scale coordinate system by 1
[INFO   ] DREAMPlace - 
================================= Benchmark Statistics =================================
#nodes = 211447, #terminals = 543, # terminal_NIs = 0, #movable = 210904, #nets = 221142
die area = (0, 0, 10692, 10680) 1.14191e+08
row height = 12, site width = 1
#pins = 919701, #movable_pins = 905028
total_movable_node_area = 3.72863e+07, total_fixed_node_area = 4.91641e+07, total_space_area = 6.50265e+07
total_movable_cell_area = 3.72863e+07, total_movable_macro_area = 0
utilization = 0.573402, cell utilization = 0.573402, target_density = 1
use placeable_area = 6.50265e+07 to compute fillers
total_filler_node_area = 2.77402e+07, #fillers = 160067, filler sizes = 14.442x12
num_bins = 512x512, bin sizes = 1.74023x1.73828
========================================================================================
[INFO   ] DREAMPlace - reading benchmark takes 5.67489 seconds
[INFO   ] DREAMPlace - reading database takes 5.67 seconds
[INFO   ] DREAMPlace - connectivity grid init: obstacle projection enabled
[INFO   ] DREAMPlace - connectivity grid init: 32 sweeps done
[INFO   ] DREAMPlace - connectivity grid init: capacity spread, fill 0.571, cap_frac 0.856, 449893 free anchors, 210904 std cells, 0 movable macros kept at field
[INFO   ] DREAMPlace - connectivity grid init: 449893 feasible anchors
[INFO   ] DREAMPlace - non-linear placement initialization takes 12.11 seconds
[INFO   ] DREAMPlace - Global placement: 512x512 bins by default
[INFO   ] DREAMPlace - 512x512 bins #bins 512x512, bin sizes 1.74023x1.73828, max_num_bins = 6, padding = 0
[INFO   ] dreamplace.ops.electric_potential.electric_potential - regard 0 cells as movable macros in global placement
[WARNING] DREAMPlace - quadratic density penalty is disabled, density weight update is forced to be based on HPWL
[INFO   ] DREAMPlace - Optimizer 'nesterov' does not rebuild the model. Every training epoch calls the function 'step()'.
[INFO   ] DREAMPlace - use nesterov optimizer
[INFO   ] DREAMPlace - add 2.5% noise
[INFO   ] dreamplace.ops.electric_potential.electric_potential - fixed density map: average 187.546, max 435.602, bin area 435.602
[INFO   ] DREAMPlace - nesterov initialization takes 0.26127 seconds
[INFO   ] DREAMPlace - state-aligned initial density weight = 1.029460E-04
[INFO   ] DREAMPlace - density_weight = 1.029460E-04
[INFO   ] DREAMPlace - plotting to alignfiller_n1_results/adaptec1/plot/iter0000.png takes 1.449 seconds
[INFO   ] DREAMPlace - optimizer step 93.928 ms
[INFO   ] DREAMPlace - iteration    0, (   0,  0,  0), Obj 1.423177E+08, DensityWeight 0.000000E+00, wHPWL 3.452729E+08, Overflow 5.302665E-01, MaxDensity 3.235E+01, gamma 1.669688E+03, time 11.979ms
[INFO   ] DREAMPlace - full step 1576.128 ms
[INFO   ] DREAMPlace - optimizer step 214.675 ms
[INFO   ] DREAMPlace - iteration    1, (   1,  0,  0), Obj 7.920725E+07, DensityWeight 1.029460E-04, wHPWL 2.839067E+08, Overflow 4.021116E-01, MaxDensity 4.972E+00, gamma 1.509326E+02, time 5.152ms
[INFO   ] DREAMPlace - full step 227.290 ms
[INFO   ] DREAMPlace - optimizer step 66.929 ms
[INFO   ] DREAMPlace - iteration    2, (   2,  0,  0), Obj 2.313171E+08, DensityWeight 1.080717E-04, wHPWL 2.643059E+08, Overflow 3.881151E-01, MaxDensity 4.710E+00, gamma 7.834196E+01, time 5.076ms
[INFO   ] DREAMPlace - full step 79.424 ms
[INFO   ] DREAMPlace - optimizer step 71.457 ms
[INFO   ] DREAMPlace - iteration    3, (   3,  0,  0), Obj 2.143881E+08, DensityWeight 1.134412E-04, wHPWL 2.298907E+08, Overflow 4.152411E-01, MaxDensity 6.000E+00, gamma 7.292744E+01, time 5.131ms
[INFO   ] DREAMPlace - full step 79.438 ms
[INFO   ] DREAMPlace - optimizer step 11.531 ms
[INFO   ] DREAMPlace - iteration    4, (   4,  0,  0), Obj 1.987415E+08, DensityWeight 1.190657E-04, wHPWL 2.133550E+08, Overflow 4.298033E-01, MaxDensity 7.767E+00, gamma 8.378590E+01, time 0.670ms
[INFO   ] DREAMPlace - full step 12.703 ms
[INFO   ] DREAMPlace - optimizer step 2.086 ms
[INFO   ] DREAMPlace - iteration    5, (   5,  0,  0), Obj 1.852146E+08, DensityWeight 1.249564E-04, wHPWL 2.024906E+08, Overflow 4.402133E-01, MaxDensity 1.361E+01, gamma 9.026749E+01, time 0.656ms
[INFO   ] DREAMPlace - full step 3.199 ms
[INFO   ] DREAMPlace - optimizer step 6.938 ms
[INFO   ] DREAMPlace - iteration    6, (   6,  0,  0), Obj 1.747774E+08, DensityWeight 1.311256E-04, wHPWL 1.936696E+08, Overflow 4.506093E-01, MaxDensity 1.766E+01, gamma 9.520607E+01, time 1.195ms
[INFO   ] DREAMPlace - full step 10.560 ms
[INFO   ] DREAMPlace - optimizer step 18.638 ms
[INFO   ] DREAMPlace - iteration    7, (   7,  0,  0), Obj 1.653874E+08, DensityWeight 1.375855E-04, wHPWL 1.849731E+08, Overflow 4.596964E-01, MaxDensity 1.955E+01, gamma 1.004077E+02, time 2.097ms
[INFO   ] DREAMPlace - full step 25.970 ms
[INFO   ] DREAMPlace - optimizer step 18.421 ms
[INFO   ] DREAMPlace - iteration    8, (   8,  0,  0), Obj 1.578407E+08, DensityWeight 1.443492E-04, wHPWL 1.785079E+08, Overflow 4.656531E-01, MaxDensity 1.695E+01, gamma 1.051866E+02, time 5.438ms
[INFO   ] DREAMPlace - full step 31.185 ms
[INFO   ] DREAMPlace - optimizer step 18.544 ms
[INFO   ] DREAMPlace - iteration    9, (   9,  0,  0), Obj 1.511992E+08, DensityWeight 1.514303E-04, wHPWL 1.725020E+08, Overflow 4.685948E-01, MaxDensity 2.127E+01, gamma 1.084420E+02, time 5.167ms
[INFO   ] DREAMPlace - full step 31.072 ms
[INFO   ] DREAMPlace - optimizer step 22.332 ms
[INFO   ] DREAMPlace - iteration   10, (  10,  0,  0), Obj 1.457156E+08, DensityWeight 1.588429E-04, wHPWL 1.677506E+08, Overflow 4.698273E-01, MaxDensity 1.783E+01, gamma 1.100867E+02, time 5.160ms
[INFO   ] DREAMPlace - full step 32.987 ms
[INFO   ] DREAMPlace - optimizer step 22.093 ms
[INFO   ] DREAMPlace - iteration   11, (  11,  0,  0), Obj 1.410557E+08, DensityWeight 1.666017E-04, wHPWL 1.633736E+08, Overflow 4.690752E-01, MaxDensity 1.924E+01, gamma 1.107831E+02, time 58.346ms
[INFO   ] DREAMPlace - full step 85.951 ms
[INFO   ] DREAMPlace - optimizer step 20.494 ms
[INFO   ] DREAMPlace - iteration   12, (  12,  0,  0), Obj 1.370351E+08, DensityWeight 1.747220E-04, wHPWL 1.596974E+08, Overflow 4.670032E-01, MaxDensity 1.757E+01, gamma 1.103577E+02, time 5.030ms
[INFO   ] DREAMPlace - full step 32.851 ms
[INFO   ] DREAMPlace - optimizer step 20.522 ms
[INFO   ] DREAMPlace - iteration   13, (  13,  0,  0), Obj 1.332512E+08, DensityWeight 1.832197E-04, wHPWL 1.558705E+08, Overflow 4.662191E-01, MaxDensity 1.847E+01, gamma 1.091938E+02, time 5.114ms
[INFO   ] DREAMPlace - full step 32.964 ms
[INFO   ] DREAMPlace - optimizer step 20.663 ms
[INFO   ] DREAMPlace - iteration   14, (  14,  0,  0), Obj 1.299104E+08, DensityWeight 1.921115E-04, wHPWL 1.524504E+08, Overflow 4.660445E-01, MaxDensity 1.725E+01, gamma 1.087566E+02, time 5.107ms
[INFO   ] DREAMPlace - full step 31.257 ms
[INFO   ] DREAMPlace - optimizer step 20.490 ms
[INFO   ] DREAMPlace - iteration   15, (  15,  0,  0), Obj 1.265876E+08, DensityWeight 2.014147E-04, wHPWL 1.490004E+08, Overflow 4.645804E-01, MaxDensity 1.563E+01, gamma 1.086594E+02, time 3.266ms
[INFO   ] DREAMPlace - full step 31.070 ms
[INFO   ] DREAMPlace - optimizer step 20.521 ms
[INFO   ] DREAMPlace - iteration   16, (  16,  0,  0), Obj 1.234653E+08, DensityWeight 2.111474E-04, wHPWL 1.458167E+08, Overflow 4.634404E-01, MaxDensity 1.492E+01, gamma 1.078484E+02, time 5.142ms
[INFO   ] DREAMPlace - full step 31.118 ms
[INFO   ] DREAMPlace - optimizer step 20.596 ms
[INFO   ] DREAMPlace - iteration   17, (  17,  0,  0), Obj 1.205542E+08, DensityWeight 2.213281E-04, wHPWL 1.426156E+08, Overflow 4.617300E-01, MaxDensity 1.332E+01, gamma 1.072212E+02, time 5.116ms
[INFO   ] DREAMPlace - full step 33.068 ms
[INFO   ] DREAMPlace - optimizer step 20.574 ms
[INFO   ] DREAMPlace - iteration   18, (  18,  0,  0), Obj 1.179769E+08, DensityWeight 2.319766E-04, wHPWL 1.398650E+08, Overflow 4.620882E-01, MaxDensity 1.337E+01, gamma 1.062869E+02, time 5.093ms
[INFO   ] DREAMPlace - full step 33.008 ms
[INFO   ] DREAMPlace - optimizer step 20.540 ms
[INFO   ] DREAMPlace - iteration   19, (  19,  0,  0), Obj 1.155315E+08, DensityWeight 2.431130E-04, wHPWL 1.371399E+08, Overflow 4.614443E-01, MaxDensity 1.254E+01, gamma 1.064819E+02, time 3.329ms
[INFO   ] DREAMPlace - full step 31.223 ms
[INFO   ] DREAMPlace - optimizer step 23.088 ms
[INFO   ] DREAMPlace - iteration   20, (  20,  0,  0), Obj 1.131373E+08, DensityWeight 2.547586E-04, wHPWL 1.346862E+08, Overflow 4.594693E-01, MaxDensity 1.191E+01, gamma 1.061316E+02, time 5.149ms
[INFO   ] DREAMPlace - full step 35.578 ms
[INFO   ] DREAMPlace - optimizer step 20.602 ms
[INFO   ] DREAMPlace - iteration   21, (  21,  0,  0), Obj 1.108687E+08, DensityWeight 2.669354E-04, wHPWL 1.322314E+08, Overflow 4.571642E-01, MaxDensity 1.041E+01, gamma 1.050645E+02, time 5.149ms
[INFO   ] DREAMPlace - full step 31.211 ms
[INFO   ] DREAMPlace - optimizer step 18.723 ms
[INFO   ] DREAMPlace - iteration   22, (  22,  0,  0), Obj 1.089565E+08, DensityWeight 2.796662E-04, wHPWL 1.301182E+08, Overflow 4.556587E-01, MaxDensity 1.057E+01, gamma 1.038325E+02, time 5.121ms
[INFO   ] DREAMPlace - full step 31.226 ms
[INFO   ] DREAMPlace - optimizer step 12.525 ms
[INFO   ] DREAMPlace - iteration   23, (  23,  0,  0), Obj 1.072460E+08, DensityWeight 2.929748E-04, wHPWL 1.281782E+08, Overflow 4.519265E-01, MaxDensity 1.120E+01, gamma 1.030358E+02, time 5.116ms
[INFO   ] DREAMPlace - full step 20.682 ms
[INFO   ] DREAMPlace - optimizer step 3.927 ms
[INFO   ] DREAMPlace - iteration   24, (  24,  0,  0), Obj 1.055555E+08, DensityWeight 3.068861E-04, wHPWL 1.263364E+08, Overflow 4.481480E-01, MaxDensity 1.080E+01, gamma 1.010867E+02, time 0.838ms
[INFO   ] DREAMPlace - full step 5.670 ms
[INFO   ] DREAMPlace - optimizer step 17.495 ms
[INFO   ] DREAMPlace - iteration   25, (  25,  0,  0), Obj 1.040268E+08, DensityWeight 3.214258E-04, wHPWL 1.244293E+08, Overflow 4.435079E-01, MaxDensity 1.048E+01, gamma 9.915108E+01, time 0.858ms
[INFO   ] DREAMPlace - full step 23.323 ms
[INFO   ] DREAMPlace - optimizer step 22.458 ms
[INFO   ] DREAMPlace - iteration   26, (  26,  0,  0), Obj 1.027116E+08, DensityWeight 3.366208E-04, wHPWL 1.227982E+08, Overflow 4.402531E-01, MaxDensity 1.050E+01, gamma 9.682466E+01, time 5.154ms
[INFO   ] DREAMPlace - full step 34.970 ms
[INFO   ] DREAMPlace - optimizer step 22.557 ms
[INFO   ] DREAMPlace - iteration   27, (  27,  0,  0), Obj 1.015081E+08, DensityWeight 3.524987E-04, wHPWL 1.211868E+08, Overflow 4.378749E-01, MaxDensity 8.900E+00, gamma 9.522550E+01, time 5.124ms
[INFO   ] DREAMPlace - full step 35.057 ms
[INFO   ] DREAMPlace - optimizer step 22.469 ms
[INFO   ] DREAMPlace - iteration   28, (  28,  0,  0), Obj 1.002861E+08, DensityWeight 3.690887E-04, wHPWL 1.196673E+08, Overflow 4.360365E-01, MaxDensity 1.014E+01, gamma 9.407372E+01, time 2.799ms
[INFO   ] DREAMPlace - full step 32.624 ms
[INFO   ] DREAMPlace - optimizer step 22.471 ms
[INFO   ] DREAMPlace - iteration   29, (  29,  0,  0), Obj 9.902518E+07, DensityWeight 3.864208E-04, wHPWL 1.181147E+08, Overflow 4.349552E-01, MaxDensity 9.453E+00, gamma 9.319294E+01, time 2.985ms
[INFO   ] DREAMPlace - full step 32.693 ms
[INFO   ] DREAMPlace - optimizer step 22.482 ms
[INFO   ] DREAMPlace - iteration   30, (  30,  0,  0), Obj 9.784288E+07, DensityWeight 4.045265E-04, wHPWL 1.167085E+08, Overflow 4.353577E-01, MaxDensity 8.408E+00, gamma 9.267874E+01, time 5.109ms
[INFO   ] DREAMPlace - full step 32.813 ms
[INFO   ] DREAMPlace - optimizer step 22.455 ms
[INFO   ] DREAMPlace - iteration   31, (  31,  0,  0), Obj 9.670257E+07, DensityWeight 4.234380E-04, wHPWL 1.153877E+08, Overflow 4.326029E-01, MaxDensity 1.028E+01, gamma 9.286978E+01, time 5.171ms
[INFO   ] DREAMPlace - full step 34.853 ms
[INFO   ] DREAMPlace - optimizer step 22.462 ms
[INFO   ] DREAMPlace - iteration   32, (  32,  0,  0), Obj 9.557003E+07, DensityWeight 4.431893E-04, wHPWL 1.142136E+08, Overflow 4.274848E-01, MaxDensity 8.753E+00, gamma 9.156993E+01, time 5.125ms
[INFO   ] DREAMPlace - full step 32.611 ms
[INFO   ] DREAMPlace - optimizer step 22.295 ms
[INFO   ] DREAMPlace - iteration   33, (  33,  0,  0), Obj 9.466902E+07, DensityWeight 4.638156E-04, wHPWL 1.130646E+08, Overflow 4.200168E-01, MaxDensity 9.326E+00, gamma 8.920294E+01, time 5.125ms
[INFO   ] DREAMPlace - full step 32.548 ms
[INFO   ] DREAMPlace - optimizer step 20.069 ms
[INFO   ] DREAMPlace - iteration   34, (  34,  0,  0), Obj 9.409777E+07, DensityWeight 4.853533E-04, wHPWL 1.121696E+08, Overflow 4.142299E-01, MaxDensity 8.282E+00, gamma 8.585858E+01, time 5.128ms
[INFO   ] DREAMPlace - full step 32.551 ms
[INFO   ] DREAMPlace - optimizer step 19.512 ms
[INFO   ] DREAMPlace - iteration   35, (  35,  0,  0), Obj 9.372742E+07, DensityWeight 5.078403E-04, wHPWL 1.113235E+08, Overflow 4.117464E-01, MaxDensity 7.711E+00, gamma 8.335352E+01, time 7.892ms
[INFO   ] DREAMPlace - full step 34.766 ms
[INFO   ] DREAMPlace - optimizer step 18.182 ms
[INFO   ] DREAMPlace - iteration   36, (  36,  0,  0), Obj 9.323994E+07, DensityWeight 5.313160E-04, wHPWL 1.104473E+08, Overflow 4.085900E-01, MaxDensity 8.423E+00, gamma 8.230098E+01, time 5.156ms
[INFO   ] DREAMPlace - full step 30.709 ms
[INFO   ] DREAMPlace - optimizer step 22.322 ms
[INFO   ] DREAMPlace - iteration   37, (  37,  0,  0), Obj 9.246796E+07, DensityWeight 5.558213E-04, wHPWL 1.094268E+08, Overflow 4.060290E-01, MaxDensity 7.534E+00, gamma 8.098244E+01, time 5.137ms
[INFO   ] DREAMPlace - full step 34.808 ms
[INFO   ] DREAMPlace - optimizer step 22.696 ms
[INFO   ] DREAMPlace - iteration   38, (  38,  0,  0), Obj 9.170527E+07, DensityWeight 5.813988E-04, wHPWL 1.083931E+08, Overflow 4.036491E-01, MaxDensity 7.484E+00, gamma 7.992814E+01, time 5.152ms
[INFO   ] DREAMPlace - full step 35.203 ms
[INFO   ] DREAMPlace - optimizer step 22.703 ms
[INFO   ] DREAMPlace - iteration   39, (  39,  0,  0), Obj 9.104130E+07, DensityWeight 6.080924E-04, wHPWL 1.075049E+08, Overflow 4.004812E-01, MaxDensity 7.296E+00, gamma 7.896069E+01, time 5.217ms
[INFO   ] DREAMPlace - full step 35.309 ms
[INFO   ] DREAMPlace - plotting to alignfiller_n1_results/adaptec1/plot/iter0040.png takes 1.289 seconds
[INFO   ] DREAMPlace - optimizer step 21.468 ms
[INFO   ] DREAMPlace - iteration   40, (  40,  0,  0), Obj 9.041623E+07, DensityWeight 6.359480E-04, wHPWL 1.066966E+08, Overflow 3.967291E-01, MaxDensity 6.802E+00, gamma 7.769109E+01, time 6.013ms
[INFO   ] DREAMPlace - full step 1323.096 ms
[INFO   ] DREAMPlace - optimizer step 22.499 ms
[INFO   ] DREAMPlace - iteration   41, (  41,  0,  0), Obj 8.984382E+07, DensityWeight 6.650132E-04, wHPWL 1.058835E+08, Overflow 3.933538E-01, MaxDensity 6.594E+00, gamma 7.621372E+01, time 5.153ms
[INFO   ] DREAMPlace - full step 35.054 ms
[INFO   ] DREAMPlace - optimizer step 22.448 ms
[INFO   ] DREAMPlace - iteration   42, (  42,  0,  0), Obj 8.936528E+07, DensityWeight 6.953371E-04, wHPWL 1.051664E+08, Overflow 3.870216E-01, MaxDensity 6.502E+00, gamma 7.490874E+01, time 5.141ms
[INFO   ] DREAMPlace - full step 34.664 ms
[INFO   ] DREAMPlace - optimizer step 22.511 ms
[INFO   ] DREAMPlace - iteration   43, (  43,  0,  0), Obj 8.890315E+07, DensityWeight 7.269710E-04, wHPWL 1.044636E+08, Overflow 3.833086E-01, MaxDensity 6.372E+00, gamma 7.252053E+01, time 5.104ms
[INFO   ] DREAMPlace - full step 35.015 ms
[INFO   ] DREAMPlace - optimizer step 22.763 ms
[INFO   ] DREAMPlace - iteration   44, (  44,  0,  0), Obj 8.858408E+07, DensityWeight 7.599681E-04, wHPWL 1.037541E+08, Overflow 3.809582E-01, MaxDensity 6.611E+00, gamma 7.115573E+01, time 6.315ms
[INFO   ] DREAMPlace - full step 34.310 ms
[INFO   ] DREAMPlace - optimizer step 22.519 ms
[INFO   ] DREAMPlace - iteration   45, (  45,  0,  0), Obj 8.820071E+07, DensityWeight 7.943835E-04, wHPWL 1.031024E+08, Overflow 3.784331E-01, MaxDensity 6.635E+00, gamma 7.030508E+01, time 5.133ms
[INFO   ] DREAMPlace - full step 35.033 ms
[INFO   ] DREAMPlace - optimizer step 19.623 ms
[INFO   ] DREAMPlace - iteration   46, (  46,  0,  0), Obj 8.770487E+07, DensityWeight 8.302744E-04, wHPWL 1.024183E+08, Overflow 3.750141E-01, MaxDensity 6.484E+00, gamma 6.940254E+01, time 5.111ms
[INFO   ] DREAMPlace - full step 32.094 ms
[INFO   ] DREAMPlace - optimizer step 22.536 ms
[INFO   ] DREAMPlace - iteration   47, (  47,  0,  0), Obj 8.723347E+07, DensityWeight 8.677002E-04, wHPWL 1.017282E+08, Overflow 3.715950E-01, MaxDensity 6.640E+00, gamma 6.819895E+01, time 5.142ms
[INFO   ] DREAMPlace - full step 35.041 ms
[INFO   ] DREAMPlace - optimizer step 19.746 ms
[INFO   ] DREAMPlace - iteration   48, (  48,  0,  0), Obj 8.690384E+07, DensityWeight 9.067223E-04, wHPWL 1.011848E+08, Overflow 3.666859E-01, MaxDensity 6.166E+00, gamma 6.701617E+01, time 5.117ms
[INFO   ] DREAMPlace - full step 32.231 ms
[INFO   ] DREAMPlace - optimizer step 22.537 ms
[INFO   ] DREAMPlace - iteration   49, (  49,  0,  0), Obj 8.661726E+07, DensityWeight 9.474044E-04, wHPWL 1.006676E+08, Overflow 3.607270E-01, MaxDensity 5.700E+00, gamma 6.535374E+01, time 5.133ms
[INFO   ] DREAMPlace - full step 35.044 ms
[INFO   ] DREAMPlace - optimizer step 85.945 ms
[INFO   ] DREAMPlace - iteration   50, (  50,  0,  0), Obj 8.639302E+07, DensityWeight 9.898129E-04, wHPWL 1.001649E+08, Overflow 3.553313E-01, MaxDensity 5.855E+00, gamma 6.339115E+01, time 5.088ms
[INFO   ] DREAMPlace - full step 98.391 ms
[INFO   ] DREAMPlace - optimizer step 22.501 ms
[INFO   ] DREAMPlace - iteration   51, (  51,  0,  0), Obj 8.624986E+07, DensityWeight 1.034016E-03, wHPWL 9.965862E+07, Overflow 3.510338E-01, MaxDensity 5.558E+00, gamma 6.166491E+01, time 5.099ms
[INFO   ] DREAMPlace - full step 34.864 ms
[INFO   ] DREAMPlace - optimizer step 20.633 ms
[INFO   ] DREAMPlace - iteration   52, (  52,  0,  0), Obj 8.609054E+07, DensityWeight 1.080086E-03, wHPWL 9.919012E+07, Overflow 3.481266E-01, MaxDensity 7.236E+00, gamma 6.032371E+01, time 5.138ms
[INFO   ] DREAMPlace - full step 33.042 ms
[INFO   ] DREAMPlace - optimizer step 22.036 ms
[INFO   ] DREAMPlace - iteration   53, (  53,  0,  0), Obj 8.584665E+07, DensityWeight 1.128095E-03, wHPWL 9.865397E+07, Overflow 3.460719E-01, MaxDensity 5.987E+00, gamma 5.943300E+01, time 8.016ms
[INFO   ] DREAMPlace - full step 37.306 ms
[INFO   ] DREAMPlace - optimizer step 22.510 ms
[INFO   ] DREAMPlace - iteration   54, (  54,  0,  0), Obj 8.553242E+07, DensityWeight 1.178120E-03, wHPWL 9.812665E+07, Overflow 3.436416E-01, MaxDensity 5.446E+00, gamma 5.881141E+01, time 5.419ms
[INFO   ] DREAMPlace - full step 34.403 ms
[INFO   ] DREAMPlace - optimizer step 22.462 ms
[INFO   ] DREAMPlace - iteration   55, (  55,  0,  0), Obj 8.521300E+07, DensityWeight 1.230241E-03, wHPWL 9.762861E+07, Overflow 3.388786E-01, MaxDensity 5.631E+00, gamma 5.808459E+01, time 5.055ms
[INFO   ] DREAMPlace - full step 34.814 ms
[INFO   ] DREAMPlace - optimizer step 22.527 ms
[INFO   ] DREAMPlace - iteration   56, (  56,  0,  0), Obj 8.493844E+07, DensityWeight 1.284539E-03, wHPWL 9.718395E+07, Overflow 3.334506E-01, MaxDensity 5.775E+00, gamma 5.668609E+01, time 5.118ms
[INFO   ] DREAMPlace - full step 34.919 ms
[INFO   ] DREAMPlace - optimizer step 21.879 ms
[INFO   ] DREAMPlace - iteration   57, (  57,  0,  0), Obj 8.481466E+07, DensityWeight 1.341100E-03, wHPWL 9.679529E+07, Overflow 3.281698E-01, MaxDensity 5.658E+00, gamma 5.513334E+01, time 5.121ms
[INFO   ] DREAMPlace - full step 32.094 ms
[INFO   ] DREAMPlace - optimizer step 22.586 ms
[INFO   ] DREAMPlace - iteration   58, (  58,  0,  0), Obj 8.476406E+07, DensityWeight 1.400011E-03, wHPWL 9.646778E+07, Overflow 3.231443E-01, MaxDensity 5.649E+00, gamma 5.366352E+01, time 5.136ms
[INFO   ] DREAMPlace - full step 34.952 ms
[INFO   ] DREAMPlace - optimizer step 19.577 ms
[INFO   ] DREAMPlace - iteration   59, (  59,  0,  0), Obj 8.470024E+07, DensityWeight 1.461363E-03, wHPWL 9.611655E+07, Overflow 3.195840E-01, MaxDensity 5.757E+00, gamma 5.230117E+01, time 5.037ms
[INFO   ] DREAMPlace - full step 31.893 ms
[INFO   ] DREAMPlace - optimizer step 22.447 ms
[INFO   ] DREAMPlace - iteration   60, (  60,  0,  0), Obj 8.459046E+07, DensityWeight 1.525252E-03, wHPWL 9.573339E+07, Overflow 3.161479E-01, MaxDensity 5.274E+00, gamma 5.135701E+01, time 5.141ms
[INFO   ] DREAMPlace - full step 34.892 ms
[INFO   ] DREAMPlace - optimizer step 21.915 ms
[INFO   ] DREAMPlace - iteration   61, (  61,  0,  0), Obj 8.443595E+07, DensityWeight 1.591774E-03, wHPWL 9.535671E+07, Overflow 3.120617E-01, MaxDensity 5.696E+00, gamma 5.046193E+01, time 5.119ms
[INFO   ] DREAMPlace - full step 34.338 ms
[INFO   ] DREAMPlace - optimizer step 22.355 ms
[INFO   ] DREAMPlace - iteration   62, (  62,  0,  0), Obj 8.428827E+07, DensityWeight 1.661032E-03, wHPWL 9.500842E+07, Overflow 3.074332E-01, MaxDensity 5.382E+00, gamma 4.941780E+01, time 5.230ms
[INFO   ] DREAMPlace - full step 34.828 ms
[INFO   ] DREAMPlace - optimizer step 22.221 ms
[INFO   ] DREAMPlace - iteration   63, (  63,  0,  0), Obj 8.419462E+07, DensityWeight 1.733130E-03, wHPWL 9.469232E+07, Overflow 3.036356E-01, MaxDensity 5.445E+00, gamma 4.826117E+01, time 4.961ms
[INFO   ] DREAMPlace - full step 34.435 ms
[INFO   ] DREAMPlace - optimizer step 22.236 ms
[INFO   ] DREAMPlace - iteration   64, (  64,  0,  0), Obj 8.414263E+07, DensityWeight 1.808176E-03, wHPWL 9.441231E+07, Overflow 3.006224E-01, MaxDensity 5.384E+00, gamma 4.733244E+01, time 5.251ms
[INFO   ] DREAMPlace - full step 34.799 ms
[INFO   ] DREAMPlace - optimizer step 24.605 ms
[INFO   ] DREAMPlace - iteration   65, (  65,  0,  0), Obj 8.405498E+07, DensityWeight 1.886284E-03, wHPWL 9.412226E+07, Overflow 2.980084E-01, MaxDensity 5.204E+00, gamma 4.660825E+01, time 5.123ms
[INFO   ] DREAMPlace - full step 37.007 ms
[INFO   ] DREAMPlace - optimizer step 15.449 ms
[INFO   ] DREAMPlace - iteration   66, (  66,  0,  0), Obj 8.392550E+07, DensityWeight 1.967568E-03, wHPWL 9.382120E+07, Overflow 2.948020E-01, MaxDensity 4.948E+00, gamma 4.598899E+01, time 7.664ms
[INFO   ] DREAMPlace - full step 30.398 ms
[INFO   ] DREAMPlace - optimizer step 18.510 ms
[INFO   ] DREAMPlace - iteration   67, (  67,  0,  0), Obj 8.379298E+07, DensityWeight 2.052151E-03, wHPWL 9.353580E+07, Overflow 2.904493E-01, MaxDensity 4.832E+00, gamma 4.524061E+01, time 5.133ms
[INFO   ] DREAMPlace - full step 30.911 ms
[INFO   ] DREAMPlace - optimizer step 22.442 ms
[INFO   ] DREAMPlace - iteration   68, (  68,  0,  0), Obj 8.370879E+07, DensityWeight 2.140155E-03, wHPWL 9.329080E+07, Overflow 2.858015E-01, MaxDensity 4.904E+00, gamma 4.424414E+01, time 5.125ms
[INFO   ] DREAMPlace - full step 31.584 ms
[INFO   ] DREAMPlace - optimizer step 20.451 ms
[INFO   ] DREAMPlace - iteration   69, (  69,  0,  0), Obj 8.368509E+07, DensityWeight 2.231710E-03, wHPWL 9.307211E+07, Overflow 2.813519E-01, MaxDensity 4.668E+00, gamma 4.320434E+01, time 5.147ms
[INFO   ] DREAMPlace - full step 32.895 ms
[INFO   ] DREAMPlace - optimizer step 24.655 ms
[INFO   ] DREAMPlace - iteration   70, (  70,  0,  0), Obj 8.369523E+07, DensityWeight 2.326948E-03, wHPWL 9.288264E+07, Overflow 2.782135E-01, MaxDensity 5.048E+00, gamma 4.223178E+01, time 5.183ms
[INFO   ] DREAMPlace - full step 34.912 ms
[INFO   ] DREAMPlace - optimizer step 20.519 ms
[INFO   ] DREAMPlace - iteration   71, (  71,  0,  0), Obj 8.368350E+07, DensityWeight 2.426009E-03, wHPWL 9.267214E+07, Overflow 2.742621E-01, MaxDensity 4.264E+00, gamma 4.155901E+01, time 2.878ms
[INFO   ] DREAMPlace - full step 29.065 ms
[INFO   ] DREAMPlace - optimizer step 18.848 ms
[INFO   ] DREAMPlace - iteration   72, (  72,  0,  0), Obj 8.362367E+07, DensityWeight 2.529034E-03, wHPWL 9.245848E+07, Overflow 2.716383E-01, MaxDensity 4.427E+00, gamma 4.072718E+01, time 5.122ms
[INFO   ] DREAMPlace - full step 31.200 ms
[INFO   ] DREAMPlace - optimizer step 20.895 ms
[INFO   ] DREAMPlace - iteration   73, (  73,  0,  0), Obj 8.359558E+07, DensityWeight 2.636170E-03, wHPWL 9.225392E+07, Overflow 2.682947E-01, MaxDensity 4.516E+00, gamma 4.018406E+01, time 5.092ms
[INFO   ] DREAMPlace - full step 31.246 ms
[INFO   ] DREAMPlace - optimizer step 13.620 ms
[INFO   ] DREAMPlace - iteration   74, (  74,  0,  0), Obj 8.355717E+07, DensityWeight 2.747570E-03, wHPWL 9.209054E+07, Overflow 2.646029E-01, MaxDensity 4.709E+00, gamma 3.950240E+01, time 5.116ms
[INFO   ] DREAMPlace - full step 26.027 ms
[INFO   ] DREAMPlace - optimizer step 22.162 ms
[INFO   ] DREAMPlace - iteration   75, (  75,  0,  0), Obj 8.353160E+07, DensityWeight 2.863391E-03, wHPWL 9.192211E+07, Overflow 2.604398E-01, MaxDensity 4.155E+00, gamma 3.876318E+01, time 5.384ms
[INFO   ] DREAMPlace - full step 30.753 ms
[INFO   ] DREAMPlace - optimizer step 22.916 ms
[INFO   ] DREAMPlace - iteration   76, (  76,  0,  0), Obj 8.352695E+07, DensityWeight 2.983797E-03, wHPWL 9.176475E+07, Overflow 2.557796E-01, MaxDensity 4.397E+00, gamma 3.794617E+01, time 5.151ms
[INFO   ] DREAMPlace - full step 35.331 ms
[INFO   ] DREAMPlace - optimizer step 20.658 ms
[INFO   ] DREAMPlace - iteration   77, (  77,  0,  0), Obj 8.353262E+07, DensityWeight 3.108954E-03, wHPWL 9.160204E+07, Overflow 2.512819E-01, MaxDensity 5.065E+00, gamma 3.705204E+01, time 5.091ms
[INFO   ] DREAMPlace - full step 33.136 ms
[INFO   ] DREAMPlace - optimizer step 20.483 ms
[INFO   ] DREAMPlace - iteration   78, (  78,  0,  0), Obj 8.355614E+07, DensityWeight 3.239037E-03, wHPWL 9.144192E+07, Overflow 2.476297E-01, MaxDensity 5.051E+00, gamma 3.620905E+01, time 3.501ms
[INFO   ] DREAMPlace - full step 31.265 ms
[INFO   ] DREAMPlace - optimizer step 18.871 ms
[INFO   ] DREAMPlace - iteration   79, (  79,  0,  0), Obj 8.357414E+07, DensityWeight 3.374226E-03, wHPWL 9.127965E+07, Overflow 2.437987E-01, MaxDensity 4.449E+00, gamma 3.553868E+01, time 5.148ms
[INFO   ] DREAMPlace - full step 31.296 ms
[INFO   ] DREAMPlace - plotting to alignfiller_n1_results/adaptec1/plot/iter0080.png takes 1.258 seconds
[INFO   ] DREAMPlace - optimizer step 20.124 ms
[INFO   ] DREAMPlace - iteration   80, (  80,  0,  0), Obj 8.356691E+07, DensityWeight 3.514706E-03, wHPWL 9.112242E+07, Overflow 2.409711E-01, MaxDensity 4.399E+00, gamma 3.484880E+01, time 5.146ms
[INFO   ] DREAMPlace - full step 1294.170 ms
[INFO   ] DREAMPlace - optimizer step 19.837 ms
[INFO   ] DREAMPlace - iteration   81, (  81,  0,  0), Obj 8.355659E+07, DensityWeight 3.660668E-03, wHPWL 9.095797E+07, Overflow 2.378229E-01, MaxDensity 4.576E+00, gamma 3.434822E+01, time 5.055ms
[INFO   ] DREAMPlace - full step 32.254 ms
[INFO   ] DREAMPlace - optimizer step 22.488 ms
[INFO   ] DREAMPlace - iteration   82, (  82,  0,  0), Obj 8.353044E+07, DensityWeight 3.812310E-03, wHPWL 9.081290E+07, Overflow 2.349754E-01, MaxDensity 5.426E+00, gamma 3.379935E+01, time 4.234ms
[INFO   ] DREAMPlace - full step 33.970 ms
[INFO   ] DREAMPlace - optimizer step 21.566 ms
[INFO   ] DREAMPlace - iteration   83, (  83,  0,  0), Obj 8.351158E+07, DensityWeight 3.969837E-03, wHPWL 9.067224E+07, Overflow 2.315585E-01, MaxDensity 4.240E+00, gamma 3.331046E+01, time 5.326ms
[INFO   ] DREAMPlace - full step 34.169 ms
[INFO   ] DREAMPlace - optimizer step 23.542 ms
[INFO   ] DREAMPlace - iteration   84, (  84,  0,  0), Obj 8.349091E+07, DensityWeight 4.133460E-03, wHPWL 9.053811E+07, Overflow 2.277022E-01, MaxDensity 4.344E+00, gamma 3.273311E+01, time 8.165ms
[INFO   ] DREAMPlace - full step 38.994 ms
[INFO   ] DREAMPlace - optimizer step 28.020 ms
[INFO   ] DREAMPlace - iteration   85, (  85,  0,  0), Obj 8.348720E+07, DensityWeight 4.303396E-03, wHPWL 9.041176E+07, Overflow 2.237981E-01, MaxDensity 4.217E+00, gamma 3.209356E+01, time 5.597ms
[INFO   ] DREAMPlace - full step 41.110 ms
[INFO   ] DREAMPlace - optimizer step 22.039 ms
[INFO   ] DREAMPlace - iteration   86, (  86,  0,  0), Obj 8.350314E+07, DensityWeight 4.479871E-03, wHPWL 9.029494E+07, Overflow 2.207956E-01, MaxDensity 3.669E+00, gamma 3.145880E+01, time 5.151ms
[INFO   ] DREAMPlace - full step 34.472 ms
[INFO   ] DREAMPlace - optimizer step 22.027 ms
[INFO   ] DREAMPlace - iteration   87, (  87,  0,  0), Obj 8.352148E+07, DensityWeight 4.663116E-03, wHPWL 9.018406E+07, Overflow 2.174412E-01, MaxDensity 3.555E+00, gamma 3.097918E+01, time 9.372ms
[INFO   ] DREAMPlace - full step 38.687 ms
[INFO   ] DREAMPlace - optimizer step 25.550 ms
[INFO   ] DREAMPlace - iteration   88, (  88,  0,  0), Obj 8.351138E+07, DensityWeight 4.853372E-03, wHPWL 9.006379E+07, Overflow 2.144077E-01, MaxDensity 3.572E+00, gamma 3.045199E+01, time 6.260ms
[INFO   ] DREAMPlace - full step 39.116 ms
[INFO   ] DREAMPlace - optimizer step 22.421 ms
[INFO   ] DREAMPlace - iteration   89, (  89,  0,  0), Obj 8.349674E+07, DensityWeight 5.050885E-03, wHPWL 8.993526E+07, Overflow 2.113510E-01, MaxDensity 3.729E+00, gamma 2.998295E+01, time 5.229ms
[INFO   ] DREAMPlace - full step 34.135 ms
[INFO   ] DREAMPlace - optimizer step 6.630 ms
[INFO   ] DREAMPlace - iteration   90, (  90,  0,  0), Obj 8.347611E+07, DensityWeight 5.255910E-03, wHPWL 8.980561E+07, Overflow 2.082313E-01, MaxDensity 3.599E+00, gamma 2.951765E+01, time 12.587ms
[INFO   ] DREAMPlace - full step 22.190 ms
[INFO   ] DREAMPlace - optimizer step 3.039 ms
[INFO   ] DREAMPlace - iteration   91, (  91,  0,  0), Obj 8.345310E+07, DensityWeight 5.468710E-03, wHPWL 8.967728E+07, Overflow 2.054200E-01, MaxDensity 3.777E+00, gamma 2.905020E+01, time 1.384ms
[INFO   ] DREAMPlace - full step 5.338 ms
[INFO   ] DREAMPlace - optimizer step 38.664 ms
[INFO   ] DREAMPlace - iteration   92, (  92,  0,  0), Obj 8.340791E+07, DensityWeight 5.689558E-03, wHPWL 8.951722E+07, Overflow 2.022812E-01, MaxDensity 3.799E+00, gamma 2.863531E+01, time 1.662ms
[INFO   ] DREAMPlace - full step 45.432 ms
[INFO   ] DREAMPlace - optimizer step 43.374 ms
[INFO   ] DREAMPlace - iteration   93, (  93,  0,  0), Obj 8.312332E+07, DensityWeight 5.918731E-03, wHPWL 8.902071E+07, Overflow 2.009194E-01, MaxDensity 3.675E+00, gamma 2.817908E+01, time 5.149ms
[INFO   ] DREAMPlace - full step 55.812 ms
[INFO   ] DREAMPlace - optimizer step 45.022 ms
[INFO   ] DREAMPlace - iteration   94, (  94,  0,  0), Obj 8.300495E+07, DensityWeight 6.156521E-03, wHPWL 8.870800E+07, Overflow 1.986865E-01, MaxDensity 3.857E+00, gamma 2.798341E+01, time 0.945ms
[INFO   ] DREAMPlace - full step 53.279 ms
[INFO   ] DREAMPlace - optimizer step 45.103 ms
[INFO   ] DREAMPlace - iteration   95, (  95,  0,  0), Obj 8.297352E+07, DensityWeight 6.403224E-03, wHPWL 8.858959E+07, Overflow 1.951274E-01, MaxDensity 3.414E+00, gamma 2.766550E+01, time 5.119ms
[INFO   ] DREAMPlace - full step 55.807 ms
[INFO   ] DREAMPlace - optimizer step 22.467 ms
[INFO   ] DREAMPlace - iteration   96, (  96,  0,  0), Obj 8.297712E+07, DensityWeight 6.659146E-03, wHPWL 8.850749E+07, Overflow 1.911211E-01, MaxDensity 3.505E+00, gamma 2.716623E+01, time 5.157ms
[INFO   ] DREAMPlace - full step 34.883 ms
[INFO   ] DREAMPlace - optimizer step 45.076 ms
[INFO   ] DREAMPlace - iteration   97, (  97,  0,  0), Obj 8.302415E+07, DensityWeight 6.924605E-03, wHPWL 8.846362E+07, Overflow 1.870703E-01, MaxDensity 3.543E+00, gamma 2.661500E+01, time 1.094ms
[INFO   ] DREAMPlace - full step 53.453 ms
[INFO   ] DREAMPlace - optimizer step 22.471 ms
[INFO   ] DREAMPlace - iteration   98, (  98,  0,  0), Obj 8.307257E+07, DensityWeight 7.199925E-03, wHPWL 8.840304E+07, Overflow 1.838731E-01, MaxDensity 3.149E+00, gamma 2.606902E+01, time 5.111ms
[INFO   ] DREAMPlace - full step 34.853 ms
[INFO   ] DREAMPlace - optimizer step 18.683 ms
[INFO   ] DREAMPlace - iteration   99, (  99,  0,  0), Obj 8.312399E+07, DensityWeight 7.485444E-03, wHPWL 8.834888E+07, Overflow 1.814639E-01, MaxDensity 3.380E+00, gamma 2.564601E+01, time 5.157ms
[INFO   ] DREAMPlace - full step 31.128 ms
[INFO   ] DREAMPlace - optimizer step 18.670 ms
[INFO   ] DREAMPlace - iteration  100, ( 100,  0,  0), Obj 8.316145E+07, DensityWeight 7.781507E-03, wHPWL 8.830059E+07, Overflow 1.792066E-01, MaxDensity 3.114E+00, gamma 2.533180E+01, time 5.121ms
[INFO   ] DREAMPlace - full step 31.060 ms
[INFO   ] DREAMPlace - optimizer step 22.527 ms
[INFO   ] DREAMPlace - iteration  101, ( 101,  0,  0), Obj 8.318233E+07, DensityWeight 8.088471E-03, wHPWL 8.825482E+07, Overflow 1.769351E-01, MaxDensity 3.142E+00, gamma 2.504089E+01, time 5.131ms
[INFO   ] DREAMPlace - full step 34.966 ms
[INFO   ] DREAMPlace - optimizer step 22.427 ms
[INFO   ] DREAMPlace - iteration  102, ( 102,  0,  0), Obj 8.320030E+07, DensityWeight 8.406703E-03, wHPWL 8.821213E+07, Overflow 1.740348E-01, MaxDensity 3.189E+00, gamma 2.475153E+01, time 5.147ms
[INFO   ] DREAMPlace - full step 34.822 ms
[INFO   ] DREAMPlace - optimizer step 22.509 ms
[INFO   ] DREAMPlace - iteration  103, ( 103,  0,  0), Obj 8.322140E+07, DensityWeight 8.736582E-03, wHPWL 8.817746E+07, Overflow 1.712834E-01, MaxDensity 3.177E+00, gamma 2.438691E+01, time 2.992ms
[INFO   ] DREAMPlace - full step 31.015 ms
[INFO   ] DREAMPlace - optimizer step 18.745 ms
[INFO   ] DREAMPlace - iteration  104, ( 104,  0,  0), Obj 8.325678E+07, DensityWeight 9.078498E-03, wHPWL 8.814852E+07, Overflow 1.683328E-01, MaxDensity 3.134E+00, gamma 2.404599E+01, time 5.161ms
[INFO   ] DREAMPlace - full step 31.180 ms
[INFO   ] DREAMPlace - optimizer step 18.990 ms
[INFO   ] DREAMPlace - iteration  105, ( 105,  0,  0), Obj 8.328919E+07, DensityWeight 9.432850E-03, wHPWL 8.811803E+07, Overflow 1.655028E-01, MaxDensity 3.079E+00, gamma 2.368568E+01, time 5.127ms
[INFO   ] DREAMPlace - full step 31.339 ms
[INFO   ] DREAMPlace - optimizer step 86.155 ms
[INFO   ] DREAMPlace - iteration  106, ( 106,  0,  0), Obj 8.332368E+07, DensityWeight 9.800055E-03, wHPWL 8.808579E+07, Overflow 1.624246E-01, MaxDensity 2.958E+00, gamma 2.334517E+01, time 5.136ms
[INFO   ] DREAMPlace - full step 98.577 ms
[INFO   ] DREAMPlace - optimizer step 18.669 ms
[INFO   ] DREAMPlace - iteration  107, ( 107,  0,  0), Obj 8.335399E+07, DensityWeight 1.018054E-02, wHPWL 8.805115E+07, Overflow 1.599540E-01, MaxDensity 2.836E+00, gamma 2.298034E+01, time 5.143ms
[INFO   ] DREAMPlace - full step 31.054 ms
[INFO   ] DREAMPlace - optimizer step 18.697 ms
[INFO   ] DREAMPlace - iteration  108, ( 108,  0,  0), Obj 8.338938E+07, DensityWeight 1.057473E-02, wHPWL 8.801747E+07, Overflow 1.573576E-01, MaxDensity 3.047E+00, gamma 2.269167E+01, time 5.137ms
[INFO   ] DREAMPlace - full step 31.077 ms
[INFO   ] DREAMPlace - optimizer step 22.579 ms
[INFO   ] DREAMPlace - iteration  109, ( 109,  0,  0), Obj 8.341414E+07, DensityWeight 1.098309E-02, wHPWL 8.798574E+07, Overflow 1.547745E-01, MaxDensity 2.847E+00, gamma 2.239219E+01, time 5.115ms
[INFO   ] DREAMPlace - full step 35.008 ms
[INFO   ] DREAMPlace - optimizer step 22.512 ms
[INFO   ] DREAMPlace - iteration  110, ( 110,  0,  0), Obj 8.344116E+07, DensityWeight 1.140608E-02, wHPWL 8.795599E+07, Overflow 1.523213E-01, MaxDensity 2.806E+00, gamma 2.209818E+01, time 5.128ms
[INFO   ] DREAMPlace - full step 34.863 ms
[INFO   ] DREAMPlace - optimizer step 22.446 ms
[INFO   ] DREAMPlace - iteration  111, ( 111,  0,  0), Obj 8.346804E+07, DensityWeight 1.184417E-02, wHPWL 8.792594E+07, Overflow 1.498433E-01, MaxDensity 2.804E+00, gamma 2.182252E+01, time 5.039ms
[INFO   ] DREAMPlace - full step 33.186 ms
[INFO   ] DREAMPlace - optimizer step 22.819 ms
[INFO   ] DREAMPlace - iteration  112, ( 112,  0,  0), Obj 8.349310E+07, DensityWeight 1.229787E-02, wHPWL 8.789752E+07, Overflow 1.471305E-01, MaxDensity 2.681E+00, gamma 2.154756E+01, time 5.116ms
[INFO   ] DREAMPlace - full step 35.206 ms
[INFO   ] DREAMPlace - optimizer step 20.721 ms
[INFO   ] DREAMPlace - iteration  113, ( 113,  0,  0), Obj 8.351870E+07, DensityWeight 1.276766E-02, wHPWL 8.786985E+07, Overflow 1.445419E-01, MaxDensity 2.946E+00, gamma 2.125053E+01, time 5.270ms
[INFO   ] DREAMPlace - full step 33.281 ms
[INFO   ] DREAMPlace - optimizer step 18.371 ms
[INFO   ] DREAMPlace - iteration  114, ( 114,  0,  0), Obj 8.354954E+07, DensityWeight 1.325408E-02, wHPWL 8.784419E+07, Overflow 1.418917E-01, MaxDensity 2.703E+00, gamma 2.097091E+01, time 5.478ms
[INFO   ] DREAMPlace - full step 31.110 ms
[INFO   ] DREAMPlace - optimizer step 22.568 ms
[INFO   ] DREAMPlace - iteration  115, ( 115,  0,  0), Obj 8.357929E+07, DensityWeight 1.375765E-02, wHPWL 8.781853E+07, Overflow 1.394598E-01, MaxDensity 2.884E+00, gamma 2.068844E+01, time 5.138ms
[INFO   ] DREAMPlace - full step 31.079 ms
[INFO   ] DREAMPlace - optimizer step 22.525 ms
[INFO   ] DREAMPlace - iteration  116, ( 116,  0,  0), Obj 8.361072E+07, DensityWeight 1.427892E-02, wHPWL 8.779531E+07, Overflow 1.373453E-01, MaxDensity 2.870E+00, gamma 2.043260E+01, time 5.141ms
[INFO   ] DREAMPlace - full step 34.966 ms
[INFO   ] DREAMPlace - optimizer step 22.462 ms
[INFO   ] DREAMPlace - iteration  117, ( 117,  0,  0), Obj 8.363882E+07, DensityWeight 1.481846E-02, wHPWL 8.777157E+07, Overflow 1.351599E-01, MaxDensity 2.551E+00, gamma 2.021272E+01, time 5.041ms
[INFO   ] DREAMPlace - full step 34.709 ms
[INFO   ] DREAMPlace - optimizer step 22.418 ms
[INFO   ] DREAMPlace - iteration  118, ( 118,  0,  0), Obj 8.366238E+07, DensityWeight 1.537685E-02, wHPWL 8.775053E+07, Overflow 1.329059E-01, MaxDensity 2.749E+00, gamma 1.998795E+01, time 2.992ms
[INFO   ] DREAMPlace - full step 30.946 ms
[INFO   ] DREAMPlace - optimizer step 18.587 ms
[INFO   ] DREAMPlace - iteration  119, ( 119,  0,  0), Obj 8.368668E+07, DensityWeight 1.595469E-02, wHPWL 8.772936E+07, Overflow 1.306915E-01, MaxDensity 2.590E+00, gamma 1.975874E+01, time 5.215ms
[INFO   ] DREAMPlace - full step 31.080 ms
[INFO   ] DREAMPlace - plotting to alignfiller_n1_results/adaptec1/plot/iter0120.png takes 1.258 seconds
[INFO   ] DREAMPlace - optimizer step 22.997 ms
[INFO   ] DREAMPlace - iteration  120, ( 120,  0,  0), Obj 8.371156E+07, DensityWeight 1.655259E-02, wHPWL 8.770955E+07, Overflow 1.284502E-01, MaxDensity 2.509E+00, gamma 1.953612E+01, time 5.161ms
[INFO   ] DREAMPlace - full step 1297.945 ms
[INFO   ] DREAMPlace - optimizer step 22.395 ms
[INFO   ] DREAMPlace - iteration  121, ( 121,  0,  0), Obj 8.373447E+07, DensityWeight 1.717117E-02, wHPWL 8.768816E+07, Overflow 1.261988E-01, MaxDensity 2.630E+00, gamma 1.931336E+01, time 5.129ms
[INFO   ] DREAMPlace - full step 34.846 ms
[INFO   ] DREAMPlace - optimizer step 22.746 ms
[INFO   ] DREAMPlace - iteration  122, ( 122,  0,  0), Obj 8.375762E+07, DensityWeight 1.781110E-02, wHPWL 8.766707E+07, Overflow 1.241396E-01, MaxDensity 2.403E+00, gamma 1.909215E+01, time 3.583ms
[INFO   ] DREAMPlace - full step 33.585 ms
[INFO   ] DREAMPlace - optimizer step 22.501 ms
[INFO   ] DREAMPlace - iteration  123, ( 123,  0,  0), Obj 8.378104E+07, DensityWeight 1.847302E-02, wHPWL 8.764574E+07, Overflow 1.221280E-01, MaxDensity 2.332E+00, gamma 1.889203E+01, time 5.085ms
[INFO   ] DREAMPlace - full step 34.864 ms
[INFO   ] DREAMPlace - optimizer step 22.472 ms
[INFO   ] DREAMPlace - iteration  124, ( 124,  0,  0), Obj 8.380187E+07, DensityWeight 1.915762E-02, wHPWL 8.762576E+07, Overflow 1.200299E-01, MaxDensity 2.336E+00, gamma 1.869857E+01, time 5.141ms
[INFO   ] DREAMPlace - full step 34.868 ms
[INFO   ] DREAMPlace - optimizer step 22.492 ms
[INFO   ] DREAMPlace - iteration  125, ( 125,  0,  0), Obj 8.382132E+07, DensityWeight 1.986562E-02, wHPWL 8.760530E+07, Overflow 1.181489E-01, MaxDensity 2.354E+00, gamma 1.849891E+01, time 5.123ms
[INFO   ] DREAMPlace - full step 34.888 ms
[INFO   ] DREAMPlace - optimizer step 22.580 ms
[INFO   ] DREAMPlace - iteration  126, ( 126,  0,  0), Obj 8.384218E+07, DensityWeight 2.059771E-02, wHPWL 8.758583E+07, Overflow 1.160125E-01, MaxDensity 2.352E+00, gamma 1.832171E+01, time 5.145ms
[INFO   ] DREAMPlace - full step 34.981 ms
[INFO   ] DREAMPlace - optimizer step 18.896 ms
[INFO   ] DREAMPlace - iteration  127, ( 127,  0,  0), Obj 8.385919E+07, DensityWeight 2.135465E-02, wHPWL 8.756578E+07, Overflow 1.141664E-01, MaxDensity 2.354E+00, gamma 1.812252E+01, time 5.238ms
[INFO   ] DREAMPlace - full step 31.414 ms
[INFO   ] DREAMPlace - optimizer step 22.532 ms
[INFO   ] DREAMPlace - iteration  128, ( 128,  0,  0), Obj 8.387998E+07, DensityWeight 2.213719E-02, wHPWL 8.754678E+07, Overflow 1.122591E-01, MaxDensity 2.272E+00, gamma 1.795213E+01, time 5.157ms
[INFO   ] DREAMPlace - full step 34.962 ms
[INFO   ] DREAMPlace - optimizer step 22.454 ms
[INFO   ] DREAMPlace - iteration  129, ( 129,  0,  0), Obj 8.389596E+07, DensityWeight 2.294611E-02, wHPWL 8.752686E+07, Overflow 1.103133E-01, MaxDensity 2.245E+00, gamma 1.777778E+01, time 5.154ms
[INFO   ] DREAMPlace - full step 34.909 ms
[INFO   ] DREAMPlace - optimizer step 22.440 ms
[INFO   ] DREAMPlace - iteration  130, ( 130,  0,  0), Obj 8.391308E+07, DensityWeight 2.378221E-02, wHPWL 8.750834E+07, Overflow 1.084009E-01, MaxDensity 2.256E+00, gamma 1.760166E+01, time 5.716ms
[INFO   ] DREAMPlace - full step 35.386 ms
[INFO   ] DREAMPlace - optimizer step 22.500 ms
[INFO   ] DREAMPlace - iteration  131, ( 131,  0,  0), Obj 8.393034E+07, DensityWeight 2.464632E-02, wHPWL 8.748974E+07, Overflow 1.066229E-01, MaxDensity 2.354E+00, gamma 1.743026E+01, time 5.143ms
[INFO   ] DREAMPlace - full step 34.919 ms
[INFO   ] DREAMPlace - optimizer step 21.527 ms
[INFO   ] DREAMPlace - iteration  132, ( 132,  0,  0), Obj 8.394692E+07, DensityWeight 2.553926E-02, wHPWL 8.747168E+07, Overflow 1.049016E-01, MaxDensity 2.256E+00, gamma 1.727241E+01, time 6.079ms
[INFO   ] DREAMPlace - full step 34.634 ms
[INFO   ] DREAMPlace - optimizer step 22.493 ms
[INFO   ] DREAMPlace - iteration  133, ( 133,  0,  0), Obj 8.396189E+07, DensityWeight 2.646191E-02, wHPWL 8.745367E+07, Overflow 1.031249E-01, MaxDensity 2.302E+00, gamma 1.712094E+01, time 5.127ms
[INFO   ] DREAMPlace - full step 34.888 ms
[INFO   ] DREAMPlace - optimizer step 22.431 ms
[INFO   ] DREAMPlace - iteration  134, ( 134,  0,  0), Obj 8.397628E+07, DensityWeight 2.741515E-02, wHPWL 8.743719E+07, Overflow 1.014613E-01, MaxDensity 2.331E+00, gamma 1.696599E+01, time 5.148ms
[INFO   ] DREAMPlace - full step 34.838 ms
[INFO   ] DREAMPlace - optimizer step 26.603 ms
[INFO   ] DREAMPlace - iteration  135, ( 135,  0,  0), Obj 8.399186E+07, DensityWeight 2.839989E-02, wHPWL 8.742083E+07, Overflow 9.977600E-02, MaxDensity 2.318E+00, gamma 1.682219E+01, time 5.307ms
[INFO   ] DREAMPlace - full step 39.219 ms
[INFO   ] DREAMPlace - optimizer step 22.257 ms
[INFO   ] DREAMPlace - iteration  136, ( 136,  0,  0), Obj 8.400562E+07, DensityWeight 2.941706E-02, wHPWL 8.740483E+07, Overflow 9.818883E-02, MaxDensity 2.191E+00, gamma 1.667775E+01, time 5.515ms
[INFO   ] DREAMPlace - full step 35.086 ms
[INFO   ] DREAMPlace - optimizer step 22.578 ms
[INFO   ] DREAMPlace - iteration  137, ( 137,  0,  0), Obj 8.401990E+07, DensityWeight 3.046761E-02, wHPWL 8.738843E+07, Overflow 9.665722E-02, MaxDensity 2.128E+00, gamma 1.654285E+01, time 5.141ms
[INFO   ] DREAMPlace - full step 35.046 ms
[INFO   ] DREAMPlace - optimizer step 22.573 ms
[INFO   ] DREAMPlace - iteration  138, ( 138,  0,  0), Obj 8.403269E+07, DensityWeight 3.155253E-02, wHPWL 8.737348E+07, Overflow 9.508843E-02, MaxDensity 2.181E+00, gamma 1.641371E+01, time 5.132ms
[INFO   ] DREAMPlace - full step 34.929 ms
[INFO   ] DREAMPlace - optimizer step 22.482 ms
[INFO   ] DREAMPlace - iteration  139, ( 139,  0,  0), Obj 8.404495E+07, DensityWeight 3.267281E-02, wHPWL 8.735818E+07, Overflow 9.359796E-02, MaxDensity 2.197E+00, gamma 1.628248E+01, time 5.118ms
[INFO   ] DREAMPlace - full step 34.904 ms
[INFO   ] DREAMPlace - optimizer step 20.287 ms
[INFO   ] DREAMPlace - iteration  140, ( 140,  0,  0), Obj 8.405831E+07, DensityWeight 3.382948E-02, wHPWL 8.734486E+07, Overflow 9.201763E-02, MaxDensity 2.159E+00, gamma 1.615877E+01, time 5.140ms
[INFO   ] DREAMPlace - full step 30.512 ms
[INFO   ] DREAMPlace - optimizer step 22.490 ms
[INFO   ] DREAMPlace - iteration  141, ( 141,  0,  0), Obj 8.407115E+07, DensityWeight 3.502360E-02, wHPWL 8.733155E+07, Overflow 9.041607E-02, MaxDensity 2.077E+00, gamma 1.602864E+01, time 5.137ms
[INFO   ] DREAMPlace - full step 34.920 ms
[INFO   ] DREAMPlace - optimizer step 22.458 ms
[INFO   ] DREAMPlace - iteration  142, ( 142,  0,  0), Obj 8.408550E+07, DensityWeight 3.625624E-02, wHPWL 8.731956E+07, Overflow 8.886476E-02, MaxDensity 1.985E+00, gamma 1.589782E+01, time 5.159ms
[INFO   ] DREAMPlace - full step 34.865 ms
[INFO   ] DREAMPlace - optimizer step 20.315 ms
[INFO   ] DREAMPlace - iteration  143, ( 143,  0,  0), Obj 8.410057E+07, DensityWeight 3.752851E-02, wHPWL 8.730706E+07, Overflow 8.744968E-02, MaxDensity 2.160E+00, gamma 1.577212E+01, time 5.138ms
[INFO   ] DREAMPlace - full step 32.685 ms
[INFO   ] DREAMPlace - optimizer step 22.506 ms
[INFO   ] DREAMPlace - iteration  144, ( 144,  0,  0), Obj 8.411528E+07, DensityWeight 3.884154E-02, wHPWL 8.729556E+07, Overflow 8.595112E-02, MaxDensity 2.048E+00, gamma 1.565833E+01, time 5.260ms
[INFO   ] DREAMPlace - full step 35.023 ms
[INFO   ] DREAMPlace - optimizer step 22.443 ms
[INFO   ] DREAMPlace - iteration  145, ( 145,  0,  0), Obj 8.412827E+07, DensityWeight 4.019649E-02, wHPWL 8.728398E+07, Overflow 8.467042E-02, MaxDensity 2.059E+00, gamma 1.553873E+01, time 5.131ms
[INFO   ] DREAMPlace - full step 34.885 ms
[INFO   ] DREAMPlace - optimizer step 29.090 ms
[INFO   ] DREAMPlace - iteration  146, ( 146,  0,  0), Obj 8.414264E+07, DensityWeight 4.159455E-02, wHPWL 8.727380E+07, Overflow 8.331481E-02, MaxDensity 2.015E+00, gamma 1.543723E+01, time 5.114ms
[INFO   ] DREAMPlace - full step 41.489 ms
[INFO   ] DREAMPlace - optimizer step 23.965 ms
[INFO   ] DREAMPlace - iteration  147, ( 147,  0,  0), Obj 8.415430E+07, DensityWeight 4.303693E-02, wHPWL 8.726353E+07, Overflow 8.187851E-02, MaxDensity 1.980E+00, gamma 1.533053E+01, time 6.118ms
[INFO   ] DREAMPlace - full step 37.298 ms
[INFO   ] DREAMPlace - optimizer step 20.041 ms
[INFO   ] DREAMPlace - iteration  148, ( 148,  0,  0), Obj 8.416729E+07, DensityWeight 4.452488E-02, wHPWL 8.725442E+07, Overflow 8.039523E-02, MaxDensity 1.949E+00, gamma 1.521827E+01, time 5.215ms
[INFO   ] DREAMPlace - full step 32.487 ms
[INFO   ] DREAMPlace - optimizer step 22.587 ms
[INFO   ] DREAMPlace - iteration  149, ( 149,  0,  0), Obj 8.418138E+07, DensityWeight 4.605966E-02, wHPWL 8.724509E+07, Overflow 7.892597E-02, MaxDensity 1.920E+00, gamma 1.510320E+01, time 5.112ms
[INFO   ] DREAMPlace - full step 34.958 ms
[INFO   ] DREAMPlace - optimizer step 22.396 ms
[INFO   ] DREAMPlace - iteration  150, ( 150,  0,  0), Obj 8.419648E+07, DensityWeight 4.764258E-02, wHPWL 8.723646E+07, Overflow 7.757446E-02, MaxDensity 1.889E+00, gamma 1.499008E+01, time 5.137ms
[INFO   ] DREAMPlace - full step 34.791 ms
[INFO   ] DREAMPlace - optimizer step 22.446 ms
[INFO   ] DREAMPlace - iteration  151, ( 151,  0,  0), Obj 8.421122E+07, DensityWeight 4.927498E-02, wHPWL 8.722744E+07, Overflow 7.639048E-02, MaxDensity 1.860E+00, gamma 1.488678E+01, time 2.978ms
[INFO   ] DREAMPlace - full step 32.564 ms
[INFO   ] DREAMPlace - optimizer step 22.496 ms
[INFO   ] DREAMPlace - iteration  152, ( 152,  0,  0), Obj 8.422429E+07, DensityWeight 5.095821E-02, wHPWL 8.721834E+07, Overflow 7.535374E-02, MaxDensity 1.971E+00, gamma 1.479686E+01, time 5.136ms
[INFO   ] DREAMPlace - full step 34.867 ms
[INFO   ] DREAMPlace - optimizer step 22.520 ms
[INFO   ] DREAMPlace - iteration  153, ( 153,  0,  0), Obj 8.423445E+07, DensityWeight 5.269366E-02, wHPWL 8.720853E+07, Overflow 7.428984E-02, MaxDensity 2.008E+00, gamma 1.471857E+01, time 5.112ms
[INFO   ] DREAMPlace - full step 34.407 ms
[INFO   ] DREAMPlace - optimizer step 22.501 ms
[INFO   ] DREAMPlace - iteration  154, ( 154,  0,  0), Obj 8.424247E+07, DensityWeight 5.448277E-02, wHPWL 8.719925E+07, Overflow 7.321428E-02, MaxDensity 1.938E+00, gamma 1.463867E+01, time 5.086ms
[INFO   ] DREAMPlace - full step 34.846 ms
[INFO   ] DREAMPlace - optimizer step 22.413 ms
[INFO   ] DREAMPlace - iteration  155, ( 155,  0,  0), Obj 8.425066E+07, DensityWeight 5.632700E-02, wHPWL 8.719046E+07, Overflow 7.220937E-02, MaxDensity 1.840E+00, gamma 1.455832E+01, time 5.185ms
[INFO   ] DREAMPlace - full step 34.842 ms
[INFO   ] DREAMPlace - optimizer step 19.800 ms
[INFO   ] DREAMPlace - iteration  156, ( 156,  0,  0), Obj 8.425953E+07, DensityWeight 5.822782E-02, wHPWL 8.718244E+07, Overflow 7.113727E-02, MaxDensity 1.835E+00, gamma 1.448366E+01, time 5.143ms
[INFO   ] DREAMPlace - full step 32.217 ms
[INFO   ] DREAMPlace - optimizer step 22.462 ms
[INFO   ] DREAMPlace - iteration  157, ( 157,  0,  0), Obj 8.426814E+07, DensityWeight 6.018677E-02, wHPWL 8.717516E+07, Overflow 6.995144E-02, MaxDensity 1.845E+00, gamma 1.440442E+01, time 5.117ms
[INFO   ] DREAMPlace - full step 34.868 ms
[INFO   ] DREAMPlace - optimizer step 22.338 ms
[INFO   ] DREAMPlace - iteration  158, ( 158,  0,  0), Obj 8.427802E+07, DensityWeight 6.220541E-02, wHPWL 8.716836E+07, Overflow 6.878825E-02, MaxDensity 1.942E+00, gamma 1.431728E+01, time 5.124ms
[INFO   ] DREAMPlace - full step 34.714 ms
[INFO   ] DREAMPlace - optimizer step 22.275 ms
[INFO   ] DREAMPlace - iteration  159, ( 159,  0,  0), Obj 8.428981E+07, DensityWeight 6.428532E-02, wHPWL 8.716201E+07, Overflow 6.770413E-02, MaxDensity 2.163E+00, gamma 1.423232E+01, time 5.302ms
[INFO   ] DREAMPlace - full step 34.824 ms
[INFO   ] DREAMPlace - plotting to alignfiller_n1_results/adaptec1/plot/iter0160.png takes 1.374 seconds
[INFO   ] DREAMPlace - optimizer step 41.286 ms
[INFO   ] DREAMPlace - iteration  160, ( 160,  0,  0), Obj 8.430256E+07, DensityWeight 6.642813E-02, wHPWL 8.715697E+07, Overflow 6.665903E-02, MaxDensity 1.799E+00, gamma 1.415359E+01, time 5.462ms
[INFO   ] DREAMPlace - full step 1431.948 ms
[INFO   ] DREAMPlace - optimizer step 29.402 ms
[INFO   ] DREAMPlace - iteration  161, ( 161,  0,  0), Obj 8.431522E+07, DensityWeight 6.863550E-02, wHPWL 8.715255E+07, Overflow 6.566095E-02, MaxDensity 1.803E+00, gamma 1.407810E+01, time 8.081ms
[INFO   ] DREAMPlace - full step 43.858 ms
[INFO   ] DREAMPlace - optimizer step 15.441 ms
[INFO   ] DREAMPlace - iteration  162, ( 162,  0,  0), Obj 8.432785E+07, DensityWeight 7.090914E-02, wHPWL 8.714858E+07, Overflow 6.470760E-02, MaxDensity 1.807E+00, gamma 1.400639E+01, time 10.100ms
[INFO   ] DREAMPlace - full step 32.837 ms
[INFO   ] DREAMPlace - optimizer step 34.482 ms
[INFO   ] DREAMPlace - iteration  163, ( 163,  0,  0), Obj 8.434042E+07, DensityWeight 7.325076E-02, wHPWL 8.714550E+07, Overflow 6.371376E-02, MaxDensity 1.746E+00, gamma 1.393823E+01, time 10.545ms
[INFO   ] DREAMPlace - full step 47.222 ms
[INFO   ] DREAMPlace - optimizer step 40.390 ms
[INFO   ] DREAMPlace - iteration  164, ( 164,  0,  0), Obj 8.435263E+07, DensityWeight 7.566214E-02, wHPWL 8.714293E+07, Overflow 6.259549E-02, MaxDensity 1.689E+00, gamma 1.386753E+01, time 9.398ms
[INFO   ] DREAMPlace - full step 57.060 ms
[INFO   ] DREAMPlace - optimizer step 22.501 ms
[INFO   ] DREAMPlace - iteration  165, ( 165,  0,  0), Obj 8.436550E+07, DensityWeight 7.814509E-02, wHPWL 8.714075E+07, Overflow 6.156851E-02, MaxDensity 1.698E+00, gamma 1.378841E+01, time 5.135ms
[INFO   ] DREAMPlace - full step 34.046 ms
[INFO   ] DREAMPlace - optimizer step 21.679 ms
[INFO   ] DREAMPlace - iteration  166, ( 166,  0,  0), Obj 8.437911E+07, DensityWeight 8.070146E-02, wHPWL 8.713790E+07, Overflow 6.078167E-02, MaxDensity 1.704E+00, gamma 1.371614E+01, time 5.179ms
[INFO   ] DREAMPlace - full step 31.940 ms
[INFO   ] DREAMPlace - optimizer step 16.097 ms
[INFO   ] DREAMPlace - iteration  167, ( 167,  0,  0), Obj 8.439126E+07, DensityWeight 8.333310E-02, wHPWL 8.713472E+07, Overflow 5.998905E-02, MaxDensity 1.714E+00, gamma 1.366102E+01, time 5.133ms
[INFO   ] DREAMPlace - full step 28.475 ms
[INFO   ] DREAMPlace - optimizer step 22.473 ms
[INFO   ] DREAMPlace - iteration  168, ( 168,  0,  0), Obj 8.440000E+07, DensityWeight 8.604197E-02, wHPWL 8.713110E+07, Overflow 5.921676E-02, MaxDensity 1.718E+00, gamma 1.360573E+01, time 5.155ms
[INFO   ] DREAMPlace - full step 34.076 ms
[INFO   ] DREAMPlace - optimizer step 21.780 ms
[INFO   ] DREAMPlace - iteration  169, ( 169,  0,  0), Obj 8.440828E+07, DensityWeight 8.883001E-02, wHPWL 8.712728E+07, Overflow 5.840113E-02, MaxDensity 1.790E+00, gamma 1.355207E+01, time 5.168ms
[INFO   ] DREAMPlace - full step 32.042 ms
[INFO   ] DREAMPlace - optimizer step 16.153 ms
[INFO   ] DREAMPlace - iteration  170, ( 170,  0,  0), Obj 8.441564E+07, DensityWeight 9.169922E-02, wHPWL 8.712297E+07, Overflow 5.749133E-02, MaxDensity 1.676E+00, gamma 1.349563E+01, time 5.138ms
[INFO   ] DREAMPlace - full step 28.507 ms
[INFO   ] DREAMPlace - optimizer step 22.440 ms
[INFO   ] DREAMPlace - iteration  171, ( 171,  0,  0), Obj 8.442369E+07, DensityWeight 9.465164E-02, wHPWL 8.711893E+07, Overflow 5.649759E-02, MaxDensity 1.669E+00, gamma 1.343295E+01, time 5.171ms
[INFO   ] DREAMPlace - full step 34.341 ms
[INFO   ] DREAMPlace - optimizer step 21.755 ms
[INFO   ] DREAMPlace - iteration  172, ( 172,  0,  0), Obj 8.443295E+07, DensityWeight 9.768935E-02, wHPWL 8.711477E+07, Overflow 5.564862E-02, MaxDensity 1.681E+00, gamma 1.336482E+01, time 5.179ms
[INFO   ] DREAMPlace - full step 32.004 ms
[INFO   ] DREAMPlace - optimizer step 16.101 ms
[INFO   ] DREAMPlace - iteration  173, ( 173,  0,  0), Obj 8.444350E+07, DensityWeight 1.008145E-01, wHPWL 8.711082E+07, Overflow 5.498702E-02, MaxDensity 1.656E+00, gamma 1.330689E+01, time 5.125ms
[INFO   ] DREAMPlace - full step 28.389 ms
[INFO   ] DREAMPlace - optimizer step 22.495 ms
[INFO   ] DREAMPlace - iteration  174, ( 174,  0,  0), Obj 8.445202E+07, DensityWeight 1.040291E-01, wHPWL 8.710646E+07, Overflow 5.424968E-02, MaxDensity 1.661E+00, gamma 1.326192E+01, time 5.130ms
[INFO   ] DREAMPlace - full step 34.132 ms
[INFO   ] DREAMPlace - optimizer step 21.795 ms
[INFO   ] DREAMPlace - iteration  175, ( 175,  0,  0), Obj 8.445866E+07, DensityWeight 1.073356E-01, wHPWL 8.710262E+07, Overflow 5.352958E-02, MaxDensity 1.664E+00, gamma 1.321198E+01, time 5.173ms
[INFO   ] DREAMPlace - full step 32.017 ms
[INFO   ] DREAMPlace - optimizer step 16.124 ms
[INFO   ] DREAMPlace - iteration  176, ( 176,  0,  0), Obj 8.446614E+07, DensityWeight 1.107361E-01, wHPWL 8.709905E+07, Overflow 5.278509E-02, MaxDensity 1.657E+00, gamma 1.316339E+01, time 5.139ms
[INFO   ] DREAMPlace - full step 28.502 ms
[INFO   ] DREAMPlace - optimizer step 23.088 ms
[INFO   ] DREAMPlace - iteration  177, ( 177,  0,  0), Obj 8.447374E+07, DensityWeight 1.142329E-01, wHPWL 8.709615E+07, Overflow 5.201035E-02, MaxDensity 1.642E+00, gamma 1.311333E+01, time 0.666ms
[INFO   ] DREAMPlace - full step 30.231 ms
[INFO   ] DREAMPlace - optimizer step 55.588 ms
[INFO   ] DREAMPlace - iteration  178, ( 178,  0,  0), Obj 8.448226E+07, DensityWeight 1.178283E-01, wHPWL 8.709381E+07, Overflow 5.124241E-02, MaxDensity 1.625E+00, gamma 1.306145E+01, time 5.067ms
[INFO   ] DREAMPlace - full step 67.868 ms
[INFO   ] DREAMPlace - optimizer step 18.039 ms
[INFO   ] DREAMPlace - iteration  179, ( 179,  0,  0), Obj 8.449190E+07, DensityWeight 1.215247E-01, wHPWL 8.709211E+07, Overflow 5.053477E-02, MaxDensity 1.610E+00, gamma 1.301023E+01, time 5.159ms
[INFO   ] DREAMPlace - full step 30.401 ms
[INFO   ] DREAMPlace - optimizer step 44.949 ms
[INFO   ] DREAMPlace - iteration  180, ( 180,  0,  0), Obj 8.450192E+07, DensityWeight 1.253245E-01, wHPWL 8.709096E+07, Overflow 4.988265E-02, MaxDensity 1.630E+00, gamma 1.296321E+01, time 0.726ms
[INFO   ] DREAMPlace - full step 50.757 ms
[INFO   ] DREAMPlace - optimizer step 3.711 ms
[INFO   ] DREAMPlace - iteration  181, ( 181,  0,  0), Obj 8.451197E+07, DensityWeight 1.292303E-01, wHPWL 8.709066E+07, Overflow 4.920498E-02, MaxDensity 1.687E+00, gamma 1.292002E+01, time 0.786ms
[INFO   ] DREAMPlace - full step 5.063 ms
[INFO   ] DREAMPlace - optimizer step 2.505 ms
[INFO   ] DREAMPlace - iteration  182, ( 182,  0,  0), Obj 8.452234E+07, DensityWeight 1.332444E-01, wHPWL 8.709145E+07, Overflow 4.856363E-02, MaxDensity 1.660E+00, gamma 1.287530E+01, time 0.742ms
[INFO   ] DREAMPlace - full step 3.749 ms
[INFO   ] DREAMPlace - optimizer nesterov takes 15.458 seconds
[INFO   ] DREAMPlace - plotting to alignfiller_n1_results/adaptec1/plot/iter0183.png takes 2.455 seconds
[INFO   ] DREAMPlace - Start legalization
[WARNING] DEF input file not specified, cannot output DEF file; set to DEFSIMPLE
[INFO   ] lef_input = 
[INFO   ] def_input = 
[INFO   ] verilog_input = 
[INFO   ] bookshelf_aux_input = benchmarks/ispd2005/adaptec1/adaptec1.aux
[INFO   ] bookshelf_pl_input = 
[INFO   ] def_size_input = 
[INFO   ] def_output = -out.def
[INFO   ] rpt_output = 
[INFO   ] target_util = 0
[INFO   ] max_displace = 0
[INFO   ] bin size = (10, 10) #rows
[INFO   ] sbin size = (5, 5) #rows
[INFO   ] bin_space_threshold = 0.2
[INFO   ] abu = 2,10 5,5 10,2 20,1 
[INFO   ] def_ignore_cells = 
[INFO   ] macro_obs_aware_layers = 
[INFO   ] enable_place = true
[INFO   ] enable_legalize = true
[INFO   ] evaluate_overlap = false
[INFO   ] move_multi_row_cell = true
[INFO   ] align_power_line = true
[INFO   ] cluster_cell = false
[INFO   ] sort_nets_by_degree = false
[INFO   ] file_format = BOOKSHELF
[INFO   ] max_iters = 6
[WARNING] no DEF file specified
[WARNING] no Verilog file specified
[INFO   ] reading benchmarks/ispd2005/adaptec1/adaptec1.aux
[WARNING] no additional Bookshelf .pl file specified
[WARNING] 20285 nets with 24352 pins from same nodes
[WARNING] 4210 nets should be ignored due to not enough pins
[INFO   ] sort nodes in the order of movable and fixed
[INFO   ] Group cells for fence regions
[INFO   ] Construct 0 groups
[INFO   ] Fence region groups done
[DEBUG  ] num_terminals 543, numFixed 543, numPlaceBlockages 0, num_terminal_NIs 0
[INFO   ] -- Converting Node Orientation --
[INFO   ] ---------------------------------
[INFO   ] -------- Area Statistics --------
[INFO   ] fixed area overlap = 4.91641e+07
[INFO   ] fixed area total = 6.4094e+07
[INFO   ] space area = 6.50265e+07
[INFO   ] ---------------------------------
[DEBUG  ] deterministic mode: integer 32 bits, fraction 32 bits, scale factor 4294967296
[DEBUG  ] deterministic mode: integer 32 bits, fraction 32 bits, scale factor 4294967296
[INFO   ] writing placement to alignfiller_n1_results/adaptec1/plot/iter0000.png
[INFO   ] writing placement to alignfiller_n1_results/adaptec1/plot/iter0040.png
[INFO   ] writing placement to alignfiller_n1_results/adaptec1/plot/iter0080.png
[INFO   ] writing placement to alignfiller_n1_results/adaptec1/plot/iter0120.png
[INFO   ] writing placement to alignfiller_n1_results/adaptec1/plot/iter0160.png
[INFO   ] writing placement to alignfiller_n1_results/adaptec1/plot/iter0183.png
[INFO   ] Macro legalization: regard 0 cells as dummy fixed (movable macros)
[INFO   ] Macro legalization takes 0.784259 ms
[DEBUG  ] Standard cell legalization blank_num_bins_y = 890
[DEBUG  ] Standard cell legalization iteration 0 with 1x1 bins
[DEBUG  ] Standard cell legalization #bin_blanks
[DEBUG  ] #bin_objs = 10792
[INFO   ] Standard cell legalization legalizeBin takes 218.444 ms
[DEBUG  ] Standard cell legalization num_unplaced_cells = 0
[DEBUG  ] Standard cell legalization blank_num_bins_y = 890
[DEBUG  ] Standard cell legalization iteration 0 with 1x1 bins
[DEBUG  ] Standard cell legalization #bin_blanks
[DEBUG  ] #bin_objs = 10792
[INFO   ] Standard cell legalization legalizeBin takes 216.208 ms
[DEBUG  ] Standard cell legalization num_unplaced_cells = 0
[INFO   ] Greedy legalization takes 602.697 ms
[INFO   ] Legality check takes 18.5135 ms
[DEBUG  ] average displace = 9.8898
[INFO   ] Abacus legalization takes 30.4708 ms
[INFO   ] DREAMPlace - legalization takes 0.702 seconds
[INFO   ] DREAMPlace - iteration  183, wHPWL 9.031605E+07, time 0.521ms
[INFO   ] DREAMPlace - plotting to alignfiller_n1_results/adaptec1/plot/iter0184.png takes 2.416 seconds
[INFO   ] DREAMPlace - Start ABCDPlace for refinement
[INFO   ] Legality check takes 39.2115 ms
[INFO   ] writing placement to alignfiller_n1_results/adaptec1/plot/iter0184.png
[INFO   ] DREAMPlace - ABCDPlace input legal flag = 1
[INFO   ] Legality check takes 18.2396 ms
[DEBUG  ] 4-reorder
[DEBUG  ] 24 permutations
[DEBUG  ] initializing CPU DB takes 20.2304 ms
[DEBUG  ] computing independent rows takes 74.2792 ms
[DEBUG  ] computing reorder instances takes 1.04601 ms
[DEBUG  ] initializing CUDA state takes 5.65895 ms
[INFO   ] initial hpwl = 90400440.000
[DEBUG  ] enumeration takes 1103.54 ms for 266 runs, average 4.14866 ms
[DEBUG  ] apply_reorder takes 884.713 ms for 266 runs, average 3.32599 ms
[INFO   ] Iteration time(ms) 	 1988.3
[INFO   ] iteration 0: hpwl 90400440.000 => 90166616.000 (imp. 0.258654%)
[DEBUG  ] enumeration takes 888.303 ms for 266 runs, average 3.33948 ms
[DEBUG  ] apply_reorder takes 625.993 ms for 266 runs, average 2.35336 ms
[INFO   ] Iteration time(ms) 	 1514.36
[INFO   ] iteration 1: hpwl 90400440.000 => 90120024.000 (imp. 0.310193%)
[DEBUG  ] destroying CUDA state takes 1.06428 ms
[DEBUG  ] destroying CPU state takes 0.010569 ms
[INFO   ] Kernel time: 3512.73 ms
[INFO   ] K-reorder time: 3615.13 ms
[INFO   ] DREAMPlace - K-Reorder legal flag = 1
[INFO   ] Legality check takes 47.9286 ms
[INFO   ] diamond search grid size 64, sequence length 2048
[INFO   ] initializing GPU memory takes 14.4216 ms
[INFO   ] initial hpwl 9.012e+07
[DEBUG  ] allocate 1719807 bytes in shuffler for length 210904*(4+4)
[DEBUG  ] from 55652 nodes, collect 434 sets, avg 110 nodes, min/max 21/128 nodes
[INFO   ] iteration 0, target hpwl 9.00639e+07, delta -56136(-0.0622903%), 434 independent sets, moved 3.61349% cells, runtime 119.231 ms
[DEBUG  ] from 55705 nodes, collect 435 sets, avg 108 nodes, min/max 18/128 nodes
[DEBUG  ] from 55716 nodes, collect 435 sets, avg 107 nodes, min/max 24/128 nodes
[DEBUG  ] from 55774 nodes, collect 435 sets, avg 107 nodes, min/max 8/128 nodes
[DEBUG  ] from 55667 nodes, collect 434 sets, avg 107 nodes, min/max 14/128 nodes
[DEBUG  ] from 55723 nodes, collect 435 sets, avg 106 nodes, min/max 20/128 nodes
[INFO   ] iteration 5, target hpwl 8.98731e+07, delta -246936(-0.274008%), 435 independent sets, moved 16.7991% cells, runtime 95.6264 ms
[DEBUG  ] from 55630 nodes, collect 434 sets, avg 106 nodes, min/max 13/128 nodes
[DEBUG  ] from 55602 nodes, collect 434 sets, avg 108 nodes, min/max 19/128 nodes
[DEBUG  ] from 55643 nodes, collect 434 sets, avg 108 nodes, min/max 32/128 nodes
[DEBUG  ] from 55584 nodes, collect 434 sets, avg 106 nodes, min/max 21/128 nodes
[DEBUG  ] from 55596 nodes, collect 434 sets, avg 106 nodes, min/max 11/128 nodes
[INFO   ] iteration 10, target hpwl 8.97962e+07, delta -323792(-0.35929%), 434 independent sets, moved 27.6533% cells, runtime 160.779 ms
[DEBUG  ] from 55703 nodes, collect 435 sets, avg 107 nodes, min/max 18/128 nodes
[DEBUG  ] from 55687 nodes, collect 435 sets, avg 106 nodes, min/max 15/128 nodes
[DEBUG  ] from 55535 nodes, collect 433 sets, avg 107 nodes, min/max 25/128 nodes
[DEBUG  ] from 55767 nodes, collect 435 sets, avg 108 nodes, min/max 10/128 nodes
[DEBUG  ] from 55686 nodes, collect 435 sets, avg 107 nodes, min/max 14/128 nodes
[INFO   ] iteration 15, target hpwl 8.97319e+07, delta -388168(-0.430723%), 435 independent sets, moved 37.9832% cells, runtime 87.6231 ms
[DEBUG  ] from 55641 nodes, collect 434 sets, avg 107 nodes, min/max 8/128 nodes
[DEBUG  ] from 55625 nodes, collect 434 sets, avg 109 nodes, min/max 29/128 nodes
[DEBUG  ] from 55510 nodes, collect 433 sets, avg 106 nodes, min/max 4/128 nodes
[DEBUG  ] from 55642 nodes, collect 434 sets, avg 105 nodes, min/max 9/128 nodes
[DEBUG  ] from 55649 nodes, collect 434 sets, avg 108 nodes, min/max 18/128 nodes
[INFO   ] iteration 20, target hpwl 8.96814e+07, delta -438616(-0.486702%), 434 independent sets, moved 47.9265% cells, runtime 92.1465 ms
[DEBUG  ] from 55566 nodes, collect 434 sets, avg 107 nodes, min/max 12/128 nodes
[DEBUG  ] from 55644 nodes, collect 434 sets, avg 108 nodes, min/max 11/128 nodes
[DEBUG  ] from 55609 nodes, collect 434 sets, avg 106 nodes, min/max 23/128 nodes
[DEBUG  ] from 55713 nodes, collect 435 sets, avg 105 nodes, min/max 11/128 nodes
[DEBUG  ] from 55583 nodes, collect 434 sets, avg 105 nodes, min/max 16/128 nodes
[INFO   ] iteration 25, target hpwl 8.96458e+07, delta -474184(-0.526169%), 434 independent sets, moved 57.1488% cells, runtime 70.1571 ms
[DEBUG  ] from 55521 nodes, collect 433 sets, avg 106 nodes, min/max 8/128 nodes
[DEBUG  ] from 55494 nodes, collect 433 sets, avg 108 nodes, min/max 20/128 nodes
[DEBUG  ] from 55897 nodes, collect 436 sets, avg 105 nodes, min/max 14/128 nodes
[DEBUG  ] from 55572 nodes, collect 434 sets, avg 106 nodes, min/max 7/128 nodes
[DEBUG  ] from 55619 nodes, collect 434 sets, avg 106 nodes, min/max 12/128 nodes
[INFO   ] iteration 30, target hpwl 8.96233e+07, delta -496688(-0.551141%), 434 independent sets, moved 66.0201% cells, runtime 76.5572 ms
[DEBUG  ] from 55472 nodes, collect 433 sets, avg 107 nodes, min/max 23/128 nodes
[DEBUG  ] from 55859 nodes, collect 436 sets, avg 107 nodes, min/max 28/128 nodes
[DEBUG  ] from 55653 nodes, collect 434 sets, avg 106 nodes, min/max 6/128 nodes
[DEBUG  ] from 55730 nodes, collect 435 sets, avg 109 nodes, min/max 10/128 nodes
[DEBUG  ] from 55688 nodes, collect 435 sets, avg 105 nodes, min/max 21/128 nodes
[INFO   ] iteration 35, target hpwl 8.96048e+07, delta -515256(-0.571744%), 435 independent sets, moved 74.706% cells, runtime 57.0172 ms
[DEBUG  ] from 55781 nodes, collect 435 sets, avg 108 nodes, min/max 18/128 nodes
[DEBUG  ] from 55688 nodes, collect 435 sets, avg 107 nodes, min/max 25/128 nodes
[DEBUG  ] from 55762 nodes, collect 435 sets, avg 106 nodes, min/max 1/128 nodes
[DEBUG  ] from 55485 nodes, collect 433 sets, avg 109 nodes, min/max 16/128 nodes
[DEBUG  ] from 55602 nodes, collect 434 sets, avg 109 nodes, min/max 32/128 nodes
[INFO   ] iteration 40, target hpwl 8.95884e+07, delta -531672(-0.58996%), 434 independent sets, moved 83.3967% cells, runtime 128.08 ms
[DEBUG  ] from 55713 nodes, collect 435 sets, avg 109 nodes, min/max 26/128 nodes
[DEBUG  ] from 55611 nodes, collect 434 sets, avg 106 nodes, min/max 13/128 nodes
[DEBUG  ] from 55601 nodes, collect 434 sets, avg 108 nodes, min/max 14/128 nodes
[DEBUG  ] from 55679 nodes, collect 434 sets, avg 108 nodes, min/max 0/128 nodes
[DEBUG  ] from 55647 nodes, collect 434 sets, avg 108 nodes, min/max 24/128 nodes
[INFO   ] iteration 45, target hpwl 8.9578e+07, delta -542056(-0.601482%), 434 independent sets, moved 91.9812% cells, runtime 68.269 ms
[DEBUG  ] from 55435 nodes, collect 433 sets, avg 106 nodes, min/max 5/128 nodes
[DEBUG  ] from 55552 nodes, collect 434 sets, avg 106 nodes, min/max 11/128 nodes
[DEBUG  ] from 55712 nodes, collect 435 sets, avg 107 nodes, min/max 3/128 nodes
[DEBUG  ] from 55638 nodes, collect 434 sets, avg 107 nodes, min/max 22/128 nodes
[INFO   ] iteration 49, target hpwl 8.95608e+07, delta -559176(-0.620479%), 434 independent sets, moved 98.3922% cells, runtime 86.9648 ms
[DEBUG  ] random_shuffle takes 252.979 ms, 50 runs, average 5.05959 ms
[DEBUG  ] maximal_independent_set takes 1410.91 ms, 50 runs, average 28.2182 ms
[DEBUG  ] collect_independent_sets takes 264.799 ms, 50 runs, average 5.29598 ms
[DEBUG  ] cost_matrix_construction takes 222.363 ms, 50 runs, average 4.44727 ms
[DEBUG  ] independent_sets_solving takes 1944.29 ms, 50 runs, average 38.8858 ms
[DEBUG  ] apply_solution takes 197.078 ms, 50 runs, average 3.94155 ms
[INFO   ] destroying GPU memory takes 76.6647 ms
[INFO   ] Kernel time 4410.45 ms
[INFO   ] Independent set matching time 4522.65 ms
[INFO   ] DREAMPlace - Independent set matching legal flag = 1
[INFO   ] Legality check takes 19.7004 ms
[DEBUG  ] bins 256x256, bin sizes 41.7656x41.7188, die size 0, 0, 10692, 10680
[DEBUG  ] batch_size = 256, max_num_nodes_per_bin = 24, max_num_candidates = 120, max_num_candidates_all = 30720
[DEBUG  ] estimate_memory_usage = 370742960, use fast pair HPWL computation strategy requires additional memory
[INFO   ] initial hpwl = 89560848.000
[DEBUG  ] compute_search_bins takes 2.56864 ms
[INFO   ] Iteration time(ms) 	 216.823
[INFO   ] iteration 0: hpwl 89560848.000 => 89519568.000 (imp. 0.0460916%)
[DEBUG  ] compute_search_bins takes 2.41667 ms
[INFO   ] Iteration time(ms) 	 312.392
[INFO   ] iteration 1: hpwl 89560848.000 => 89346816.000 (imp. 0.238979%)
[INFO   ] Kernel time: 537.383 ms
[INFO   ] Global swap time: 699.672 ms
[INFO   ] DREAMPlace - Global swap legal flag = 1
[INFO   ] Legality check takes 18.6103 ms
[DEBUG  ] 4-reorder
[DEBUG  ] 24 permutations
[DEBUG  ] initializing CPU DB takes 21.0004 ms
[DEBUG  ] computing independent rows takes 81.4429 ms
[DEBUG  ] computing reorder instances takes 0.918219 ms
[DEBUG  ] initializing CUDA state takes 5.16688 ms
[INFO   ] initial hpwl = 89346816.000
[DEBUG  ] enumeration takes 1120.21 ms for 268 runs, average 4.17987 ms
[DEBUG  ] apply_reorder takes 864.147 ms for 268 runs, average 3.22443 ms
[INFO   ] Iteration time(ms) 	 1984.4
[INFO   ] iteration 0: hpwl 89346816.000 => 89287632.000 (imp. 0.0662407%)
[DEBUG  ] enumeration takes 955.222 ms for 268 runs, average 3.56426 ms
[DEBUG  ] apply_reorder takes 648.596 ms for 268 runs, average 2.42013 ms
[INFO   ] Iteration time(ms) 	 1603.87
[INFO   ] iteration 1: hpwl 89346816.000 => 89277192.000 (imp. 0.0779256%)
[DEBUG  ] destroying CUDA state takes 1.24729 ms
[DEBUG  ] destroying CPU state takes 0.019868 ms
[INFO   ] Kernel time: 3595.91 ms
[INFO   ] K-reorder time: 3705.79 ms
[INFO   ] DREAMPlace - K-Reorder legal flag = 1
[INFO   ] DREAMPlace - detailed placement takes 12.723 seconds
[INFO   ] DREAMPlace - iteration  184, wHPWL 8.919280E+07, time 0.609ms
[INFO   ] DREAMPlace - plotting to alignfiller_n1_results/adaptec1/plot/iter0185.png takes 2.368 seconds
[INFO   ] DREAMPlace - non-linear placement takes 48.25 seconds
[INFO   ] DREAMPlace - writing to alignfiller_n1_results/adaptec1/adaptec1.gp.pl
[INFO   ] DREAMPlace - write SolutionFileFormat.BOOKSHELF takes 0.190 seconds
[INFO   ] DREAMPlace - placement takes 54.121 seconds
[INFO   ] Legality check takes 18.4244 ms
[INFO   ] writing placement to alignfiller_n1_results/adaptec1/plot/iter0185.png
[INFO   ] writing placement to alignfiller_n1_results/adaptec1/adaptec1.gp.pl
